Archive member included       because of file (symbol)

/usr/local/openravenscar/lib/gcc-lib/sparc-ork-elf/2.8.1/adalib/libgnarl.a(a-reatim.o)
                              ./devices.o (ada__real_time__clock)
/usr/local/openravenscar/lib/gcc-lib/sparc-ork-elf/2.8.1/adalib/libgnarl.a(a-retide.o)
                              ./add.o (ada__real_time__delays__delay_until)
/usr/local/openravenscar/lib/gcc-lib/sparc-ork-elf/2.8.1/adalib/libgnarl.a(s-taprob.o)
                              ./devices.o (system__tasking__protected_objects__initialize_protection)
/usr/local/openravenscar/lib/gcc-lib/sparc-ork-elf/2.8.1/adalib/libgnarl.a(s-taprop.o)
                              /usr/local/openravenscar/lib/gcc-lib/sparc-ork-elf/2.8.1/adalib/libgnarl.a(a-retide.o) (system__task_primitives__operations__self)
/usr/local/openravenscar/lib/gcc-lib/sparc-ork-elf/2.8.1/adalib/libgnarl.a(s-tarest.o)
                              ./add.o (system__tasking__restricted__stages__create_restricted_task)
/usr/local/openravenscar/lib/gcc-lib/sparc-ork-elf/2.8.1/adalib/libgnarl.a(s-tasdeb.o)
                              b~main.o (system__tasking__debug___elabs)
/usr/local/openravenscar/lib/gcc-lib/sparc-ork-elf/2.8.1/adalib/libgnarl.a(s-taskin.o)
                              /usr/local/openravenscar/lib/gcc-lib/sparc-ork-elf/2.8.1/adalib/libgnarl.a(s-tasdeb.o) (system__tasking__task_statesT)
/usr/local/openravenscar/lib/gcc-lib/sparc-ork-elf/2.8.1/adalib/libgnarl.a(s-taspri.o)
                              /usr/local/openravenscar/lib/gcc-lib/sparc-ork-elf/2.8.1/adalib/libgnarl.a(s-taskin.o) (system__task_primitives___init_proc)
/usr/local/openravenscar/lib/gcc-lib/sparc-ork-elf/2.8.1/adalib/libgnarl.a(kernel-interrupts.o)
                              b~main.o (kernel__interrupts___elabb)
/usr/local/openravenscar/lib/gcc-lib/sparc-ork-elf/2.8.1/adalib/libgnarl.a(kernel-threads.o)
                              b~main.o (kernel__threads___elabs)
/usr/local/openravenscar/lib/gcc-lib/sparc-ork-elf/2.8.1/adalib/libgnarl.a(kernel-threads-atcb.o)
                              /usr/local/openravenscar/lib/gcc-lib/sparc-ork-elf/2.8.1/adalib/libgnarl.a(s-taprop.o) (kernel__threads__atcb__set_atcb)
/usr/local/openravenscar/lib/gcc-lib/sparc-ork-elf/2.8.1/adalib/libgnarl.a(kernel-threads-queues.o)
                              /usr/local/openravenscar/lib/gcc-lib/sparc-ork-elf/2.8.1/adalib/libgnarl.a(s-taprop.o) (running_thread)
/usr/local/openravenscar/lib/gcc-lib/sparc-ork-elf/2.8.1/adalib/libgnarl.a(kernel-threads-protection.o)
                              /usr/local/openravenscar/lib/gcc-lib/sparc-ork-elf/2.8.1/adalib/libgnarl.a(kernel-threads.o) (kernel__threads__protection__dispatch)
/usr/local/openravenscar/lib/gcc-lib/sparc-ork-elf/2.8.1/adalib/libgnarl.a(kernel-time.o)
                              /usr/local/openravenscar/lib/gcc-lib/sparc-ork-elf/2.8.1/adalib/libgnarl.a(s-taprop.o) (kernel_clock)
/usr/local/openravenscar/lib/gcc-lib/sparc-ork-elf/2.8.1/adalib/libgnarl.a(kernel-memory.o)
                              /usr/local/openravenscar/sparc-ork-elf/lib/ada_crt0.o (environment_stack)
/usr/local/openravenscar/lib/gcc-lib/sparc-ork-elf/2.8.1/adalib/libgnarl.a(kernel-cpu_primitives.o)
                              /usr/local/openravenscar/lib/gcc-lib/sparc-ork-elf/2.8.1/adalib/libgnarl.a(kernel-threads-protection.o) (kernel__cpu_primitives__context_switch)
/usr/local/openravenscar/lib/gcc-lib/sparc-ork-elf/2.8.1/adalib/libgnarl.a(kernel-peripherals-registers.o)
                              b~main.o (kernel__peripherals__registers___elabs)
/usr/local/openravenscar/lib/gcc-lib/sparc-ork-elf/2.8.1/adalib/libgnarl.a(kernel-peripherals.o)
                              /usr/local/openravenscar/lib/gcc-lib/sparc-ork-elf/2.8.1/adalib/libgnarl.a(kernel-interrupts.o) (kernel__peripherals__to_vector)
/usr/local/openravenscar/lib/gcc-lib/sparc-ork-elf/2.8.1/adalib/libgnarl.a(kernel-serial_output.o)
                              ./devices.o (kernel__serial_output__put__2)
/usr/local/openravenscar/lib/gcc-lib/sparc-ork-elf/2.8.1/adalib/libgnarl.a(context.o)
                              /usr/local/openravenscar/sparc-ork-elf/lib/ada_crt0.o (context_trap)
/usr/local/openravenscar/lib/gcc-lib/sparc-ork-elf/2.8.1/adalib/libgnarl.a(install_handler.o)
                              /usr/local/openravenscar/sparc-ork-elf/lib/ada_crt0.o (FP_Save_Pending)
/usr/local/openravenscar/lib/gcc-lib/sparc-ork-elf/2.8.1/adalib/libgnarl.a(int_level.o)
                              /usr/local/openravenscar/lib/gcc-lib/sparc-ork-elf/2.8.1/adalib/libgnarl.a(kernel-threads-protection.o) (disable_interrupts)
/usr/local/openravenscar/lib/gcc-lib/sparc-ork-elf/2.8.1/adalib/libgnat.a(a-except.o)
                              b~main.o (ada__exceptions___elabs)
/usr/local/openravenscar/lib/gcc-lib/sparc-ork-elf/2.8.1/adalib/libgnat.a(a-filico.o)
                              b~main.o (ada__finalization__list_controller___elabs)
[...]
Memory Configuration

Name             Origin             Length             Attributes
rom              0x00000000         0x00200000         xr
ram              0x02000000         0x003f8000         xrw
*default*        0x00000000         0xffffffff

Linker script and memory map

                0x00200000                PROM_SIZE=0x200000
                0x00400000                RAM_SIZE=0x400000
                0x00000000                PROM_START=0x0
                0x00200000                PROM_END=(PROM_START+PROM_SIZE)
                0x02000000                RAM_START=0x2000000
                0x02400000                RAM_END=(RAM_START+RAM_SIZE)

.text           0x02000000    0x34020
 CREATE_OBJECT_SYMBOLS
                0x02000000                text_start=.
 *(.text)
 .text          0x02000000     0x1384 /usr/local/openravenscar/sparc-ork-elf/lib/ada_crt0.o
                0x020011bc                __exit
                0x02000000                trap_table
                0x02000000                start
                0x020011bc                _exit
 .text          0x02001384      0x24c b~main.o
                0x020015b8                ada_main___elabb
                0x02001384                adainit
                0x02001538                main
                0x0200151c                adafinal
 .text          0x020015d0       0x1c ./main.o
                0x020015d0                _ada_main
 .text          0x020015ec     0x50d8 ./devices.o
                0x02004c48                devices___init_proc__6
                0x020058f8                devices__display_distance
                0x02005ba0                devices__display_electrodes_sample
                0x02001788                devices__reading_sensors
                0x02003528                devices__reading_speed
                0x02005ab4                devices__display_headposition_sample
                0x02005a20                devices__display_steering
                0x02004094                devices___init_proc__5
                0x02001728                devices___init_proc
                0x020028fc                devices___init_proc__3
                0x02006318                devices(bool,...)(...)( *)
                0x02001d98                devices__reading_eyesimage
                0x0200598c                devices__display_speed
                0x0200664c                devices___elabb
                0x020065f0                devices__activate_brake
                0x02004ca8                devices__reading_steering
                0x02005eb8                devices__display_cronometro
                0x02006230                devices__light
                0x020034c8                devices___init_proc__4
                0x020040f4                devices__reading_headposition
                0x0200295c                devices__reading_distance
                0x02006594                devices__activate_automatic_driving
                0x02001d38                devices___init_proc__2
                0x020015ec                devices___elabs
                0x02005c8c                devices__display_eyes_sample
                0x02005814                devices__display_pulse_rate
 .text          0x020066c4      0x9a8 ./workload.o
                0x020066c4                workload___elabs
                0x02006ac4                workload__small_whetstone
                0x02007054                workload___elabb
 .text          0x0200706c      0x848 ./tools.o
                0x02007884                tools___elabb
                0x02007810                tools__execution_time
                0x02007760                tools__finishing_notice
                0x020076b0                tools__starting_notice
                0x0200706c                tools___elabs
                0x02007358                tools__print_an_integer
                0x02007510                tools__print_a_float
                0x020070b8                tools__current_time
 .text          0x020078b4     0x44d8 ./add.o
                0x02007968                add___init_proc__3
                0x020078f0                add___init_proc
                0x02007a60                add___init_proc__5
                0x020078b4                add__background
                0x020079e4                add___init_proc__4
                0x02007b58                add___init_proc__7
                0x0200b884                add___elabb
                0x0200792c                add___init_proc__2
                0x02007adc                add___init_proc__6
 .text          0x0200bd8c      0x5e4 /usr/local/openravenscar/lib/gcc-lib/sparc-ork-elf/2.8.1/adalib/libgnarl.a(a-reatim.o)
                0x0200bdb8                ada__real_time__Oadd__2
                0x0200bf8c                ada__real_time__split
                0x0200bda8                ada__real_time__Oadd
                0x0200be08                ada__real_time__Osubtract__4
                0x0200bf0c                ada__real_time__nanoseconds
                0x0200be78                ada__real_time__Odivide__2
                0x0200be34                ada__real_time__Odivide
                0x0200bde8                ada__real_time__Osubtract__2
                0x0200befc                ada__real_time__to_duration
                0x0200c2a4                ada__real_time__time_of
                0x0200bdc8                ada__real_time__Oadd__3
                0x0200bf5c                ada__real_time__milliseconds
                0x0200bd8c                ada__real_time__clock
                0x0200bf30                ada__real_time__microseconds
                0x0200bdd8                ada__real_time__Osubtract
                0x0200bdf8                ada__real_time__Osubtract__3
                0x0200bf04                ada__real_time__to_time_span
                0x0200bed0                ada__real_time__Omultiply__2
                0x0200bea4                ada__real_time__Omultiply
 .text          0x0200c370       0x68 /usr/local/openravenscar/lib/gcc-lib/sparc-ork-elf/2.8.1/adalib/libgnarl.a(a-retide.o)
                0x0200c3b4                ada__real_time__delays__to_duration
                0x0200c370                ada__real_time__delays__delay_until
 .text          0x0200c3d8      0x10c /usr/local/openravenscar/lib/gcc-lib/sparc-ork-elf/2.8.1/adalib/libgnarl.a(s-taprob.o)
                0x0200c4c4                system__tasking__protected_objects___init_proc
                0x0200c494                system__tasking__protected_objects__unlock
                0x0200c404                system__tasking__protected_objects__lock
                0x0200c4d0                system__tasking__protected_objects___init_proc__2
                0x0200c3d8                system__tasking__protected_objects__initialize_protection
                0x0200c44c                system__tasking__protected_objects__lock_read_only
                0x0200c4ac                system__tasking__protected_objects__finalize_protection
 .text          0x0200c4e4      0x978 /usr/local/openravenscar/lib/gcc-lib/sparc-ork-elf/2.8.1/adalib/libgnarl.a(s-taprop.o)
                0x0200c764                system__task_primitives__operations__get_priority
                0x0200c5dc                system__task_primitives__operations__unlock__2
                0x0200c93c                system__task_primitives__operations__check_no_locks
                0x0200c560                system__task_primitives__operations__write_lock
                0x0200c99c                system__task_primitives__operations__resume_task
                0x0200ca1c                system__task_primitives__operations___elabb
                0x0200c6a8                system__task_primitives__operations__clock
                0x0200c57c                system__task_primitives__operations__write_lock__2
                0x0200c51c                system__task_primitives__operations__get_thread_id
                0x0200c630                system__task_primitives__operations__timed_delay
                0x0200c744                system__task_primitives__operations__set_priority
                0x0200c60c                system__task_primitives__operations__timed_sleep
                0x0200c500                system__task_primitives__operations__self
                0x0200c5f4                system__task_primitives__operations__sleep
                0x0200c920                system__task_primitives__operations__set_exit_task_procedure
                0x0200c5c8                system__task_primitives__operations__unlock
                0x0200c954                system__task_primitives__operations__environment_task
                0x0200c528                system__task_primitives__operations__initialize_lock
                0x0200cc50                system__task_primitives__operations___init_proc
                0x0200c904                system__task_primitives__operations__exit_task
                0x0200c6cc                system__task_primitives__operations__wakeup
                0x0200c4e4                system__task_primitives__operations__set
                0x0200c92c                system__task_primitives__operations__abort_task
                0x0200c960                system__task_primitives__operations__lock_all_tasks_list
                0x0200c594                system__task_primitives__operations__write_lock__3
                0x0200c8f4                system__task_primitives__operations__finalize_tcb
                0x0200c7e0                system__task_primitives__operations__new_atcb
                0x0200c994                system__task_primitives__operations__suspend_task
                0x0200c6e0                system__task_primitives__operations__yield
                0x0200c97c                system__task_primitives__operations__unlock_all_tasks_list
                0x0200c9a4                system__task_primitives__operations__initialize
                0x0200c934                system__task_primitives__operations__check_exit
                0x0200c858                system__task_primitives__operations__initialize_tcb
                0x0200c514                system__task_primitives__operations__stack_guard
                0x0200c558                system__task_primitives__operations__finalize_lock
                0x0200c8fc                system__task_primitives__operations__default_exit_task_procedure
                0x0200c894                system__task_primitives__operations__create_task
                0x0200c540                system__task_primitives__operations__initialize_lock__2
                0x0200c5ac                system__task_primitives__operations__read_lock
                0x0200c77c                system__task_primitives__operations__enter_task
 .text          0x0200ce5c      0x924 /usr/local/openravenscar/lib/gcc-lib/sparc-ork-elf/2.8.1/adalib/libgnarl.a(s-tarest.o)
                0x0200d0d0                system__tasking__restricted__stages__create_restricted_task
                0x0200d5d0                system__tasking__restricted__stages__restricted_terminated
                0x0200d2e0                system__tasking__restricted__stages__activate_restricted_tasks
                0x0200d4a0                system__tasking__restricted__stages__complete_restricted_activation
                0x0200d5e4                system__tasking__restricted__stages__finalize_global_tasks
                0x0200d638                system__tasking__restricted__stages___elabb
                0x0200d570                system__tasking__restricted__stages__complete_restricted_task
 .text          0x0200d780      0xf44 /usr/local/openravenscar/lib/gcc-lib/sparc-ork-elf/2.8.1/adalib/libgnarl.a(s-tasdeb.o)
                0x0200e3f8                system__tasking__debug__image
                0x0200e69c                system__tasking__debug___init_proc__2
                0x0200e0d4                system__tasking__debug__print_current_task
                0x0200e348                system__tasking__debug__trace__2
                0x0200d780                system__tasking__debug___elabs
                0x0200e0f0                system__tasking__debug__list_tasks
                0x0200e5a0                system__tasking__debug__resume_all_tasks
                0x0200d7f8                system__tasking__debug__set_user_state
                0x0200df20                system__tasking__debug__print_task_info_header
                0x0200e65c                system__tasking__debug___init_proc
                0x0200d7e4                system__tasking__debug__self
                0x0200e5d8                system__tasking__debug___elabb
                0x0200e130                system__tasking__debug__print_accept_info
                0x0200e3e4                system__tasking__debug__set_trace
                0x0200e1f4                system__tasking__debug__trace
                0x0200e37c                system__tasking__debug__trace__3
                0x0200e3b0                system__tasking__debug__trace__4
                0x0200dae0                system__tasking__debug__print_task_info
                0x0200d7dc                system__tasking__debug__task_termination_hook
                0x0200d7d4                system__tasking__debug__task_creation_hook
                0x0200e568                system__tasking__debug__suspend_all_tasks
 .text          0x0200e6c4      0x75c /usr/local/openravenscar/lib/gcc-lib/sparc-ork-elf/2.8.1/adalib/libgnarl.a(s-taskin.o)
                0x0200ead8                system__tasking___init_proc__3
                0x0200ed80                system__tasking___init_proc__8
                0x0200ed40                system__tasking___init_proc__7
                0x0200e6c4                system__tasking__self
                0x0200eaa0                system__tasking___init_proc__2
                0x0200e800                system__tasking___elabb
                0x0200eb54                system__tasking___init_proc__4
                0x0200ed8c                system__tasking___init_proc__9
                0x0200ea4c                system__tasking___init_proc
                0x0200eba8                system__tasking___init_proc__6
                0x0200e6d8                system__tasking__initialize_atcb
                0x0200eb60                system__tasking___init_proc__5
 .text          0x0200ee20       0x14 /usr/local/openravenscar/lib/gcc-lib/sparc-ork-elf/2.8.1/adalib/libgnarl.a(s-taspri.o)
                0x0200ee20                system__task_primitives___init_proc
 .text          0x0200ee34      0x1f0 /usr/local/openravenscar/lib/gcc-lib/sparc-ork-elf/2.8.1/adalib/libgnarl.a(kernel-interrupts.o)
                0x0200eefc                kernel_detach_interrupt_handler
                0x0200ef44                kernel__interrupts___elabb
                0x0200ee34                kernel__interrupts__null_handler
                0x0200ee3c                kernel__interrupts__wrapper
                0x0200ef24                kernel_current_interrupt_handler
                0x0200ee9c                kernel_attach_interrupt_handler
                0x0200efc8                kernel__interrupts___init_proc__2
                0x0200efb0                kernel__interrupts___init_proc
 .text          0x0200f024      0x5dc /usr/local/openravenscar/lib/gcc-lib/sparc-ork-elf/2.8.1/adalib/libgnarl.a(kernel-threads.o)
                0x0200f024                kernel__threads___elabs
                0x0200f5c4                kernel__threads___init_proc__3
                0x0200f294                kernel_yield
                0x0200f394                kernel_check_no_mutexes
                0x0200f3a4                kernel_condition_init
                0x0200f1f4                kernel__threads__set_active_priority
                0x0200f1a8                kernel_set_priority
                0x0200f468                kernel_condition_signal
                0x0200f4c8                kernel_thread_create
                0x0200f0b0                kernel__threads__default_dummy_task_function
                0x0200f590                kernel_thread_self
                0x0200f060                kernel__threads__thread_caller
                0x0200f3ac                kernel_condition_wait
                0x0200f0c0                kernel_initialize
                0x0200f334                kernel_mutex_unlock
                0x0200f2dc                kernel_mutex_lock
                0x0200f2d0                kernel_mutex_init
                0x0200f5a0                kernel__threads___elabb
                0x0200f5b0                kernel__threads___init_proc
                0x0200f5bc                kernel__threads___init_proc__2
                0x0200f278                kernel_get_priority
 .text          0x0200f600       0x28 /usr/local/openravenscar/lib/gcc-lib/sparc-ork-elf/2.8.1/adalib/libgnarl.a(kernel-threads-atcb.o)
                0x0200f618                kernel__threads__atcb___elabb
                0x0200f608                kernel__threads__atcb__thread_self_atcb
                0x0200f600                kernel__threads__atcb__set_atcb
 .text          0x0200f628      0x478 /usr/local/openravenscar/lib/gcc-lib/sparc-ork-elf/2.8.1/adalib/libgnarl.a(kernel-threads-queues.o)
                0x0200f840                kernel__threads__queues__insert_alarm
                0x0200f6e4                kernel__threads__queues__insert_at_tail
                0x0200f640                kernel__threads__queues__insert_at_head
                0x0200f90c                kernel__threads__queues__extract_first_alarm
                0x0200f7f4                kernel__threads__queues__get_new_thread_descriptor
                0x0200fa10                kernel__threads__queues___init_proc
                0x0200f788                kernel__threads__queues__extract_from_ready
                0x0200f938                kernel__threads__queues__get_next_alarm_time
                0x0200f96c                kernel__threads__queues___elabb
                0x0200f7d0                kernel__threads__queues__next_running
                0x0200f634                kernel__threads__queues__environment_thread_id
                0x0200f628                kernel__threads__queues__dummy_thread_id
 .text          0x0200faa0      0x108 /usr/local/openravenscar/lib/gcc-lib/sparc-ork-elf/2.8.1/adalib/libgnarl.a(kernel-threads-protection.o)
                0x0200fac4                kernel__threads__protection__leave_kernel
                0x0200faa0                kernel__threads__protection__dispatch
                0x0200fb98                kernel__threads__protection___elabb
                0x0200fab0                kernel__threads__protection__enter_kernel
 .text          0x0200fba8      0x3c4 /usr/local/openravenscar/lib/gcc-lib/sparc-ork-elf/2.8.1/adalib/libgnarl.a(kernel-time.o)
                0x0200fc60                kernel_delay_until
                0x0200fba8                kernel_clock
                0x0200ff2c                kernel__time___elabb
 .text          0x0200ff6c       0x9c /usr/local/openravenscar/lib/gcc-lib/sparc-ork-elf/2.8.1/adalib/libgnarl.a(kernel-memory.o)
                0x0200ffc8                kernel__memory___elabb
                0x0200ff74                kernel_new_stack
                0x0200ff6c                kernel_new_memory_region
 .text          0x02010008       0x88 /usr/local/openravenscar/lib/gcc-lib/sparc-ork-elf/2.8.1/adalib/libgnarl.a(kernel-cpu_primitives.o)
                0x02010008                kernel__cpu_primitives__context_switch
                0x02010014                kernel__cpu_primitives__initialize_context
                0x02010080                kernel__cpu_primitives___elabb
 .text          0x02010090       0x44 /usr/local/openravenscar/lib/gcc-lib/sparc-ork-elf/2.8.1/adalib/libgnarl.a(kernel-peripherals-registers.o)
                0x02010090                kernel__peripherals__registers___elabs
 .text          0x020100d4      0x6ac /usr/local/openravenscar/lib/gcc-lib/sparc-ork-elf/2.8.1/adalib/libgnarl.a(kernel-peripherals.o)
                0x020100e4                kernel__peripherals__stop_watch_dog
                0x020100d4                kernel__peripherals__to_vector
                0x02010100                kernel__peripherals__init_clock
                0x020106cc                kernel__peripherals___elabb
                0x020101e4                kernel__peripherals__cancel_and_set_alarm
                0x020101c0                kernel__peripherals__init_board
                0x020101f8                kernel__peripherals__set_alarm
                0x0201036c                kernel__peripherals__read_clock
                0x020103dc                kernel__peripherals__clear_alarm_interrupt
                0x0201060c                kernel__peripherals__uart_send
                0x020103e4                kernel__peripherals__clear_clock_interrupt
                0x02010520                kernel__peripherals__init_uart
                0x020100f8                kernel__peripherals__memory_configuration
                0x020103ec                kernel__peripherals__protect_segment
                0x020100dc                kernel__peripherals__priority_of_interrupt
 .text          0x02010780       0xe4 /usr/local/openravenscar/lib/gcc-lib/sparc-ork-elf/2.8.1/adalib/libgnarl.a(kernel-serial_output.o)
                0x020107d8                kernel_new_line
                0x020107ec                kernel_put_line_c
                0x02010798                kernel__serial_output__put__2
                0x02010780                kernel_put_c
                0x02010808                kernel__serial_output__put_line__2
                0x02010838                kernel__serial_output___elabb
 .text          0x02010864      0x2dc /usr/local/openravenscar/lib/gcc-lib/sparc-ork-elf/2.8.1/adalib/libgnarl.a(context.o)
                0x02010b38                exit_from_context_switch
                0x02010864                context_switch
                0x02010870                context_trap
 .text          0x02010b40      0x60c /usr/local/openravenscar/lib/gcc-lib/sparc-ork-elf/2.8.1/adalib/libgnarl.a(install_handler.o)
                0x02010bf8                set_next_running
                0x02010b40                enable_traps
                0x02010ba4                install_trap_handler
                0x02010b54                install_int_handler
 .text          0x0201114c       0x34 /usr/local/openravenscar/lib/gcc-lib/sparc-ork-elf/2.8.1/adalib/libgnarl.a(int_level.o)
                0x0201114c                disable_interrupts
                0x02011164                enable_interrupts
 .text          0x02011180     0x25c0 /usr/local/openravenscar/lib/gcc-lib/sparc-ork-elf/2.8.1/adalib/libgnat.a(a-except.o)
                0x020129e8                ada__exceptions__sdp_table_sort_move
                0x02012b48                ada__exceptions__string_to_eid
                0x02012204                __gnat_raise_nodefer_with_msg
                0x020113b0                ada__exceptions__current_target_exception
                0x0201237c                ada__exceptions__raise_from_signal_handler
                0x02011200                ada__exceptions__address_image
                0x02012600                ada__exceptions__save_occurrence
                0x020131e4                __gnat_notify_exception
                0x02011ec4                ada__exceptions__propagate_exception
                0x02011d38                ada__exceptions__exception_name_simple
                0x02012554                __gnat_reraise
                0x020122e4                __gnat_raise_exception
                0x02011180                ada__exceptions___elabs
                0x02011308                __gnat_break_start
                0x020112f4                ada__exceptions__allocate_machine_state
                0x020113d4                ada__exceptions__deallocate_machine_state
                0x02011688                ada__exceptions__exception_information
                0x020124b4                __gnat_raise_storage_error
                0x02011444                ada__exceptions__eo_to_string
                0x0201294c                ada__exceptions__sdp_table_sort_lt
                0x02013658                ada__exceptions__raise_exception_no_defer
                0x02011c44                ada__exceptions__exception_name__2
                0x02013700                ada__exceptions__zzz
                0x020111f0                ada__exceptions__poll
                0x020124d4                ada__exceptions__raise_with_c_msg
                0x02013278                ada__exceptions__unhandled_exception_terminate
                0x020113e8                ada__exceptions__eid_to_string
                0x02012694                ada__exceptions__save_occurrence__2
                0x02012440                ada__exceptions__raise_with_location
                0x02012418                ada__exceptions__raise_no_msg
                0x02011b80                ada__exceptions__exception_message
                0x02012a18                ada__exceptions__set_exception_c_msg
                0x02012c70                ada__exceptions__string_to_eo
                0x02012474                __gnat_raise_constraint_error
                0x0201258c                ada__exceptions__reraise_occurrence
                0x02013708                ada__exceptions___elabb
                0x02013730                ada__exceptions___init_proc
                0x02011d08                ada__exceptions__exception_name
                0x020111f8                ada__exceptions__aaa
                0x020125d4                ada__exceptions__reraise_occurrence_no_defer
                0x020114a4                ada__exceptions__exception_identity
                0x020126c0                __gnat_SDP_Table_Build
                0x020131dc                __gnat_unhandled_exception
                0x02011310                ada__exceptions__call_chain
                0x02012508                __gnat_raise_with_msg
                0x02012494                __gnat_raise_program_error
 .text          0x02013740      0x2ec /usr/local/openravenscar/lib/gcc-lib/sparc-ork-elf/2.8.1/adalib/libgnat.a(a-filico.o)
                0x0201378c                ada__finalization__list_controller___deep_finalize__2
                0x020139f8                ada__finalization__list_controller___init_proc__2
                0x020139bc                ada__finalization__list_controller__finalize
                0x0201377c                ada__finalization__list_controller___size__2
                0x020139d4                ada__finalization__list_controller___init_proc
                0x02013988                ada__finalization__list_controller__finalize__2
                0x020137b8                ada__finalization__list_controller___elabs
                0x02013740                ada__finalization__list_controller___size
                0x02013970                ada__finalization__list_controller__initialize__2
                0x02013750                ada__finalization__list_controller___deep_finalize
 .text          0x02013a2c      0x560 /usr/local/openravenscar/lib/gcc-lib/sparc-ork-elf/2.8.1/adalib/libgnat.a(a-finali.o)
                0x02013c8c                ada__finalization___size__4
                0x02013f0c                ada__finalization__initialize
                0x02013f24                ada__finalization__Oeq__2
                0x02013f4c                ada__finalization___init_proc
                0x02013a54                ada__finalization___write__3
                0x02013f44                ada__finalization__finalize__2
                0x02013a2c                ada__finalization___size__3
                0x02013a3c                ada__finalization___read__3
                0x02013f14                ada__finalization__adjust
                0x02013f6c                ada__finalization___init_proc__2
                0x02013cc8                ada__finalization___elabs
                0x02013f1c                ada__finalization__finalize
                0x02013c38                ada__finalization___deep_adjust
                0x02013f3c                ada__finalization__initialize__2
                0x02013a6c                ada__finalization___assign__3
                0x02013c60                ada__finalization___deep_finalize
                0x02013c9c                ada__finalization___deep_finalize__2
 .text          0x02013f8c       0x6c /usr/local/openravenscar/lib/gcc-lib/sparc-ork-elf/2.8.1/adalib/libgnat.a(a-ioexce.o)
                0x02013f8c                ada__io_exceptions___elabs
 .text          0x02013ff8     0x1e98 /usr/local/openravenscar/lib/gcc-lib/sparc-ork-elf/2.8.1/adalib/libgnat.a(a-nuelfu.o)
                0x02015ab4                ada__numerics__elementary_functions__sinh
                0x0201493c                ada__numerics__elementary_functions__arcsin
                0x02014724                ada__numerics__elementary_functions__arccosh
                0x02014b68                ada__numerics__elementary_functions__arcsinh
                0x02013ff8                ada__numerics__elementary_functions__Oexpon
                0x02014838                ada__numerics__elementary_functions__arccoth
                0x0201481c                ada__numerics__elementary_functions__arccot__2
                0x02014a10                ada__numerics__elementary_functions__arcsin__2
                0x02014d98                ada__numerics__elementary_functions__arctan__2
                0x020145b8                ada__numerics__elementary_functions__arccos__2
                0x02015098                ada__numerics__elementary_functions__cos
                0x02015bc0                ada__numerics__elementary_functions__sqrt
                0x02015ccc                ada__numerics__elementary_functions__tan__2
                0x020159b8                ada__numerics__elementary_functions__sin__2
                0x02015848                ada__numerics__elementary_functions__log__2
                0x0201529c                ada__numerics__elementary_functions__cot__2
                0x02015dfc                ada__numerics__elementary_functions__tanh
                0x02015404                ada__numerics__elementary_functions__coth
                0x0201578c                ada__numerics__elementary_functions__log
                0x02015148                ada__numerics__elementary_functions__cosh
                0x02014804                ada__numerics__elementary_functions__arccot
                0x02014c88                ada__numerics__elementary_functions__arctan
                0x02015970                ada__numerics__elementary_functions__sin
                0x020144b8                ada__numerics__elementary_functions__arccos
                0x02015104                ada__numerics__elementary_functions__cos__2
                0x02015c44                ada__numerics__elementary_functions__tan
                0x020154f8                ada__numerics__elementary_functions__exp
                0x020151f4                ada__numerics__elementary_functions__cot
                0x02014f0c                ada__numerics__elementary_functions__arctanh
 .text          0x02015e90       0x18 /usr/local/openravenscar/lib/gcc-lib/sparc-ork-elf/2.8.1/adalib/libgnat.a(a-numeri.o)
                0x02015e90                ada__numerics___elabs
 .text          0x02015ea8       0xc0 /usr/local/openravenscar/lib/gcc-lib/sparc-ork-elf/2.8.1/adalib/libgnat.a(a-stream.o)
                0x02015ec0                ada__streams___elabs
                0x02015eb8                ada__streams___deep_finalize
                0x02015ea8                ada__streams___size
                0x02015f58                ada__streams___init_proc
 .text          0x02015f68      0x934 /usr/local/openravenscar/lib/gcc-lib/sparc-ork-elf/2.8.1/adalib/libgnat.a(a-tags.o)
                0x020165d0                ada__tags__length
                0x0201683c                ada__tags___init_proc
                0x020160dc                ada__tags__external_tag_htable__removeXn
                0x020166f4                ada__tags__get_rc_offset
                0x02016810                ada__tags__set_remotely_callable
                0x020167d8                ada__tags__set_prim_op_address
                0x020167b8                ada__tags__register_tag
                0x02016758                ada__tags__inherit_tsd
                0x02015f68                ada__tags___elabs
                0x020166d0                ada__tags__get_expanded_name
                0x020167ec                ada__tags__set_expanded_name
                0x02016700                ada__tags__get_remotely_callable
                0x020162f8                ada__tags__expanded_name
                0x02015f80                ada__tags__external_tag_htable__getXn
                0x020166e8                ada__tags__get_inheritance_depth
                0x02016718                ada__tags__get_tsd
                0x020161d4                ada__tags__external_tag_htable__setXn
                0x02016690                ada__tags__cw_membership
                0x02016720                ada__tags__inherit_dt
                0x02016028                ada__tags__external_tag_htable__get_nextXn
                0x02016400                ada__tags__get_external_tag
                0x02016424                ada__tags__internal_tag
                0x02016844                ada__tags___init_proc__2
                0x0201662c                ada__tags___elabb
                0x020167e4                ada__tags__set_tsd
                0x020167f8                ada__tags__set_external_tag
                0x02016248                ada__tags__get_ht_link
                0x02016604                ada__tags__parent_size
                0x02016210                ada__tags__equal
                0x02015ff4                ada__tags__external_tag_htable__get_firstXn
                0x020167cc                ada__tags__set_inheritance_depth
                0x0201637c                ada__tags__external_tag
                0x02016064                ada__tags__external_tag_htable__get_non_nullXn
                0x020166dc                ada__tags__get_prim_op_address
                0x02016804                ada__tags__set_rc_offset
                0x020162b4                ada__tags__hash
                0x02016194                ada__tags__external_tag_htable__resetXn
                0x020162ec                ada__tags__set_ht_link
                0x02016850                ada__tags__external_tag_htable___init_procXn
 .text          0x0201689c      0x25c /usr/local/openravenscar/lib/gcc-lib/sparc-ork-elf/2.8.1/adalib/libgnat.a(g-except.o)
                0x020169e8                gnat__exceptions___deep_finalize
                0x020168b4                gnat__exceptions___write
                0x020168f0                gnat__exceptions___output
                0x02016910                gnat__exceptions___assign
                0x020168bc                gnat__exceptions___input
                0x020169f0                gnat__exceptions___elabs
                0x020168ac                gnat__exceptions___read
                0x0201689c                gnat__exceptions___size
                0x02016ae8                gnat__exceptions___init_proc
                0x02016908                gnat__exceptions__Oeq
                0x020169e0                gnat__exceptions___deep_adjust
 .text          0x02016af8      0x174 /usr/local/openravenscar/lib/gcc-lib/sparc-ork-elf/2.8.1/adalib/libgnat.a(g-hesora.o)
                0x02016bc8                gnat__heap_sort_a__sort
 .text          0x02016c6c      0xc6c /usr/local/openravenscar/lib/gcc-lib/sparc-ork-elf/2.8.1/adalib/libgnat.a(i-c.o)
                0x0201757c                interfaces__c__to_c__4
                0x020170bc                interfaces__c__to_ada__6
                0x02016cd0                interfaces__c__is_nul_terminated__2
                0x02016d20                interfaces__c__to_ada
                0x02016d28                interfaces__c__to_ada__2
                0x020171e4                interfaces__c__to_c
                0x02016c84                interfaces__c__is_nul_terminated
                0x02017730                interfaces__c__to_c__6
                0x02016e5c                interfaces__c__to_ada__3
                0x02016c6c                interfaces__c___elabs
                0x020173e4                interfaces__c__to_c__3
                0x02016f7c                interfaces__c__to_ada__5
                0x02017584                interfaces__c__to_c__5
                0x020171ec                interfaces__c__to_c__2
                0x02016f74                interfaces__c__to_ada__4
 .text          0x020178d8     0x13b4 /usr/local/openravenscar/lib/gcc-lib/sparc-ork-elf/2.8.1/adalib/libgnat.a(s-arit64.o)
                0x02017a14                system__arith_64__hi
                0x02017fbc                system__arith_64__scaled_divide
                0x02017f8c                system__arith_64__raise_error
                0x0201798c                system__arith_64__Odivide
                0x02017900                system__arith_64__Oadd__2
                0x02018bb8                system__arith_64__subtract_with_ovflo_check
                0x02017930                system__arith_64__Omultiply
                0x02017a24                system__arith_64__lo
                0x02017960                system__arith_64__Omultiply__2
                0x02017a98                system__arith_64__double_divide
                0x02017d88                system__arith_64__multiply_with_ovflo_check
                0x02018c6c                system__arith_64__to_pos_int
                0x020178d8                system__arith_64__Oadd
                0x020179e4                system__arith_64__Oconcat
                0x02018c34                system__arith_64__to_neg_int
                0x020179b8                system__arith_64__Orem
                0x02017a2c                system__arith_64__add_with_ovflo_check
                0x02017918                system__arith_64__Osubtract
 .text          0x02018c8c      0x16c /usr/local/openravenscar/lib/gcc-lib/sparc-ork-elf/2.8.1/adalib/libgnat.a(s-except.o)
                0x02018cb0                system__exceptions___init_proc
                0x02018c8c                system__exceptions___elabs
                0x02018d58                system__exceptions___init_proc__4
                0x02018cf8                system__exceptions___init_proc__3
                0x02018d98                system__exceptions___init_proc__5
                0x02018cb8                system__exceptions___init_proc__2
 .text          0x02018df8      0x54c /usr/local/openravenscar/lib/gcc-lib/sparc-ork-elf/2.8.1/adalib/libgnat.a(s-exctab.o)
                0x0201910c                system__exception_table__get_key
                0x02018ea0                system__exception_table__exception_htable__get_nextXn
                0x020190d4                system__exception_table__equal
                0x0201904c                system__exception_table__exception_htable__setXn
                0x020192f8                system__exception_table__exception_htable___init_procXn
                0x02018df8                system__exception_table__exception_htable__getXn
                0x02019090                system__exception_table__get_ht_link
                0x0201900c                system__exception_table__exception_htable__resetXn
                0x02019088                system__exception_table__set_ht_link
                0x02019114                system__exception_table__internal_exception
                0x02018edc                system__exception_table__exception_htable__get_non_nullXn
                0x02019098                system__exception_table__hash
                0x02018e6c                system__exception_table__exception_htable__get_firstXn
                0x02019248                system__exception_table___elabb
                0x02019234                system__exception_table__register_exception
                0x02018f54                system__exception_table__exception_htable__removeXn
 .text          0x02019344      0x1c4 /usr/local/openravenscar/lib/gcc-lib/sparc-ork-elf/2.8.1/adalib/libgnat.a(s-exnflt.o)
                0x02019344                system__exn_flt__exn_float
 .text          0x02019508      0xb2c /usr/local/openravenscar/lib/gcc-lib/sparc-ork-elf/2.8.1/adalib/libgnat.a(s-fatflt.o)
                0x02019ebc                system__fat_flt__fat_float__truncation
                0x0201964c                system__fat_flt__fat_float__decompose
                0x020199e0                system__fat_flt__fat_float__model
                0x020198e8                system__fat_flt__fat_float__floor
                0x020199f4                system__fat_flt__fat_float__pred
                0x02019cbc                system__fat_flt__fat_float__scaling
                0x02019970                system__fat_flt__fat_float__leading_part
                0x02019f6c                system__fat_flt__fat_float__unbiased_rounding
                0x02019560                system__fat_flt__fat_float__ceiling
                0x020195c0                system__fat_flt__fat_float__compose
                0x020198c0                system__fat_flt__fat_float__exponent
                0x02019948                system__fat_flt__fat_float__fraction
                0x02019838                system__fat_flt__fat_float__gradual_scaling
                0x02019aac                system__fat_flt__fat_float__remainder
                0x02019c34                system__fat_flt__fat_float__rounding
                0x02019508                system__fat_flt__fat_float__adjacent
                0x02019dd4                system__fat_flt__fat_float__succ
                0x0201a014                system__fat_flt__fat_float__valid
                0x020195f0                system__fat_flt__fat_float__copy_sign
                0x020199cc                system__fat_flt__fat_float__machine
 .text          0x0201a034     0x13dc /usr/local/openravenscar/lib/gcc-lib/sparc-ork-elf/2.8.1/adalib/libgnat.a(s-finimp.o)
                0x0201b254                system__finalization_implementation__deep_tag_attach
                0x0201a260                system__finalization_implementation___read__2
                0x0201a8b4                system__finalization_implementation__detach_from_final_list
                0x0201a0f8                system__finalization_implementation___output
                0x0201ad10                system__finalization_implementation__finalize_list
                0x0201a32c                system__finalization_implementation__Oeq__2
                0x0201b3e0                system__finalization_implementation___init_proc__2
                0x0201a158                system__finalization_implementation___assign
                0x0201b30c                system__finalization_implementation__initialize__2
                0x0201a718                system__finalization_implementation__attach_to_final_list
                0x0201b0b8                system__finalization_implementation__deep_tag_adjust
                0x0201a374                system__finalization_implementation___assign__2
                0x0201a110                system__finalization_implementation__Oeq
                0x0201a0a0                system__finalization_implementation___input
                0x0201a07c                system__finalization_implementation___write
                0x0201afc8                system__finalization_implementation__deep_tag_initialize
                0x0201b304                system__finalization_implementation__initialize
                0x0201b3bc                system__finalization_implementation___init_proc
                0x0201a284                system__finalization_implementation___write__2
                0x0201a474                system__finalization_implementation___elabs
                0x0201a314                system__finalization_implementation___output__2
                0x0201a2a8                system__finalization_implementation___input__2
                0x0201a044                system__finalization_implementation___read
                0x0201ae7c                system__finalization_implementation__finalize_one
                0x0201b184                system__finalization_implementation__deep_tag_finalize
                0x0201ae54                system__finalization_implementation__finalize_global_list
                0x0201b3a8                system__finalization_implementation__finalize
                0x0201a250                system__finalization_implementation___size__2
                0x0201b374                system__finalization_implementation__adjust__2
                0x0201a034                system__finalization_implementation___size
 .text          0x0201b410      0x658 /usr/local/openravenscar/lib/gcc-lib/sparc-ork-elf/2.8.1/adalib/libgnat.a(s-finroo.o)
                0x0201b410                system__finalization_root___size
                0x0201ba44                system__finalization_root___init_proc__2
                0x0201b420                system__finalization_root___read
                0x0201b758                system__finalization_root___elabs
                0x0201b610                system__finalization_root__Oeq__2
                0x0201b5a0                system__finalization_root___input__2
                0x0201b428                system__finalization_root___write
                0x0201b438                system__finalization_root___assign
                0x0201ba04                system__finalization_root__finalize
                0x0201b5f8                system__finalization_root___output__2
                0x0201b9a4                system__finalization_root__initialize
                0x0201b430                system__finalization_root__Oeq
                0x0201b518                system__finalization_root___read__2
                0x0201b570                system__finalization_root___write__2
                0x0201b508                system__finalization_root___size__2
                0x0201b9d4                system__finalization_root__adjust
                0x0201b668                system__finalization_root___assign__2
                0x0201ba34                system__finalization_root___init_proc
 .text          0x0201ba68      0x1b4 /usr/local/openravenscar/lib/gcc-lib/sparc-ork-elf/2.8.1/adalib/libgnat.a(s-imgint.o)
                0x0201bba4                system__img_int__set_image_integer
                0x0201ba68                system__img_int__image_integer
 .text          0x0201bc1c      0xbc8 /usr/local/openravenscar/lib/gcc-lib/sparc-ork-elf/2.8.1/adalib/libgnat.a(s-imgrea.o)
                0x0201bc1c                system__img_real__image_ordinary_fixed_point
                0x0201c308                system__img_real__set_image_real
                0x0201bcf0                system__img_real__image_floating_point
 .text          0x0201c7e4      0x160 /usr/local/openravenscar/lib/gcc-lib/sparc-ork-elf/2.8.1/adalib/libgnat.a(s-imguns.o)
                0x0201c7e4                system__img_uns__image_unsigned
                0x0201c904                system__img_uns__set_image_unsigned
 .text          0x0201c944       0x40 /usr/local/openravenscar/lib/gcc-lib/sparc-ork-elf/2.8.1/adalib/libgnat.a(s-mastop.o)
                0x0201c95c                system__machine_state_operations__get_code_loc
                0x0201c944                system__machine_state_operations__allocate_machine_state
                0x0201c97c                system__machine_state_operations__set_signal_machine_state
                0x0201c954                system__machine_state_operations__free_machine_state
                0x0201c964                system__machine_state_operations__machine_state_length
                0x0201c94c                system__machine_state_operations__enter_handler
                0x0201c974                system__machine_state_operations__set_machine_state
                0x0201c96c                system__machine_state_operations__pop_frame
 .text          0x0201c984       0x50 /usr/local/openravenscar/lib/gcc-lib/sparc-ork-elf/2.8.1/adalib/libgnat.a(s-parame.o)
                0x0201c98c                system__parameters__minimum_stack_size
                0x0201c994                system__parameters__adjust_storage_size
                0x0201c984                system__parameters__default_stack_size
 .text          0x0201c9d4      0x314 /usr/local/openravenscar/lib/gcc-lib/sparc-ork-elf/2.8.1/adalib/libgnat.a(s-secsta.o)
                0x0201cce0                system__secondary_stack___init_proc__2
                0x0201cc84                system__secondary_stack___elabb
                0x0201c9d4                system__secondary_stack__ss_allocate
                0x0201cbc8                system__secondary_stack__ss_free
                0x0201cc64                system__secondary_stack__ss_release
                0x0201cc44                system__secondary_stack__ss_mark
                0x0201cccc                system__secondary_stack___init_proc
                0x0201cb64                system__secondary_stack__ss_init
 .text          0x0201cce8      0x1fc /usr/local/openravenscar/lib/gcc-lib/sparc-ork-elf/2.8.1/adalib/libgnat.a(s-sopco3.o)
                0x0201cce8                system__string_ops_concat_3__str_concat_3
 .text          0x0201cee4      0x1e4 /usr/local/openravenscar/lib/gcc-lib/sparc-ork-elf/2.8.1/adalib/libgnat.a(s-stache.o)
                0x0201cee4                system__stack_checking___elabs
                0x0201cefc                _gnat_stack_check
                0x0201d080                system__stack_checking__set_stack_size
                0x0201d0b8                system__stack_checking___init_proc
                0x0201cf88                system__stack_checking__invalidate_stack_cache
                0x0201d0a8                system__stack_checking__update_stack_cache
 .text          0x0201d0c8       0x28 /usr/local/openravenscar/lib/gcc-lib/sparc-ork-elf/2.8.1/adalib/libgnat.a(s-stalib.o)
                0x0201d0c8                system__standard_library__abort_undefer_direct
                0x0201d0e4                system__standard_library___init_proc
 .text          0x0201d0f0       0x64 /usr/local/openravenscar/lib/gcc-lib/sparc-ork-elf/2.8.1/adalib/libgnat.a(s-stoele.o)
                0x0201d110                system__storage_elements__Omod
                0x0201d144                system__storage_elements__to_address
                0x0201d0f8                system__storage_elements__Oadd__2
                0x0201d100                system__storage_elements__Osubtract
                0x0201d0f0                system__storage_elements__Oadd
                0x0201d14c                system__storage_elements__to_integer
                0x0201d108                system__storage_elements__Osubtract__2
 .text          0x0201d154     0x102c /usr/local/openravenscar/lib/gcc-lib/sparc-ork-elf/2.8.1/adalib/libgnat.a(s-stratt.o)
                0x0201d86c                system__stream_attributes__i_si
                0x0201db24                system__stream_attributes__w_ad
                0x0201d25c                system__stream_attributes__i_b
                0x0201dc18                system__stream_attributes__w_c
                0x0201d434                system__stream_attributes__i_lf
                0x0201d7e4                system__stream_attributes__i_sf
                0x0201e0a0                system__stream_attributes__w_su
                0x0201d2c0                system__stream_attributes__i_c
                0x0201d564                system__stream_attributes__i_llf
                0x0201d9ac                system__stream_attributes__i_su
                0x0201d6b4                system__stream_attributes__i_llu
                0x0201df9c                system__stream_attributes__w_sf
                0x0201da24                system__stream_attributes__i_u
                0x0201e13c                system__stream_attributes__w_wc
                0x0201d154                system__stream_attributes__i_ad
                0x0201e0e4                system__stream_attributes__w_u
                0x0201df44                system__stream_attributes__w_lu
                0x0201dbe4                system__stream_attributes__w_b
                0x0201de4c                system__stream_attributes__w_lli
                0x0201d948                system__stream_attributes__i_ssu
                0x0201d4dc                system__stream_attributes__i_li
                0x0201e038                system__stream_attributes__w_ssi
                0x0201dff4                system__stream_attributes__w_si
                0x0201dcfc                system__stream_attributes__w_lf
                0x0201d8e4                system__stream_attributes__i_ssi
                0x0201d324                system__stream_attributes__i_f
                0x0201dd78                system__stream_attributes__w_li
                0x0201db94                system__stream_attributes__w_as
                0x0201dca4                system__stream_attributes__w_i
                0x0201d3ac                system__stream_attributes__i_i
                0x0201d60c                system__stream_attributes__i_lli
                0x0201daac                system__stream_attributes__i_wc
                0x0201ddd0                system__stream_attributes__w_llf
                0x0201e06c                system__stream_attributes__w_ssu
                0x0201d1cc                system__stream_attributes__i_as
                0x0201dc4c                system__stream_attributes__w_f
                0x0201dec8                system__stream_attributes__w_llu
                0x0201d75c                system__stream_attributes__i_lu
 .text          0x0201e180      0x5b8 /usr/local/openravenscar/lib/gcc-lib/sparc-ork-elf/2.8.1/adalib/libgnat.a(s-strops.o)
                0x0201e5a4                system__string_ops__str_equal
                0x0201e47c                system__string_ops__str_concat_sc
                0x0201e6b4                system__string_ops__str_normalize
                0x0201e180                system__string_ops__str_concat
                0x0201e3a0                system__string_ops__str_concat_cs
                0x0201e6f4                system__string_ops__wide_str_normalize
                0x0201e340                system__string_ops__str_concat_cc
 .text          0x0201e738      0x298 /usr/local/openravenscar/lib/gcc-lib/sparc-ork-elf/2.8.1/adalib/libgnat.a(s-soflin.o)
                0x0201e89c                system__soft_links__set_jmpbuf_address_soft
                0x0201e808                system__soft_links__get_stack_info_nt
                0x0201e964                system__soft_links___elabb
                0x0201e7fc                system__soft_links__get_current_excep_nt
                0x0201e90c                system__soft_links__set_exc_stack_addr_soft
                0x0201e738                system__soft_links__abort_defer_nt
                0x0201e76c                system__soft_links__check_abort_status_nt
                0x0201e7b4                system__soft_links__get_sec_stack_addr_nt
                0x0201e7a8                system__soft_links__set_jmpbuf_address_nt
                0x0201e78c                system__soft_links__task_lock_nt
                0x0201e948                system__soft_links__set_machine_state_addr_soft
                0x0201e77c                system__soft_links__current_master_nt
                0x0201e740                system__soft_links__abort_handler_nt
                0x0201e838                system__soft_links__destroy_tsd
                0x0201e8f0                system__soft_links__get_exc_stack_addr_soft
                0x0201e79c                system__soft_links__get_jmpbuf_address_nt
                0x0201e748                system__soft_links__abort_undefer_nt
                0x0201e814                system__soft_links__create_tsd
                0x0201e7d8                system__soft_links__set_machine_state_addr_nt
                0x0201e7c0                system__soft_links__set_sec_stack_addr_nt
                0x0201e750                system__soft_links__update_exception_nt
                0x0201e7f0                system__soft_links__set_exc_stack_addr_nt
                0x0201e9a4                system__soft_links___init_proc
                0x0201e880                system__soft_links__get_jmpbuf_address_soft
                0x0201e784                system__soft_links__enter_master_nt
                0x0201e92c                system__soft_links__get_machine_state_addr_soft
                0x0201e8d4                system__soft_links__set_sec_stack_addr_soft
                0x0201e794                system__soft_links__task_unlock_nt
                0x0201e85c                system__soft_links__get_gnat_exception
                0x0201e8b8                system__soft_links__get_sec_stack_addr_soft
                0x0201e774                system__soft_links__complete_master_nt
                0x0201e7cc                system__soft_links__get_machine_state_addr_nt
                0x0201e7e4                system__soft_links__get_exc_stack_addr_nt
 .text          0x0201e9d0       0x68 /usr/local/openravenscar/lib/gcc-lib/sparc-ork-elf/2.8.1/adalib/libgnat.a(s-traceb.o)
                0x0201e9e4                system__traceback__get_code_loc
                0x0201ea0c                system__traceback__pop_frame
                0x0201e9f8                system__traceback__free_machine_state
                0x0201e9d0                system__traceback__allocate_machine_state
                0x0201ea24                system__traceback__set_machine_state
 .text          0x0201ea38       0xfc /usr/local/openravenscar/lib/gcc-lib/sparc-ork-elf/2.8.1/adalib/libgnat.a(a-argv.o)
                0x0201eb00                fill_env
                0x0201eaa4                env_count
                0x0201eae0                len_env
                0x0201ea38                arg_count
                0x0201ea44                gnat_argval
                0x0201ea70                fill_arg
                0x0201ea50                len_arg
 .text          0x0201eb34      0x14c /usr/local/openravenscar/lib/gcc-lib/sparc-ork-elf/2.8.1/adalib/libgnat.a(a-cio.o)
                0x0201eb54                put_int
                0x0201eb70                get_char
                0x0201eb34                get_int
                0x0201ec60                put_char_stderr
                0x0201ebc0                put_char
 .text          0x0201ec80        0xc /usr/local/openravenscar/lib/gcc-lib/sparc-ork-elf/2.8.1/adalib/libgnat.a(a-exit.o)
                0x0201ec80                set_gnat_exit_status
 .text          0x0201ec8c      0x1f4 /usr/local/openravenscar/lib/gcc-lib/sparc-ork-elf/2.8.1/adalib/libgnat.a(a-raise.o)
                0x0201ec8c                _gnat_builtin_longjmp
                0x0201ece4                __gnat_malloc
                0x0201ed9c                __gnat_free
                0x0201eccc                __gnat_unhandled_terminate
                0x0201edd8                __gnat_realloc
 .text          0x0201ee80      0x410 /usr/local/openravenscar/lib/gcc-lib/sparc-ork-elf/2.8.1/adalib/libgnat.a(a-init.o)
                0x0201f074                __gnat_pop_frame
                0x0201f288                __gnat_init_float
                0x0201ee80                __gnat_set_globals
                0x0201f280                __gnat_get_code_loc
                0x0201eed8                __gnat_initialize
                0x0201f1c4                __gnat_enter_handler
                0x0201f278                __gnat_machine_state_length
                0x0201f118                __gnat_set_machine_state
 .text          0x0201f290        0x8 /usr/local/openravenscar/lib/gcc-lib/sparc-ork-elf/2.8.1/adalib/libgnat.a(a-final.o)
                0x0201f290                __gnat_finalize
 .text          0x0201f298      0xc1c /usr/local/openravenscar/lib/gcc-lib/sparc-ork-elf/2.8.1/adalib/libgnat.a(s-fatllf.o)
                0x0201f39c                system__fat_llf__fat_long_long_float__copy_sign
                0x0201f60c                system__fat_llf__fat_long_long_float__gradual_scaling
                0x0201fde0                system__fat_llf__fat_long_long_float__unbiased_rounding
                0x0201f6a4                system__fat_llf__fat_long_long_float__exponent
                0x0201f368                system__fat_llf__fat_long_long_float__compose
                0x0201f6d0                system__fat_llf__fat_long_long_float__floor
                0x0201f298                system__fat_llf__fat_long_long_float__adjacent
                0x0201f7fc                system__fat_llf__fat_long_long_float__pred
                0x0201f73c                system__fat_llf__fat_long_long_float__fraction
                0x0201f8bc                system__fat_llf__fat_long_long_float__remainder
                0x0201fb04                system__fat_llf__fat_long_long_float__scaling
                0x0201f2fc                system__fat_llf__fat_long_long_float__ceiling
                0x0201f400                system__fat_llf__fat_long_long_float__decompose
                0x0201fc2c                system__fat_llf__fat_long_long_float__succ
                0x0201f768                system__fat_llf__fat_long_long_float__leading_part
                0x0201fa6c                system__fat_llf__fat_long_long_float__rounding
                0x0201f7e4                system__fat_llf__fat_long_long_float__model
                0x0201fe8c                system__fat_llf__fat_long_long_float__valid
                0x0201fd1c                system__fat_llf__fat_long_long_float__truncation
                0x0201f7d0                system__fat_llf__fat_long_long_float__machine
 .text          0x0201feb4      0x18c /usr/local/openravenscar/lib/gcc-lib/sparc-ork-elf/2.8.1/adalib/libgnat.a(s-imgllu.o)
                0x0201feb4                system__img_llu__image_long_long_unsigned
                0x0201fffc                system__img_llu__set_image_long_long_unsigned
 .text          0x02020040      0x894 /usr/local/openravenscar/lib/gcc-lib/sparc-ork-elf/2.8.1/adalib/libgnat.a(a-adaint.o)
                0x020201d0                get_object_suffix_ptr
                0x0202017c                Get_Default_Identifier_Character_Set
                0x02020164                Get_Maximum_File_Name_Length
                0x02020174                Get_File_Names_Case_Sensitive
                0x020203ec                file_time_name
                0x0202018c                Get_Pathsep_Char
                0x0202026c                open_read
                0x02020184                Get_Dirsep_Char
                0x02020484                is_regular_file
                0x0202016c                Get_Switch_Character
                0x02020638                locate_regular_file
                0x02020888                to_canonical_file_list_next
                0x020208b4                to_host_dir_spec
                0x02020464                __gnat_file_exists
                0x02020358                __gnat_mkdir
                0x020208ac                to_canonical_path_spec
                0x02020504                is_writable_file
                0x02020330                open_new_temp
                0x02020538                portable_spawn
                0x0202089c                to_canonical_dir_spec
                0x02020424                get_env_value_ptr
                0x02020408                file_time_fd
                0x020203e4                readdir_is_thread_safe
                0x02020308                open_new
                0x02020040                to_gm_time
                0x020200b4                Try_Lock
                0x020208a4                to_canonical_file_spec
                0x020205f4                portable_wait
                0x02020880                to_canonical_file_list_init
                0x020208cc                convert_addresses
                0x02020204                get_executable_suffix_ptr
                0x020204c4                is_directory
                0x020202e0                open_append
                0x020202b8                open_create
                0x02020290                open_rw
                0x02020370                file_length
                0x020203b0                readdir_gnat
                0x020208c4                adjust_os_resource_limits
                0x020207c4                locate_exec
                0x020205b4                portable_no_block_spawn
                0x02020624                os_exit
                0x02020458                Get_Libraries_From_Registry
                0x02020894                to_canonical_file_list_free
                0x02020194                Get_Current_Dir
                0x020208bc                to_host_file_spec
                0x02020838                locate_exec_on_path
                0x02020238                get_debuggable_suffix_ptr
 .text          0x020208d4      0x294 /usr/local/openravenscar/sparc-ork-elf/lib/libm.a(s_atan.o)
                0x020208d4                atan
 .text          0x02020b68       0xf0 /usr/local/openravenscar/sparc-ork-elf/lib/libm.a(s_cos.o)
                0x02020b68                cos
 .text          0x02020c58       0x2c /usr/local/openravenscar/sparc-ork-elf/lib/libm.a(s_fabs.o)
                0x02020c58                fabs
 .text          0x02020c84       0xf0 /usr/local/openravenscar/sparc-ork-elf/lib/libm.a(s_sin.o)
                0x02020c84                sin
 .text          0x02020d74       0x9c /usr/local/openravenscar/sparc-ork-elf/lib/libm.a(s_tan.o)
                0x02020d74                tan
 .text          0x02020e10      0x134 /usr/local/openravenscar/sparc-ork-elf/lib/libm.a(s_tanh.o)
                0x02020e10                tanh
 .text          0x02020f44       0xf8 /usr/local/openravenscar/sparc-ork-elf/lib/libm.a(w_acos.o)
                0x02020f44                acos
 .text          0x0202103c       0xf8 /usr/local/openravenscar/sparc-ork-elf/lib/libm.a(w_asin.o)
                0x0202103c                asin
 .text          0x02021134      0x1c0 /usr/local/openravenscar/sparc-ork-elf/lib/libm.a(w_exp.o)
                0x02021134                exp
 .text          0x020212f4      0x184 /usr/local/openravenscar/sparc-ork-elf/lib/libm.a(w_log.o)
                0x020212f4                log
 .text          0x02021478      0x60c /usr/local/openravenscar/sparc-ork-elf/lib/libm.a(w_pow.o)
                0x02021478                pow
 .text          0x02021a84      0x118 /usr/local/openravenscar/sparc-ork-elf/lib/libm.a(w_sqrt.o)
                0x02021a84                sqrt
 .text          0x02021b9c      0x3ac /usr/local/openravenscar/sparc-ork-elf/lib/libm.a(e_acos.o)
                0x02021b9c                __ieee754_acos
 .text          0x02021f48      0x340 /usr/local/openravenscar/sparc-ork-elf/lib/libm.a(e_asin.o)
                0x02021f48                __ieee754_asin
 .text          0x02022288      0x2f0 /usr/local/openravenscar/sparc-ork-elf/lib/libm.a(e_exp.o)
                0x02022288                __ieee754_exp
 .text          0x02022578      0x310 /usr/local/openravenscar/sparc-ork-elf/lib/libm.a(e_log.o)
                0x02022578                __ieee754_log
 .text          0x02022888      0x99c /usr/local/openravenscar/sparc-ork-elf/lib/libm.a(e_pow.o)
                0x02022888                __ieee754_pow
 .text          0x02023224      0x3d8 /usr/local/openravenscar/sparc-ork-elf/lib/libm.a(e_rem_pio2.o)
                0x02023224                __ieee754_rem_pio2
 .text          0x020235fc      0x264 /usr/local/openravenscar/sparc-ork-elf/lib/libm.a(e_sqrt.o)
                0x020235fc                __ieee754_sqrt
 .text          0x02023860      0x17c /usr/local/openravenscar/sparc-ork-elf/lib/libm.a(k_cos.o)
                0x02023860                __kernel_cos
 .text          0x020239dc      0x838 /usr/local/openravenscar/sparc-ork-elf/lib/libm.a(k_rem_pio2.o)
                0x020239dc                __kernel_rem_pio2
 .text          0x02024214      0x11c /usr/local/openravenscar/sparc-ork-elf/lib/libm.a(k_sin.o)
                0x02024214                __kernel_sin
 .text          0x02024330      0x2b4 /usr/local/openravenscar/sparc-ork-elf/lib/libm.a(k_tan.o)
                0x02024330                __kernel_tan
 .text          0x020245e4      0x40c /usr/local/openravenscar/sparc-ork-elf/lib/libm.a(s_expm1.o)
                0x020245e4                expm1
 .text          0x020249f0       0x18 /usr/local/openravenscar/sparc-ork-elf/lib/libm.a(s_finite.o)
                0x020249f0                finite
 .text          0x02024a08      0x1a0 /usr/local/openravenscar/sparc-ork-elf/lib/libm.a(s_floor.o)
                0x02024a08                floor
 .text          0x02024ba8       0x28 /usr/local/openravenscar/sparc-ork-elf/lib/libm.a(s_isnan.o)
                0x02024ba8                isnan
 .text          0x02024bd0        0x8 /usr/local/openravenscar/sparc-ork-elf/lib/libm.a(s_matherr.o)
                0x02024bd0                matherr
 .text          0x02024bd8      0x1c8 /usr/local/openravenscar/sparc-ork-elf/lib/libm.a(s_rint.o)
                0x02024bd8                rint
 .text          0x02024da0      0x1d8 /usr/local/openravenscar/sparc-ork-elf/lib/libm.a(s_scalbn.o)
                0x02024da0                scalbn
 .text          0x02024f78       0x40 /usr/local/openravenscar/sparc-ork-elf/lib/libm.a(s_copysign.o)
                0x02024f78                copysign
 .text          0x02024fb8        0x8 /usr/local/openravenscar/lib/gcc-lib/sparc-ork-elf/2.8.1/libgcc.a(__dummy.o)
                0x02024fb8                __dummy
 .text          0x02024fc0       0x48 /usr/local/openravenscar/lib/gcc-lib/sparc-ork-elf/2.8.1/libgcc.a(_ashldi3.o)
                0x02024fc0                __ashldi3
 .text          0x02025008       0x38 /usr/local/openravenscar/lib/gcc-lib/sparc-ork-elf/2.8.1/libgcc.a(_cmpdi2.o)
                0x02025008                __cmpdi2
 .text          0x02025040      0x3c0 /usr/local/openravenscar/lib/gcc-lib/sparc-ork-elf/2.8.1/libgcc.a(_divdi3.o)
                0x02025040                __divdi3
 .text          0x02025400      0x1f4 /usr/local/openravenscar/lib/gcc-lib/sparc-ork-elf/2.8.1/libgcc.a(_divsi3.o)
                0x02025400                udiv
                0x0202540c                div
 .text          0x020255f4       0x58 /usr/local/openravenscar/lib/gcc-lib/sparc-ork-elf/2.8.1/libgcc.a(_fixsfdi.o)
                0x020255f4                __fixsfdi
 .text          0x0202564c      0x1c0 /usr/local/openravenscar/lib/gcc-lib/sparc-ork-elf/2.8.1/libgcc.a(_fixunsdfdi.o)
                0x0202564c                __fixunsdfdi
 .text          0x0202580c      0x1c8 /usr/local/openravenscar/lib/gcc-lib/sparc-ork-elf/2.8.1/libgcc.a(_fixunssfdi.o)
                0x0202580c                __fixunssfdi
 .text          0x020259d4       0x54 /usr/local/openravenscar/lib/gcc-lib/sparc-ork-elf/2.8.1/libgcc.a(_floatdidf.o)
                0x020259d4                __floatdidf
 .text          0x02025a28       0xa8 /usr/local/openravenscar/lib/gcc-lib/sparc-ork-elf/2.8.1/libgcc.a(_floatdisf.o)
                0x02025a28                __floatdisf
 .text          0x02025ad0       0x48 /usr/local/openravenscar/lib/gcc-lib/sparc-ork-elf/2.8.1/libgcc.a(_lshrdi3.o)
                0x02025ad0                __lshrdi3
 .text          0x02025b18      0x1f4 /usr/local/openravenscar/lib/gcc-lib/sparc-ork-elf/2.8.1/libgcc.a(_modsi3.o)
                0x02025b18                urem
                0x02025b24                rem
 .text          0x02025d0c       0xe0 /usr/local/openravenscar/lib/gcc-lib/sparc-ork-elf/2.8.1/libgcc.a(_muldi3.o)
                0x02025d0c                __muldi3
 .text          0x02025dec       0xe8 /usr/local/openravenscar/lib/gcc-lib/sparc-ork-elf/2.8.1/libgcc.a(_mulsi3.o)
                0x02025dec                umul
 .text          0x02025ed4      0x340 /usr/local/openravenscar/lib/gcc-lib/sparc-ork-elf/2.8.1/libgcc.a(_udivdi3.o)
                0x02025ed4                __udivdi3
 .text          0x02026214      0x39c /usr/local/openravenscar/lib/gcc-lib/sparc-ork-elf/2.8.1/libgcc.a(_umoddi3.o)
                0x02026214                __umoddi3
 .text          0x020265b0      0xa48 /usr/local/openravenscar/lib/gcc-lib/sparc-ork-elf/2.8.1/libgcc.a(frame.o)
                0x02026ed4                __frame_state_for
                0x02026e6c                __deregister_frame_info
                0x02026e44                __register_frame_info_table
                0x02026e1c                __register_frame_info
 .text          0x02026ff8       0x20 /usr/local/openravenscar/sparc-ork-elf/lib/libc.a(abort.o)
                0x02026ff8                abort
 .text          0x02027018       0x1c /usr/local/openravenscar/sparc-ork-elf/lib/libc.a(atoi.o)
                0x02027018                atoi
 .text          0x02027034        0xc /usr/local/openravenscar/sparc-ork-elf/lib/libc.a(errno.o)
                0x02027034                __errno
 .text          0x02027040       0x8c /usr/local/openravenscar/sparc-ork-elf/lib/libc.a(exit.o)
                0x02027040                exit
 .text          0x020270cc       0x90 /usr/local/openravenscar/sparc-ork-elf/lib/libc.a(fputc.o)
                0x020270cc                fputc
 .text          0x0202715c       0x40 /usr/local/openravenscar/sparc-ork-elf/lib/libc.a(getenv.o)
                0x0202717c                getenv
                0x0202715c                _findenv
 .text          0x0202719c      0x100 /usr/local/openravenscar/sparc-ork-elf/lib/libc.a(getenv_r.o)
                0x0202719c                _findenv_r
                0x02027280                _getenv_r
 .text          0x0202729c       0x1c /usr/local/openravenscar/sparc-ork-elf/lib/libc.a(gmtime.o)
                0x0202729c                gmtime
 .text          0x020272b8       0x20 /usr/local/openravenscar/sparc-ork-elf/lib/libc.a(lcltime.o)
                0x020272b8                localtime
 .text          0x020272d8      0x21c /usr/local/openravenscar/sparc-ork-elf/lib/libc.a(lcltime_r.o)
                0x020272d8                localtime_r
 .text          0x020274f4       0x38 /usr/local/openravenscar/sparc-ork-elf/lib/libc.a(malloc.o)
                0x020274f4                malloc
                0x02027510                free
 .text          0x0202752c      0x774 /usr/local/openravenscar/sparc-ork-elf/lib/libc.a(mallocr.o)
                0x020276f8                _malloc_r
 .text          0x02027ca0       0x80 /usr/local/openravenscar/sparc-ork-elf/lib/libc.a(memcmp.o)
                0x02027ca0                memcmp
 .text          0x02027d20       0xc4 /usr/local/openravenscar/sparc-ork-elf/lib/libc.a(memcpy.o)
                0x02027d20                memcpy
 .text          0x02027de4       0xa4 /usr/local/openravenscar/sparc-ork-elf/lib/libc.a(memset.o)
                0x02027de4                memset
 .text          0x02027e88       0x10 /usr/local/openravenscar/sparc-ork-elf/lib/libc.a(mlock.o)
                0x02027e90                __malloc_unlock
                0x02027e88                __malloc_lock
 .text          0x02027e98       0x70 /usr/local/openravenscar/sparc-ork-elf/lib/libc.a(printf.o)
                0x02027ec8                printf
                0x02027e98                _printf_r
 .text          0x02027f08       0x20 /usr/local/openravenscar/sparc-ork-elf/lib/libc.a(realloc.o)
                0x02027f08                realloc
 .text          0x02027f28      0x50c /usr/local/openravenscar/sparc-ork-elf/lib/libc.a(reallocr.o)
                0x02027f28                _realloc_r
 .text          0x02028434       0x40 /usr/local/openravenscar/sparc-ork-elf/lib/libc.a(rget.o)
                0x02028434                __srget
 .text          0x02028474       0x34 /usr/local/openravenscar/sparc-ork-elf/lib/libc.a(sbrkr.o)
                0x02028474                _sbrk_r
 .text          0x020284a8       0x64 /usr/local/openravenscar/sparc-ork-elf/lib/libc.a(scanf.o)
                0x020284e0                _scanf_r
                0x020284a8                scanf
 .text          0x0202850c      0x24c /usr/local/openravenscar/sparc-ork-elf/lib/libc.a(signal.o)
                0x02028568                _signal_r
                0x020285c4                _raise_r
                0x02028660                __sigtramp_r
                0x02028704                signal
                0x02028724                _init_signal
                0x0202850c                _init_signal_r
                0x0202873c                __sigtramp
                0x020286e8                raise
 .text          0x02028758       0x4c /usr/local/openravenscar/sparc-ork-elf/lib/libc.a(signalr.o)
                0x02028758                _kill_r
                0x02028790                _getpid_r
 .text          0x020287a4       0xb4 /usr/local/openravenscar/sparc-ork-elf/lib/libc.a(sprintf.o)
                0x020287a4                _sprintf_r
                0x020287f8                sprintf
 .text          0x02028858       0x8c /usr/local/openravenscar/sparc-ork-elf/lib/libc.a(strcat.o)
                0x02028858                strcat
 .text          0x020288e4       0xb8 /usr/local/openravenscar/sparc-ork-elf/lib/libc.a(strcmp.o)
                0x020288e4                strcmp
 .text          0x0202899c       0x8c /usr/local/openravenscar/sparc-ork-elf/lib/libc.a(strcpy.o)
                0x0202899c                strcpy
 .text          0x02028a28       0x78 /usr/local/openravenscar/sparc-ork-elf/lib/libc.a(strlen.o)
                0x02028a28                strlen
 .text          0x02028aa0       0xcc /usr/local/openravenscar/sparc-ork-elf/lib/libc.a(strncmp.o)
                0x02028aa0                strncmp
 .text          0x02028b6c       0xd4 /usr/local/openravenscar/sparc-ork-elf/lib/libc.a(strncpy.o)
                0x02028b6c                strncpy
 .text          0x02028c40       0x68 /usr/local/openravenscar/sparc-ork-elf/lib/libc.a(strstr.o)
                0x02028c40                strstr
 .text          0x02028ca8      0x1f8 /usr/local/openravenscar/sparc-ork-elf/lib/libc.a(strtol.o)
                0x02028e7c                strtol
                0x02028ca8                _strtol_r
 .text          0x02028ea0     0x19c4 /usr/local/openravenscar/sparc-ork-elf/lib/libc.a(vfprintf.o)
                0x02028fa4                _vfprintf_r
                0x02028f84                vfprintf
 .text          0x0202a864      0xf30 /usr/local/openravenscar/sparc-ork-elf/lib/libc.a(vfscanf.o)
                0x0202a864                __svfscanf
                0x0202b6b4                __sccl
 .text          0x0202b794      0x10c /usr/local/openravenscar/sparc-ork-elf/lib/libc.a(wbuf.o)
                0x0202b794                __swbuf
 .text          0x0202b8a0      0x10c /usr/local/openravenscar/sparc-ork-elf/lib/libc.a(wsetup.o)
                0x0202b8a0                __swsetup
 .text          0x0202b9ac       0x18 /usr/local/openravenscar/sparc-ork-elf/lib/libc.a(atof.o)
                0x0202b9ac                atof
 .text          0x0202b9c4     0x1250 /usr/local/openravenscar/sparc-ork-elf/lib/libc.a(dtoa.o)
                0x0202bbb0                _dtoa_r
 .text          0x0202cc14       0x10 /usr/local/openravenscar/sparc-ork-elf/lib/libc.a(envlock.o)
                0x0202cc1c                __env_unlock
                0x0202cc14                __env_lock
 .text          0x0202cc24       0xf0 /usr/local/openravenscar/sparc-ork-elf/lib/libc.a(fflush.o)
                0x0202cc24                fflush
 .text          0x0202cd14      0x228 /usr/local/openravenscar/sparc-ork-elf/lib/libc.a(findfp.o)
                0x0202cecc                __sinit
                0x0202cd70                __sfmoreglue
                0x0202ceb4                _cleanup
                0x0202ce98                _cleanup_r
                0x0202cdc8                __sfp
 .text          0x0202cf3c       0xcc /usr/local/openravenscar/sparc-ork-elf/lib/libc.a(fread.o)
                0x0202cf3c                fread
 .text          0x0202d008      0x3c0 /usr/local/openravenscar/sparc-ork-elf/lib/libc.a(freer.o)
                0x0202d008                _free_r
                0x0202d2a4                _malloc_trim_r
 .text          0x0202d3c8      0x380 /usr/local/openravenscar/sparc-ork-elf/lib/libc.a(fvwrite.o)
                0x0202d3c8                __sfvwrite
 .text          0x0202d748       0x60 /usr/local/openravenscar/sparc-ork-elf/lib/libc.a(fwalk.o)
                0x0202d748                _fwalk
 .text          0x0202d7a8       0xa4 /usr/local/openravenscar/sparc-ork-elf/lib/libc.a(locale.o)
                0x0202d7a8                _setlocale_r
                0x0202d808                _localeconv_r
                0x0202d814                setlocale
                0x0202d834                localeconv
 .text          0x0202d84c      0x144 /usr/local/openravenscar/sparc-ork-elf/lib/libc.a(makebuf.o)
                0x0202d84c                __smakebuf
 .text          0x0202d990       0x58 /usr/local/openravenscar/sparc-ork-elf/lib/libc.a(mbtowc_r.o)
                0x0202d990                _mbtowc_r
 .text          0x0202d9e8       0xd4 /usr/local/openravenscar/sparc-ork-elf/lib/libc.a(memchr.o)
                0x0202d9e8                memchr
 .text          0x0202dabc      0x110 /usr/local/openravenscar/sparc-ork-elf/lib/libc.a(memmove.o)
                0x0202dabc                memmove
 .text          0x0202dbcc      0xd14 /usr/local/openravenscar/sparc-ork-elf/lib/libc.a(mprec.o)
                0x0202e894                _mprec_log10
                0x0202de40                _hi0bits
                0x0202dbcc                _Balloc
                0x0202e6d0                _d2b
                0x0202dfb0                _multiply
                0x0202e804                _ratio
                0x0202dd80                _s2b
                0x0202df8c                _i2b
                0x0202dec0                _lo0bits
                0x0202e380                __mcmp
                0x0202e19c                _pow5mult
                0x0202e544                _ulp
                0x0202e5d0                _b2d
                0x0202dc9c                _multadd
                0x0202e3e8                __mdiff
                0x0202e284                _lshift
                0x0202dc64                _Bfree
 .text          0x0202e8e0      0x19c /usr/local/openravenscar/sparc-ork-elf/lib/libc.a(refill.o)
                0x0202e8f4                __srefill
 .text          0x0202ea7c       0x38 /usr/local/openravenscar/sparc-ork-elf/lib/libc.a(s_isinf.o)
                0x0202ea7c                isinf
 .text          0x0202eab4      0x104 /usr/local/openravenscar/sparc-ork-elf/lib/libc.a(stdio.o)
                0x0202eb50                __sseek
                0x0202eab4                __sread
                0x0202eba0                __sclose
                0x0202eb00                __swrite
 .text          0x0202ebb8      0xedc /usr/local/openravenscar/sparc-ork-elf/lib/libc.a(strtod.o)
                0x0202ebb8                _strtod_r
                0x0202fa78                strtodf
                0x0202fa58                strtod
 .text          0x0202fa94      0x1d8 /usr/local/openravenscar/sparc-ork-elf/lib/libc.a(strtoul.o)
                0x0202fc48                strtoul
                0x0202fa94                _strtoul_r
 .text          0x0202fc6c      0x228 /usr/local/openravenscar/sparc-ork-elf/lib/libc.a(ungetc.o)
                0x0202fd1c                ungetc
                0x0202fc6c                __submore
 .text          0x0202fe94       0x3c /usr/local/openravenscar/sparc-ork-elf/lib/libc.a(writer.o)
                0x0202fe94                _write_r
 .text          0x0202fed0       0xa8 /usr/local/openravenscar/sparc-ork-elf/lib/libc.a(callocr.o)
                0x0202fed0                _calloc_r
 .text          0x0202ff78       0x34 /usr/local/openravenscar/sparc-ork-elf/lib/libc.a(closer.o)
                0x0202ff78                _close_r
 .text          0x0202ffac       0x38 /usr/local/openravenscar/sparc-ork-elf/lib/libc.a(fstatr.o)
                0x0202ffac                _fstat_r
 .text          0x0202ffe4       0x3c /usr/local/openravenscar/sparc-ork-elf/lib/libc.a(lseekr.o)
                0x0202ffe4                _lseek_r
 .text          0x02030020       0x3c /usr/local/openravenscar/sparc-ork-elf/lib/libc.a(readr.o)
                0x02030020                _read_r
 .text          0x0203005c      0x134 /usr/local/openravenscar/sparc-ork-elf/lib/libork.a(ada_exceptions.o)
                0x0203005c                Instruction_Access_Exception
                0x02030138                Division_By_Zero
                0x0203010c                Stack_Overflow
                0x02030088                Illegal_Instruction
                0x02030164                Integer_Overflow
                0x020300e0                FP_Exception
                0x020300b4                Address_Not_Aligned
 .text          0x02030190       0x1c /usr/local/openravenscar/sparc-ork-elf/lib/libork.a(close.o)
                0x02030190                close
 .text          0x020301ac       0x30 /usr/local/openravenscar/sparc-ork-elf/lib/libork.a(execv.o)
                0x020301ac                execv
 .text          0x020301dc       0x28 /usr/local/openravenscar/sparc-ork-elf/lib/libork.a(fork.o)
                0x020301dc                fork
 .text          0x02030204       0x30 /usr/local/openravenscar/sparc-ork-elf/lib/libork.a(fstat.o)
                0x02030204                fstat
 .text          0x02030234       0x30 /usr/local/openravenscar/sparc-ork-elf/lib/libork.a(getcwd.o)
                0x02030234                getcwd
 .text          0x02030264       0x30 /usr/local/openravenscar/sparc-ork-elf/lib/libork.a(getpid.o)
                0x02030264                getpid
                0x0203027c                getppid
 .text          0x02030294       0x84 /usr/local/openravenscar/sparc-ork-elf/lib/libork.a(isatty.o)
                0x02030294                isatty
 .text          0x02030318       0x3c /usr/local/openravenscar/sparc-ork-elf/lib/libork.a(kill.o)
                0x02030318                kill
 .text          0x02030354       0x30 /usr/local/openravenscar/sparc-ork-elf/lib/libork.a(link.o)
                0x02030354                link
 .text          0x02030384       0x34 /usr/local/openravenscar/sparc-ork-elf/lib/libork.a(lseek.o)
                0x02030384                lseek
 .text          0x020303b8       0x34 /usr/local/openravenscar/sparc-ork-elf/lib/libork.a(open.o)
                0x020303b8                open
 .text          0x020303ec      0x148 /usr/local/openravenscar/sparc-ork-elf/lib/libork.a(read.o)
                0x020303ec                read
 .text          0x02030534       0x34 /usr/local/openravenscar/sparc-ork-elf/lib/libork.a(readdir.o)
                0x02030534                readdir
 .text          0x02030568       0x20 /usr/local/openravenscar/sparc-ork-elf/lib/libork.a(mkdir.o)
                0x02030568                mkdir
 .text          0x02030588       0xb0 /usr/local/openravenscar/sparc-ork-elf/lib/libork.a(sbrk.o)
                0x02030588                sbrk
 .text          0x02030638       0x30 /usr/local/openravenscar/sparc-ork-elf/lib/libork.a(stat.o)
                0x02030638                stat
 .text          0x02030668       0x2c /usr/local/openravenscar/sparc-ork-elf/lib/libork.a(unlink.o)
                0x02030668                unlink
 .text          0x02030694       0x2c /usr/local/openravenscar/sparc-ork-elf/lib/libork.a(wait.o)
                0x02030694                wait
 .text          0x020306c0       0xec /usr/local/openravenscar/sparc-ork-elf/lib/libork.a(write.o)
                0x020306c0                write
 *fill*         0x020307ac        0x4
                0x020307b0                .=ALIGN(0x10)
 *(.eh_frame)
 .eh_frame      0x020307b0      0x11c /usr/local/openravenscar/lib/gcc-lib/sparc-ork-elf/2.8.1/adalib/libgnat.a(a-init.o)
 .eh_frame      0x020308cc       0x24 /usr/local/openravenscar/lib/gcc-lib/sparc-ork-elf/2.8.1/libgcc.a(__dummy.o)
 .eh_frame      0x020308f0       0x24 /usr/local/openravenscar/lib/gcc-lib/sparc-ork-elf/2.8.1/libgcc.a(_ashldi3.o)
 .eh_frame      0x02030914       0x24 /usr/local/openravenscar/lib/gcc-lib/sparc-ork-elf/2.8.1/libgcc.a(_cmpdi2.o)
 .eh_frame      0x02030938       0x2c /usr/local/openravenscar/lib/gcc-lib/sparc-ork-elf/2.8.1/libgcc.a(_divdi3.o)
 .eh_frame      0x02030964       0x2c /usr/local/openravenscar/lib/gcc-lib/sparc-ork-elf/2.8.1/libgcc.a(_fixsfdi.o)
 .eh_frame      0x02030990       0x2c /usr/local/openravenscar/lib/gcc-lib/sparc-ork-elf/2.8.1/libgcc.a(_fixunsdfdi.o)
 .eh_frame      0x020309bc       0x2c /usr/local/openravenscar/lib/gcc-lib/sparc-ork-elf/2.8.1/libgcc.a(_fixunssfdi.o)
 .eh_frame      0x020309e8       0x28 /usr/local/openravenscar/lib/gcc-lib/sparc-ork-elf/2.8.1/libgcc.a(_floatdidf.o)
 .eh_frame      0x02030a10       0x28 /usr/local/openravenscar/lib/gcc-lib/sparc-ork-elf/2.8.1/libgcc.a(_floatdisf.o)
 .eh_frame      0x02030a38       0x24 /usr/local/openravenscar/lib/gcc-lib/sparc-ork-elf/2.8.1/libgcc.a(_lshrdi3.o)
 .eh_frame      0x02030a5c       0x2c /usr/local/openravenscar/lib/gcc-lib/sparc-ork-elf/2.8.1/libgcc.a(_muldi3.o)
 .eh_frame      0x02030a88       0x2c /usr/local/openravenscar/lib/gcc-lib/sparc-ork-elf/2.8.1/libgcc.a(_udivdi3.o)
 .eh_frame      0x02030ab4       0x2c /usr/local/openravenscar/lib/gcc-lib/sparc-ork-elf/2.8.1/libgcc.a(_umoddi3.o)
 .eh_frame      0x02030ae0      0x11c /usr/local/openravenscar/lib/gcc-lib/sparc-ork-elf/2.8.1/libgcc.a(frame.o)
 *fill*         0x02030bfc        0x4
                0x02030c00                .=ALIGN(0x10)
 *(.rodata)
 .rodata        0x02030c00      0x23c ./devices.o
 *fill*         0x02030e3c        0x4
 .rodata        0x02030e40       0x4c ./workload.o
 *fill*         0x02030e8c        0x4
 .rodata        0x02030e90       0x52 ./tools.o
 *fill*         0x02030ee2        0x6
 .rodata        0x02030ee8      0x292 ./add.o
 *fill*         0x0203117a        0x2
 .rodata        0x0203117c        0x8 /usr/local/openravenscar/lib/gcc-lib/sparc-ork-elf/2.8.1/adalib/libgnarl.a(a-reatim.o)
 .rodata        0x02031184        0x8 /usr/local/openravenscar/lib/gcc-lib/sparc-ork-elf/2.8.1/adalib/libgnarl.a(a-retide.o)
 *fill*         0x0203118c        0x4
 .rodata        0x02031190       0x24 /usr/local/openravenscar/lib/gcc-lib/sparc-ork-elf/2.8.1/adalib/libgnarl.a(s-taprob.o)
 *fill*         0x020311b4        0x4
 .rodata        0x020311b8       0xd0 /usr/local/openravenscar/lib/gcc-lib/sparc-ork-elf/2.8.1/adalib/libgnarl.a(s-taprop.o)
 .rodata        0x02031288       0x50 /usr/local/openravenscar/lib/gcc-lib/sparc-ork-elf/2.8.1/adalib/libgnarl.a(s-tarest.o)
 .rodata        0x020312d8      0x14a /usr/local/openravenscar/lib/gcc-lib/sparc-ork-elf/2.8.1/adalib/libgnarl.a(s-tasdeb.o)
 *fill*         0x02031422        0x2
 .rodata        0x02031424      0x300 /usr/local/openravenscar/lib/gcc-lib/sparc-ork-elf/2.8.1/adalib/libgnarl.a(s-taskin.o)
 .rodata        0x02031724        0x8 /usr/local/openravenscar/lib/gcc-lib/sparc-ork-elf/2.8.1/adalib/libgnarl.a(kernel-interrupts.o)
 .rodata        0x0203172c        0x4 /usr/local/openravenscar/lib/gcc-lib/sparc-ork-elf/2.8.1/adalib/libgnarl.a(kernel-threads-queues.o)
 .rodata        0x02031730       0x7c /usr/local/openravenscar/lib/gcc-lib/sparc-ork-elf/2.8.1/adalib/libgnarl.a(kernel-peripherals.o)
 *fill*         0x020317ac        0x4
 .rodata        0x020317b0      0x184 /usr/local/openravenscar/lib/gcc-lib/sparc-ork-elf/2.8.1/adalib/libgnat.a(a-except.o)
 *fill*         0x02031934        0x4
 .rodata        0x02031938        0xd /usr/local/openravenscar/lib/gcc-lib/sparc-ork-elf/2.8.1/adalib/libgnat.a(a-finali.o)
 *fill*         0x02031945        0x3
 .rodata        0x02031948      0x82c /usr/local/openravenscar/lib/gcc-lib/sparc-ork-elf/2.8.1/adalib/libgnat.a(a-nuelfu.o)
 *fill*         0x02032174        0x4
 .rodata        0x02032178       0x42 /usr/local/openravenscar/lib/gcc-lib/sparc-ork-elf/2.8.1/adalib/libgnat.a(a-tags.o)
 *fill*         0x020321ba        0x6
 .rodata        0x020321c0        0xd /usr/local/openravenscar/lib/gcc-lib/sparc-ork-elf/2.8.1/adalib/libgnat.a(g-except.o)
 *fill*         0x020321cd        0x3
 .rodata        0x020321d0       0xab /usr/local/openravenscar/lib/gcc-lib/sparc-ork-elf/2.8.1/adalib/libgnat.a(i-c.o)
 *fill*         0x0203227b        0x5
 .rodata        0x02032280       0x24 /usr/local/openravenscar/lib/gcc-lib/sparc-ork-elf/2.8.1/adalib/libgnat.a(s-arit64.o)
 *fill*         0x020322a4        0x4
 .rodata        0x020322a8        0x5 /usr/local/openravenscar/lib/gcc-lib/sparc-ork-elf/2.8.1/adalib/libgnat.a(s-exctab.o)
 *fill*         0x020322ad        0x3
 .rodata        0x020322b0       0x40 /usr/local/openravenscar/lib/gcc-lib/sparc-ork-elf/2.8.1/adalib/libgnat.a(s-exnflt.o)
 .rodata        0x020322f0       0xd0 /usr/local/openravenscar/lib/gcc-lib/sparc-ork-elf/2.8.1/adalib/libgnat.a(s-fatflt.o)
                0x02032328                system__fat_flt__fat_float__r_neg_power
                0x020322f0                system__fat_flt__fat_float__log_power
                0x0203230c                system__fat_flt__fat_float__r_power
 .rodata        0x020323c0       0x68 /usr/local/openravenscar/lib/gcc-lib/sparc-ork-elf/2.8.1/adalib/libgnat.a(s-finimp.o)
 .rodata        0x02032428       0x47 /usr/local/openravenscar/lib/gcc-lib/sparc-ork-elf/2.8.1/adalib/libgnat.a(s-finroo.o)
 *fill*         0x0203246f        0x1