Archive member included       because of file (symbol)

/usr/local/openravenscar/lib/gcc-lib/sparc-ork-elf/2.8.1/adalib/libgnarl.a(a-reatim.o)
                              ./devices.o (ada__real_time__clock)
/usr/local/openravenscar/lib/gcc-lib/sparc-ork-elf/2.8.1/adalib/libgnarl.a(a-retide.o)
                              ./pulse_interrupt.o (ada__real_time__delays__delay_until)
/usr/local/openravenscar/lib/gcc-lib/sparc-ork-elf/2.8.1/adalib/libgnarl.a(s-interr.o)
                              b~main.o (system__interrupts___elabs)
/usr/local/openravenscar/lib/gcc-lib/sparc-ork-elf/2.8.1/adalib/libgnarl.a(s-osinte.o)
                              /usr/local/openravenscar/lib/gcc-lib/sparc-ork-elf/2.8.1/adalib/libgnarl.a(s-interr.o) (system__os_interface__attach_handler)
/usr/local/openravenscar/lib/gcc-lib/sparc-ork-elf/2.8.1/adalib/libgnarl.a(s-taprob.o)
                              ./devices.o (system__tasking__protected_objects__initialize_protection)
/usr/local/openravenscar/lib/gcc-lib/sparc-ork-elf/2.8.1/adalib/libgnarl.a(s-taprop.o)
                              /usr/local/openravenscar/lib/gcc-lib/sparc-ork-elf/2.8.1/adalib/libgnarl.a(a-retide.o) (system__task_primitives__operations__self)
/usr/local/openravenscar/lib/gcc-lib/sparc-ork-elf/2.8.1/adalib/libgnarl.a(s-tarest.o)
                              ./pulse_interrupt.o (system__tasking__restricted__stages__create_restricted_task)
/usr/local/openravenscar/lib/gcc-lib/sparc-ork-elf/2.8.1/adalib/libgnarl.a(s-tasdeb.o)
                              b~main.o (system__tasking__debug___elabs)
/usr/local/openravenscar/lib/gcc-lib/sparc-ork-elf/2.8.1/adalib/libgnarl.a(s-taskin.o)
                              /usr/local/openravenscar/lib/gcc-lib/sparc-ork-elf/2.8.1/adalib/libgnarl.a(s-tasdeb.o) (system__tasking__task_statesT)
/usr/local/openravenscar/lib/gcc-lib/sparc-ork-elf/2.8.1/adalib/libgnarl.a(s-taspri.o)
                              /usr/local/openravenscar/lib/gcc-lib/sparc-ork-elf/2.8.1/adalib/libgnarl.a(s-taskin.o) (system__task_primitives___init_proc)
/usr/local/openravenscar/lib/gcc-lib/sparc-ork-elf/2.8.1/adalib/libgnarl.a(s-tposen.o)
                              /usr/local/openravenscar/lib/gcc-lib/sparc-ork-elf/2.8.1/adalib/libgnarl.a(s-interr.o) (system__tasking__protected_objects__single_entry__protection_entryP)
/usr/local/openravenscar/lib/gcc-lib/sparc-ork-elf/2.8.1/adalib/libgnarl.a(kernel-interrupts.o)
                              /usr/local/openravenscar/lib/gcc-lib/sparc-ork-elf/2.8.1/adalib/libgnarl.a(s-osinte.o) (kernel_attach_interrupt_handler)
/usr/local/openravenscar/lib/gcc-lib/sparc-ork-elf/2.8.1/adalib/libgnarl.a(kernel-threads.o)
                              b~main.o (kernel__threads___elabs)
/usr/local/openravenscar/lib/gcc-lib/sparc-ork-elf/2.8.1/adalib/libgnarl.a(kernel-threads-atcb.o)
                              /usr/local/openravenscar/lib/gcc-lib/sparc-ork-elf/2.8.1/adalib/libgnarl.a(s-taprop.o) (kernel__threads__atcb__set_atcb)
/usr/local/openravenscar/lib/gcc-lib/sparc-ork-elf/2.8.1/adalib/libgnarl.a(kernel-threads-queues.o)
                              /usr/local/openravenscar/lib/gcc-lib/sparc-ork-elf/2.8.1/adalib/libgnarl.a(s-taprop.o) (running_thread)
/usr/local/openravenscar/lib/gcc-lib/sparc-ork-elf/2.8.1/adalib/libgnarl.a(kernel-threads-protection.o)
                              /usr/local/openravenscar/lib/gcc-lib/sparc-ork-elf/2.8.1/adalib/libgnarl.a(kernel-threads.o) (kernel__threads__protection__dispatch)
/usr/local/openravenscar/lib/gcc-lib/sparc-ork-elf/2.8.1/adalib/libgnarl.a(kernel-time.o)
                              /usr/local/openravenscar/lib/gcc-lib/sparc-ork-elf/2.8.1/adalib/libgnarl.a(s-taprop.o) (kernel_clock)
/usr/local/openravenscar/lib/gcc-lib/sparc-ork-elf/2.8.1/adalib/libgnarl.a(kernel-memory.o)
                              /usr/local/openravenscar/sparc-ork-elf/lib/ada_crt0.o (environment_stack)
/usr/local/openravenscar/lib/gcc-lib/sparc-ork-elf/2.8.1/adalib/libgnarl.a(kernel-cpu_primitives.o)
                              /usr/local/openravenscar/lib/gcc-lib/sparc-ork-elf/2.8.1/adalib/libgnarl.a(kernel-threads-protection.o) (kernel__cpu_primitives__context_switch)
/usr/local/openravenscar/lib/gcc-lib/sparc-ork-elf/2.8.1/adalib/libgnarl.a(kernel-peripherals-registers.o)
                              ./force_external_interrupt_2.o (kernel__peripherals__registers__test_control)
/usr/local/openravenscar/lib/gcc-lib/sparc-ork-elf/2.8.1/adalib/libgnarl.a(kernel-peripherals.o)
                              /usr/local/openravenscar/lib/gcc-lib/sparc-ork-elf/2.8.1/adalib/libgnarl.a(kernel-interrupts.o) (kernel__peripherals__to_vector)
/usr/local/openravenscar/lib/gcc-lib/sparc-ork-elf/2.8.1/adalib/libgnarl.a(kernel-serial_output.o)
                              ./devices.o (kernel__serial_output__put__2)
/usr/local/openravenscar/lib/gcc-lib/sparc-ork-elf/2.8.1/adalib/libgnarl.a(context.o)
[...]
Memory Configuration

Name             Origin             Length             Attributes
rom              0x00000000         0x00200000         xr
ram              0x02000000         0x003f8000         xrw
*default*        0x00000000         0xffffffff

Linker script and memory map

                0x00200000                PROM_SIZE=0x200000
                0x00400000                RAM_SIZE=0x400000
                0x00000000                PROM_START=0x0
                0x00200000                PROM_END=(PROM_START+PROM_SIZE)
                0x02000000                RAM_START=0x2000000
                0x02400000                RAM_END=(RAM_START+RAM_SIZE)

.text           0x02000000    0x35ac0
 CREATE_OBJECT_SYMBOLS
                0x02000000                text_start=.
 *(.text)
 .text          0x02000000     0x1384 /usr/local/openravenscar/sparc-ork-elf/lib/ada_crt0.o
                0x020011bc                __exit
                0x02000000                trap_table
                0x02000000                start
                0x020011bc                _exit
 .text          0x02001384      0x294 b~main.o
                0x02001600                ada_main___elabb
                0x02001384                adainit
                0x02001580                main
                0x02001564                adafinal
 .text          0x02001618       0x1c ./main.o
                0x02001618                _ada_main
 .text          0x02001634       0x98 ./force_external_interrupt_2.o
                0x02001634                _ada_force_external_interrupt_2
 .text          0x020016cc      0x57c ./pulse_interrupt.o
                0x02001c14                pulse_interrupt___elabb
                0x02001748                pulse_interrupt___elabs
                0x020016cc                pulse_interrupt___init_proc
                0x0200199c                pulse_interrupt__interruptTKB
 .text          0x02001c48     0x50d8 ./devices.o
                0x020052a4                devices___init_proc__6
                0x02005f54                devices__display_distance
                0x020061fc                devices__display_electrodes_sample
                0x02001de4                devices__reading_sensors
                0x02003b84                devices__reading_speed
                0x02006110                devices__display_headposition_sample
                0x0200607c                devices__display_steering
                0x020046f0                devices___init_proc__5
                0x02001d84                devices___init_proc
                0x02002f58                devices___init_proc__3
                0x02006974                devices(bool,...)(...)( *)
                0x020023f4                devices__reading_eyesimage
                0x02005fe8                devices__display_speed
                0x02006ca8                devices___elabb
                0x02006c4c                devices__activate_brake
                0x02005304                devices__reading_steering
                0x02006514                devices__display_cronometro
                0x0200688c                devices__light
                0x02003b24                devices___init_proc__4
                0x02004750                devices__reading_headposition
                0x02002fb8                devices__reading_distance
                0x02006bf0                devices__activate_automatic_driving
                0x02002394                devices___init_proc__2
                0x02001c48                devices___elabs
                0x020062e8                devices__display_eyes_sample
                0x02005e70                devices__display_pulse_rate
 .text          0x02006d20      0x9a8 ./workload.o
                0x02006d20                workload___elabs
                0x02007120                workload__small_whetstone
                0x020076b0                workload___elabb
 .text          0x020076c8      0x848 ./tools.o
                0x02007ee0                tools___elabb
                0x02007e6c                tools__execution_time
                0x02007dbc                tools__finishing_notice
                0x02007d0c                tools__starting_notice
                0x020076c8                tools___elabs
                0x020079b4                tools__print_an_integer
                0x02007b6c                tools__print_a_float
                0x02007714                tools__current_time
 .text          0x02007f10     0x2664 ./conductor.o
                0x020088f0                conductor__medidasPT__getposcabezaP
                0x02009ea8                conductor__cabezaTKB
                0x020084d8                conductor__medidasPT__putvelocidadN
                0x020094c4                conductor__sintomasPT__getavisodistanciaN
                0x02008008                conductor___init_proc__3
                0x0200940c                conductor__sintomasPT__getavisovolanteN
                0x02009d34                conductor__sintomasPT__getavisocabezaP
                0x020082b0                conductor__medidasPT__getgirovolanteN
                0x020085c4                conductor__medidasPT__putposcabezaN
                0x02008538                conductor__medidasPT__getposcabezaN
                0x0200a284                conductor__girovolanteTKB
                0x02008328                conductor__medidasPT__putgirovolanteN
                0x020093b4                conductor__sintomasPT__putavisocabezaN
                0x0200946c                conductor__sintomasPT__putavisovolanteN
                0x02008080                conductor___elabs
                0x02008d8c                conductor__medidasPT__putdistanciaP
                0x02008c00                conductor__medidasPT__getvelocidadP
                0x02007f8c                conductor___init_proc__2
                0x02008460                conductor__medidasPT__getvelocidadN
                0x020095b0                conductor__sintomasPT__putavisodistanciaP
                0x0200908c                conductor__medidasPT__putgirovolanteP
                0x02007f10                conductor___init_proc
                0x02009bb8                conductor__sintomasPT__putavisocabezaP
                0x02008f00                conductor__medidasPT__getdistanciaP
                0x02008a8c                conductor__medidasPT__putvelocidadP
                0x02009724                conductor__sintomasPT__getavisodistanciaP
                0x0200a534                conductor___elabb
                0x02009200                conductor__medidasPT__getgirovolanteP
                0x02008388                conductor__medidasPT__getdistanciaN
                0x020098b0                conductor__sintomasPT__putavisovolanteP
                0x02008044                conductor___init_proc__4
                0x02009524                conductor__sintomasPT__putavisodistanciaN
                0x0200877c                conductor__medidasPT__putposcabezaP
                0x02008400                conductor__medidasPT__putdistanciaN
                0x02009a2c                conductor__sintomasPT__getavisovolanteP
                0x02009354                conductor__sintomasPT__getavisocabezaN
 .text          0x0200a574     0x10f4 ./vehiculo.o
                0x0200a6e8                vehiculo___elabs
                0x0200b61c                vehiculo___elabb
                0x0200a954                vehiculo__riesgosTKB
                0x0200a66c                vehiculo___init_proc__3
                0x0200b14c                vehiculo__displayTKB
                0x0200ad00                vehiculo__distanciaseguridadTKB
                0x0200a5f0                vehiculo___init_proc__2
                0x0200a574                vehiculo___init_proc
 .text          0x0200b668      0xab0 ./add.o
                0x0200b6a4                add___init_proc
                0x0200b668                add__background
                0x0200bfc4                add___elabb
                0x0200b73c                add___init_proc__2
 .text          0x0200c118      0x5e4 /usr/local/openravenscar/lib/gcc-lib/sparc-ork-elf/2.8.1/adalib/libgnarl.a(a-reatim.o)
                0x0200c144                ada__real_time__Oadd__2
                0x0200c318                ada__real_time__split
                0x0200c134                ada__real_time__Oadd
                0x0200c194                ada__real_time__Osubtract__4
                0x0200c298                ada__real_time__nanoseconds
                0x0200c204                ada__real_time__Odivide__2
                0x0200c1c0                ada__real_time__Odivide
                0x0200c174                ada__real_time__Osubtract__2
                0x0200c288                ada__real_time__to_duration
                0x0200c630                ada__real_time__time_of
                0x0200c154                ada__real_time__Oadd__3
                0x0200c2e8                ada__real_time__milliseconds
                0x0200c118                ada__real_time__clock
                0x0200c2bc                ada__real_time__microseconds
                0x0200c164                ada__real_time__Osubtract
                0x0200c184                ada__real_time__Osubtract__3
                0x0200c290                ada__real_time__to_time_span
                0x0200c25c                ada__real_time__Omultiply__2
                0x0200c230                ada__real_time__Omultiply
 .text          0x0200c6fc       0x68 /usr/local/openravenscar/lib/gcc-lib/sparc-ork-elf/2.8.1/adalib/libgnarl.a(a-retide.o)
                0x0200c740                ada__real_time__delays__to_duration
                0x0200c6fc                ada__real_time__delays__delay_until
 .text          0x0200c764      0xcc4 /usr/local/openravenscar/lib/gcc-lib/sparc-ork-elf/2.8.1/adalib/libgnarl.a(s-interr.o)
                0x0200ca20                system__interrupts__is_reserved
                0x0200c788                system__interrupts___elabs
                0x0200d1b8                system__interrupts__install_handlers
                0x0200c874                system__interrupts__ada_interrupt_wrapper
                0x0200ca98                system__interrupts__current_handler__3
                0x0200d334                system__interrupts___init_proc__4
                0x0200d340                system__interrupts___init_proc__5
                0x0200d2e0                system__interrupts___init_proc__2
                0x0200d150                system__interrupts__reference
                0x0200c958                system__interrupts__register_interrupt_handler
                0x0200d410                system__interrupts___init_proc__7
                0x0200d2d8                system__interrupts___init_proc
                0x0200cf74                system__interrupts__detach_handler__3
                0x0200cd1c                system__interrupts__exchange_handler
                0x0200cb14                system__interrupts__attach_handler__3
                0x0200ca34                system__interrupts__is_handler_attached
                0x0200c9ac                system__interrupts__is_registered
                0x0200d41c                system__interrupts___init_proc__8
                0x0200d180                system__interrupts__finalize
                0x0200d270                system__interrupts___elabb
                0x0200c764                system__interrupts___size
                0x0200d2ec                system__interrupts___init_proc__3
                0x0200d1b0                system__interrupts__has_interrupt_or_attach_handler
                0x0200d390                system__interrupts___init_proc__6
 .text          0x0200d428       0x54 /usr/local/openravenscar/lib/gcc-lib/sparc-ork-elf/2.8.1/adalib/libgnarl.a(s-osinte.o)
                0x0200d454                system__os_interface__detach_handler
                0x0200d428                system__os_interface__priority_of_interrupt
                0x0200d43c                system__os_interface__attach_handler
                0x0200d468                system__os_interface__current_handler
 .text          0x0200d47c      0x10c /usr/local/openravenscar/lib/gcc-lib/sparc-ork-elf/2.8.1/adalib/libgnarl.a(s-taprob.o)
                0x0200d568                system__tasking__protected_objects___init_proc
                0x0200d538                system__tasking__protected_objects__unlock
                0x0200d4a8                system__tasking__protected_objects__lock
                0x0200d574                system__tasking__protected_objects___init_proc__2
                0x0200d47c                system__tasking__protected_objects__initialize_protection
                0x0200d4f0                system__tasking__protected_objects__lock_read_only
                0x0200d550                system__tasking__protected_objects__finalize_protection
 .text          0x0200d588      0x978 /usr/local/openravenscar/lib/gcc-lib/sparc-ork-elf/2.8.1/adalib/libgnarl.a(s-taprop.o)
                0x0200d808                system__task_primitives__operations__get_priority
                0x0200d680                system__task_primitives__operations__unlock__2
                0x0200d9e0                system__task_primitives__operations__check_no_locks
                0x0200d604                system__task_primitives__operations__write_lock
                0x0200da40                system__task_primitives__operations__resume_task
                0x0200dac0                system__task_primitives__operations___elabb
                0x0200d74c                system__task_primitives__operations__clock
                0x0200d620                system__task_primitives__operations__write_lock__2
                0x0200d5c0                system__task_primitives__operations__get_thread_id
                0x0200d6d4                system__task_primitives__operations__timed_delay
                0x0200d7e8                system__task_primitives__operations__set_priority
                0x0200d6b0                system__task_primitives__operations__timed_sleep
                0x0200d5a4                system__task_primitives__operations__self
                0x0200d698                system__task_primitives__operations__sleep
                0x0200d9c4                system__task_primitives__operations__set_exit_task_procedure
                0x0200d66c                system__task_primitives__operations__unlock
                0x0200d9f8                system__task_primitives__operations__environment_task
                0x0200d5cc                system__task_primitives__operations__initialize_lock
                0x0200dcf4                system__task_primitives__operations___init_proc
                0x0200d9a8                system__task_primitives__operations__exit_task
                0x0200d770                system__task_primitives__operations__wakeup
                0x0200d588                system__task_primitives__operations__set
                0x0200d9d0                system__task_primitives__operations__abort_task
                0x0200da04                system__task_primitives__operations__lock_all_tasks_list
                0x0200d638                system__task_primitives__operations__write_lock__3
                0x0200d998                system__task_primitives__operations__finalize_tcb
                0x0200d884                system__task_primitives__operations__new_atcb
                0x0200da38                system__task_primitives__operations__suspend_task
                0x0200d784                system__task_primitives__operations__yield
                0x0200da20                system__task_primitives__operations__unlock_all_tasks_list
                0x0200da48                system__task_primitives__operations__initialize
                0x0200d9d8                system__task_primitives__operations__check_exit
                0x0200d8fc                system__task_primitives__operations__initialize_tcb
                0x0200d5b8                system__task_primitives__operations__stack_guard
                0x0200d5fc                system__task_primitives__operations__finalize_lock
                0x0200d9a0                system__task_primitives__operations__default_exit_task_procedure
                0x0200d938                system__task_primitives__operations__create_task
                0x0200d5e4                system__task_primitives__operations__initialize_lock__2
                0x0200d650                system__task_primitives__operations__read_lock
                0x0200d820                system__task_primitives__operations__enter_task
 .text          0x0200df00      0x924 /usr/local/openravenscar/lib/gcc-lib/sparc-ork-elf/2.8.1/adalib/libgnarl.a(s-tarest.o)
                0x0200e174                system__tasking__restricted__stages__create_restricted_task
                0x0200e674                system__tasking__restricted__stages__restricted_terminated
                0x0200e384                system__tasking__restricted__stages__activate_restricted_tasks
                0x0200e544                system__tasking__restricted__stages__complete_restricted_activation
                0x0200e688                system__tasking__restricted__stages__finalize_global_tasks
                0x0200e6dc                system__tasking__restricted__stages___elabb
                0x0200e614                system__tasking__restricted__stages__complete_restricted_task
 .text          0x0200e824      0xf44 /usr/local/openravenscar/lib/gcc-lib/sparc-ork-elf/2.8.1/adalib/libgnarl.a(s-tasdeb.o)
                0x0200f49c                system__tasking__debug__image
                0x0200f740                system__tasking__debug___init_proc__2
                0x0200f178                system__tasking__debug__print_current_task
                0x0200f3ec                system__tasking__debug__trace__2
                0x0200e824                system__tasking__debug___elabs
                0x0200f194                system__tasking__debug__list_tasks
                0x0200f644                system__tasking__debug__resume_all_tasks
                0x0200e89c                system__tasking__debug__set_user_state
                0x0200efc4                system__tasking__debug__print_task_info_header
                0x0200f700                system__tasking__debug___init_proc
                0x0200e888                system__tasking__debug__self
                0x0200f67c                system__tasking__debug___elabb
                0x0200f1d4                system__tasking__debug__print_accept_info
                0x0200f488                system__tasking__debug__set_trace
                0x0200f298                system__tasking__debug__trace
                0x0200f420                system__tasking__debug__trace__3
                0x0200f454                system__tasking__debug__trace__4
                0x0200eb84                system__tasking__debug__print_task_info
                0x0200e880                system__tasking__debug__task_termination_hook
                0x0200e878                system__tasking__debug__task_creation_hook
                0x0200f60c                system__tasking__debug__suspend_all_tasks
 .text          0x0200f768      0x75c /usr/local/openravenscar/lib/gcc-lib/sparc-ork-elf/2.8.1/adalib/libgnarl.a(s-taskin.o)
                0x0200fb7c                system__tasking___init_proc__3
                0x0200fe24                system__tasking___init_proc__8
                0x0200fde4                system__tasking___init_proc__7
                0x0200f768                system__tasking__self
                0x0200fb44                system__tasking___init_proc__2
                0x0200f8a4                system__tasking___elabb
                0x0200fbf8                system__tasking___init_proc__4
                0x0200fe30                system__tasking___init_proc__9
                0x0200faf0                system__tasking___init_proc
                0x0200fc4c                system__tasking___init_proc__6
                0x0200f77c                system__tasking__initialize_atcb
                0x0200fc04                system__tasking___init_proc__5
 .text          0x0200fec4       0x14 /usr/local/openravenscar/lib/gcc-lib/sparc-ork-elf/2.8.1/adalib/libgnarl.a(s-taspri.o)
                0x0200fec4                system__task_primitives___init_proc
 .text          0x0200fed8      0x8cc /usr/local/openravenscar/lib/gcc-lib/sparc-ork-elf/2.8.1/adalib/libgnarl.a(s-tposen.o)
                0x02010118                system__tasking__protected_objects__single_entry__check_exception
                0x0200fef8                system__tasking__protected_objects__single_entry___elabs
                0x0200fed8                system__tasking__protected_objects__single_entry___size
                0x02010220                system__tasking__protected_objects__single_entry__po_do_or_queue
                0x0201064c                system__tasking__protected_objects__single_entry__timed_protected_single_entry_call
                0x0200fef0                system__tasking__protected_objects__single_entry___deep_finalize
                0x02010080                system__tasking__protected_objects__single_entry__wait_for_completion
                0x0201013c                system__tasking__protected_objects__single_entry__initialize_protection_entry
                0x020101c0                system__tasking__protected_objects__single_entry__lock_read_only_entry
                0x02010748                system__tasking__protected_objects__single_entry__protected_count_entry
                0x02010734                system__tasking__protected_objects__single_entry__complete_single_entry_body
                0x020103b0                system__tasking__protected_objects__single_entry__service_entry
                0x02010760                system__tasking__protected_objects__single_entry__protected_single_entry_caller
                0x02010178                system__tasking__protected_objects__single_entry__lock_entry
                0x02010208                system__tasking__protected_objects__single_entry__unlock_entry
                0x0201053c                system__tasking__protected_objects__single_entry__protected_single_entry_call
                0x02010028                system__tasking__protected_objects__single_entry__send_program_error
                0x02010064                system__tasking__protected_objects__single_entry__wakeup_entry_caller
                0x020103cc                system__tasking__protected_objects__single_entry__po_service_entry
                0x0201073c                system__tasking__protected_objects__single_entry__exceptional_complete_single_entry_body
                0x020100a8                system__tasking__protected_objects__single_entry__wait_for_completion_with_timeout
                0x02010774                system__tasking__protected_objects__single_entry___init_proc
 .text          0x020107a4      0x1f0 /usr/local/openravenscar/lib/gcc-lib/sparc-ork-elf/2.8.1/adalib/libgnarl.a(kernel-interrupts.o)
                0x0201086c                kernel_detach_interrupt_handler
                0x020108b4                kernel__interrupts___elabb
                0x020107a4                kernel__interrupts__null_handler
                0x020107ac                kernel__interrupts__wrapper
                0x02010894                kernel_current_interrupt_handler
                0x0201080c                kernel_attach_interrupt_handler
                0x02010938                kernel__interrupts___init_proc__2
                0x02010920                kernel__interrupts___init_proc
 .text          0x02010994      0x5dc /usr/local/openravenscar/lib/gcc-lib/sparc-ork-elf/2.8.1/adalib/libgnarl.a(kernel-threads.o)
                0x02010994                kernel__threads___elabs
                0x02010f34                kernel__threads___init_proc__3
                0x02010c04                kernel_yield
                0x02010d04                kernel_check_no_mutexes
                0x02010d14                kernel_condition_init
                0x02010b64                kernel__threads__set_active_priority
                0x02010b18                kernel_set_priority
                0x02010dd8                kernel_condition_signal
                0x02010e38                kernel_thread_create
                0x02010a20                kernel__threads__default_dummy_task_function
                0x02010f00                kernel_thread_self
                0x020109d0                kernel__threads__thread_caller
                0x02010d1c                kernel_condition_wait
                0x02010a30                kernel_initialize
                0x02010ca4                kernel_mutex_unlock
                0x02010c4c                kernel_mutex_lock
                0x02010c40                kernel_mutex_init
                0x02010f10                kernel__threads___elabb
                0x02010f20                kernel__threads___init_proc
                0x02010f2c                kernel__threads___init_proc__2
                0x02010be8                kernel_get_priority
 .text          0x02010f70       0x28 /usr/local/openravenscar/lib/gcc-lib/sparc-ork-elf/2.8.1/adalib/libgnarl.a(kernel-threads-atcb.o)
                0x02010f88                kernel__threads__atcb___elabb
                0x02010f78                kernel__threads__atcb__thread_self_atcb
                0x02010f70                kernel__threads__atcb__set_atcb
 .text          0x02010f98      0x478 /usr/local/openravenscar/lib/gcc-lib/sparc-ork-elf/2.8.1/adalib/libgnarl.a(kernel-threads-queues.o)
                0x020111b0                kernel__threads__queues__insert_alarm
                0x02011054                kernel__threads__queues__insert_at_tail
                0x02010fb0                kernel__threads__queues__insert_at_head
                0x0201127c                kernel__threads__queues__extract_first_alarm
                0x02011164                kernel__threads__queues__get_new_thread_descriptor
                0x02011380                kernel__threads__queues___init_proc
                0x020110f8                kernel__threads__queues__extract_from_ready
                0x020112a8                kernel__threads__queues__get_next_alarm_time
                0x020112dc                kernel__threads__queues___elabb
                0x02011140                kernel__threads__queues__next_running
                0x02010fa4                kernel__threads__queues__environment_thread_id
                0x02010f98                kernel__threads__queues__dummy_thread_id
 .text          0x02011410      0x108 /usr/local/openravenscar/lib/gcc-lib/sparc-ork-elf/2.8.1/adalib/libgnarl.a(kernel-threads-protection.o)
                0x02011434                kernel__threads__protection__leave_kernel
                0x02011410                kernel__threads__protection__dispatch
                0x02011508                kernel__threads__protection___elabb
                0x02011420                kernel__threads__protection__enter_kernel
 .text          0x02011518      0x3c4 /usr/local/openravenscar/lib/gcc-lib/sparc-ork-elf/2.8.1/adalib/libgnarl.a(kernel-time.o)
                0x020115d0                kernel_delay_until
                0x02011518                kernel_clock
                0x0201189c                kernel__time___elabb
 .text          0x020118dc       0x9c /usr/local/openravenscar/lib/gcc-lib/sparc-ork-elf/2.8.1/adalib/libgnarl.a(kernel-memory.o)
                0x02011938                kernel__memory___elabb
                0x020118e4                kernel_new_stack
                0x020118dc                kernel_new_memory_region
 .text          0x02011978       0x88 /usr/local/openravenscar/lib/gcc-lib/sparc-ork-elf/2.8.1/adalib/libgnarl.a(kernel-cpu_primitives.o)
                0x02011978                kernel__cpu_primitives__context_switch
                0x02011984                kernel__cpu_primitives__initialize_context
                0x020119f0                kernel__cpu_primitives___elabb
 .text          0x02011a00       0x44 /usr/local/openravenscar/lib/gcc-lib/sparc-ork-elf/2.8.1/adalib/libgnarl.a(kernel-peripherals-registers.o)
                0x02011a00                kernel__peripherals__registers___elabs
 .text          0x02011a44      0x6ac /usr/local/openravenscar/lib/gcc-lib/sparc-ork-elf/2.8.1/adalib/libgnarl.a(kernel-peripherals.o)
                0x02011a54                kernel__peripherals__stop_watch_dog
                0x02011a44                kernel__peripherals__to_vector
                0x02011a70                kernel__peripherals__init_clock
                0x0201203c                kernel__peripherals___elabb
                0x02011b54                kernel__peripherals__cancel_and_set_alarm
                0x02011b30                kernel__peripherals__init_board
                0x02011b68                kernel__peripherals__set_alarm
                0x02011cdc                kernel__peripherals__read_clock
                0x02011d4c                kernel__peripherals__clear_alarm_interrupt
                0x02011f7c                kernel__peripherals__uart_send
                0x02011d54                kernel__peripherals__clear_clock_interrupt
                0x02011e90                kernel__peripherals__init_uart
                0x02011a68                kernel__peripherals__memory_configuration
                0x02011d5c                kernel__peripherals__protect_segment
                0x02011a4c                kernel__peripherals__priority_of_interrupt
 .text          0x020120f0       0xe4 /usr/local/openravenscar/lib/gcc-lib/sparc-ork-elf/2.8.1/adalib/libgnarl.a(kernel-serial_output.o)
                0x02012148                kernel_new_line
                0x0201215c                kernel_put_line_c
                0x02012108                kernel__serial_output__put__2
                0x020120f0                kernel_put_c
                0x02012178                kernel__serial_output__put_line__2
                0x020121a8                kernel__serial_output___elabb
 .text          0x020121d4      0x2dc /usr/local/openravenscar/lib/gcc-lib/sparc-ork-elf/2.8.1/adalib/libgnarl.a(context.o)
                0x020124a8                exit_from_context_switch
                0x020121d4                context_switch
                0x020121e0                context_trap
 .text          0x020124b0      0x60c /usr/local/openravenscar/lib/gcc-lib/sparc-ork-elf/2.8.1/adalib/libgnarl.a(install_handler.o)
                0x02012568                set_next_running
                0x020124b0                enable_traps
                0x02012514                install_trap_handler
                0x020124c4                install_int_handler
 .text          0x02012abc       0x34 /usr/local/openravenscar/lib/gcc-lib/sparc-ork-elf/2.8.1/adalib/libgnarl.a(int_level.o)
                0x02012abc                disable_interrupts
                0x02012ad4                enable_interrupts
 .text          0x02012af0     0x25c0 /usr/local/openravenscar/lib/gcc-lib/sparc-ork-elf/2.8.1/adalib/libgnat.a(a-except.o)
                0x02014358                ada__exceptions__sdp_table_sort_move
                0x020144b8                ada__exceptions__string_to_eid
                0x02013b74                __gnat_raise_nodefer_with_msg
                0x02012d20                ada__exceptions__current_target_exception
                0x02013cec                ada__exceptions__raise_from_signal_handler
                0x02012b70                ada__exceptions__address_image
                0x02013f70                ada__exceptions__save_occurrence
                0x02014b54                __gnat_notify_exception
                0x02013834                ada__exceptions__propagate_exception
                0x020136a8                ada__exceptions__exception_name_simple
                0x02013ec4                __gnat_reraise
                0x02013c54                __gnat_raise_exception
                0x02012af0                ada__exceptions___elabs
                0x02012c78                __gnat_break_start
                0x02012c64                ada__exceptions__allocate_machine_state
                0x02012d44                ada__exceptions__deallocate_machine_state
                0x02012ff8                ada__exceptions__exception_information
                0x02013e24                __gnat_raise_storage_error
                0x02012db4                ada__exceptions__eo_to_string
                0x020142bc                ada__exceptions__sdp_table_sort_lt
                0x02014fc8                ada__exceptions__raise_exception_no_defer
                0x020135b4                ada__exceptions__exception_name__2
                0x02015070                ada__exceptions__zzz
                0x02012b60                ada__exceptions__poll
                0x02013e44                ada__exceptions__raise_with_c_msg
                0x02014be8                ada__exceptions__unhandled_exception_terminate
                0x02012d58                ada__exceptions__eid_to_string
                0x02014004                ada__exceptions__save_occurrence__2
                0x02013db0                ada__exceptions__raise_with_location
                0x02013d88                ada__exceptions__raise_no_msg
                0x020134f0                ada__exceptions__exception_message
                0x02014388                ada__exceptions__set_exception_c_msg
                0x020145e0                ada__exceptions__string_to_eo
                0x02013de4                __gnat_raise_constraint_error
                0x02013efc                ada__exceptions__reraise_occurrence
                0x02015078                ada__exceptions___elabb
                0x020150a0                ada__exceptions___init_proc
                0x02013678                ada__exceptions__exception_name
                0x02012b68                ada__exceptions__aaa
                0x02013f44                ada__exceptions__reraise_occurrence_no_defer
                0x02012e14                ada__exceptions__exception_identity
                0x02014030                __gnat_SDP_Table_Build
                0x02014b4c                __gnat_unhandled_exception
                0x02012c80                ada__exceptions__call_chain
                0x02013e78                __gnat_raise_with_msg
                0x02013e04                __gnat_raise_program_error
 .text          0x020150b0      0x2ec /usr/local/openravenscar/lib/gcc-lib/sparc-ork-elf/2.8.1/adalib/libgnat.a(a-filico.o)
                0x020150fc                ada__finalization__list_controller___deep_finalize__2
                0x02015368                ada__finalization__list_controller___init_proc__2
                0x0201532c                ada__finalization__list_controller__finalize
                0x020150ec                ada__finalization__list_controller___size__2
                0x02015344                ada__finalization__list_controller___init_proc
                0x020152f8                ada__finalization__list_controller__finalize__2
                0x02015128                ada__finalization__list_controller___elabs
                0x020150b0                ada__finalization__list_controller___size
                0x020152e0                ada__finalization__list_controller__initialize__2
                0x020150c0                ada__finalization__list_controller___deep_finalize
 .text          0x0201539c      0x560 /usr/local/openravenscar/lib/gcc-lib/sparc-ork-elf/2.8.1/adalib/libgnat.a(a-finali.o)
                0x020155fc                ada__finalization___size__4
                0x0201587c                ada__finalization__initialize
                0x02015894                ada__finalization__Oeq__2
                0x020158bc                ada__finalization___init_proc
                0x020153c4                ada__finalization___write__3
                0x020158b4                ada__finalization__finalize__2
                0x0201539c                ada__finalization___size__3
                0x020153ac                ada__finalization___read__3
                0x02015884                ada__finalization__adjust
                0x020158dc                ada__finalization___init_proc__2
                0x02015638                ada__finalization___elabs
                0x0201588c                ada__finalization__finalize
                0x020155a8                ada__finalization___deep_adjust
                0x020158ac                ada__finalization__initialize__2
                0x020153dc                ada__finalization___assign__3
                0x020155d0                ada__finalization___deep_finalize
                0x0201560c                ada__finalization___deep_finalize__2
 .text          0x020158fc       0x6c /usr/local/openravenscar/lib/gcc-lib/sparc-ork-elf/2.8.1/adalib/libgnat.a(a-ioexce.o)
                0x020158fc                ada__io_exceptions___elabs
 .text          0x02015968     0x1e98 /usr/local/openravenscar/lib/gcc-lib/sparc-ork-elf/2.8.1/adalib/libgnat.a(a-nuelfu.o)
                0x02017424                ada__numerics__elementary_functions__sinh
                0x020162ac                ada__numerics__elementary_functions__arcsin
                0x02016094                ada__numerics__elementary_functions__arccosh
                0x020164d8                ada__numerics__elementary_functions__arcsinh
                0x02015968                ada__numerics__elementary_functions__Oexpon
                0x020161a8                ada__numerics__elementary_functions__arccoth
                0x0201618c                ada__numerics__elementary_functions__arccot__2
                0x02016380                ada__numerics__elementary_functions__arcsin__2
                0x02016708                ada__numerics__elementary_functions__arctan__2
                0x02015f28                ada__numerics__elementary_functions__arccos__2
                0x02016a08                ada__numerics__elementary_functions__cos
                0x02017530                ada__numerics__elementary_functions__sqrt
                0x0201763c                ada__numerics__elementary_functions__tan__2
                0x02017328                ada__numerics__elementary_functions__sin__2
                0x020171b8                ada__numerics__elementary_functions__log__2
                0x02016c0c                ada__numerics__elementary_functions__cot__2
                0x0201776c                ada__numerics__elementary_functions__tanh
                0x02016d74                ada__numerics__elementary_functions__coth
                0x020170fc                ada__numerics__elementary_functions__log
                0x02016ab8                ada__numerics__elementary_functions__cosh
                0x02016174                ada__numerics__elementary_functions__arccot
                0x020165f8                ada__numerics__elementary_functions__arctan
                0x020172e0                ada__numerics__elementary_functions__sin
                0x02015e28                ada__numerics__elementary_functions__arccos
                0x02016a74                ada__numerics__elementary_functions__cos__2
                0x020175b4                ada__numerics__elementary_functions__tan
                0x02016e68                ada__numerics__elementary_functions__exp
                0x02016b64                ada__numerics__elementary_functions__cot
                0x0201687c                ada__numerics__elementary_functions__arctanh
 .text          0x02017800       0x18 /usr/local/openravenscar/lib/gcc-lib/sparc-ork-elf/2.8.1/adalib/libgnat.a(a-numeri.o)
                0x02017800                ada__numerics___elabs
 .text          0x02017818       0xc0 /usr/local/openravenscar/lib/gcc-lib/sparc-ork-elf/2.8.1/adalib/libgnat.a(a-stream.o)
                0x02017830                ada__streams___elabs
                0x02017828                ada__streams___deep_finalize
                0x02017818                ada__streams___size
                0x020178c8                ada__streams___init_proc
 .text          0x020178d8      0x934 /usr/local/openravenscar/lib/gcc-lib/sparc-ork-elf/2.8.1/adalib/libgnat.a(a-tags.o)
                0x02017f40                ada__tags__length
                0x020181ac                ada__tags___init_proc
                0x02017a4c                ada__tags__external_tag_htable__removeXn
                0x02018064                ada__tags__get_rc_offset
                0x02018180                ada__tags__set_remotely_callable
                0x02018148                ada__tags__set_prim_op_address
                0x02018128                ada__tags__register_tag
                0x020180c8                ada__tags__inherit_tsd
                0x020178d8                ada__tags___elabs
                0x02018040                ada__tags__get_expanded_name
                0x0201815c                ada__tags__set_expanded_name
                0x02018070                ada__tags__get_remotely_callable
                0x02017c68                ada__tags__expanded_name
                0x020178f0                ada__tags__external_tag_htable__getXn
                0x02018058                ada__tags__get_inheritance_depth
                0x02018088                ada__tags__get_tsd
                0x02017b44                ada__tags__external_tag_htable__setXn
                0x02018000                ada__tags__cw_membership
                0x02018090                ada__tags__inherit_dt
                0x02017998                ada__tags__external_tag_htable__get_nextXn
                0x02017d70                ada__tags__get_external_tag
                0x02017d94                ada__tags__internal_tag
                0x020181b4                ada__tags___init_proc__2
                0x02017f9c                ada__tags___elabb
                0x02018154                ada__tags__set_tsd
                0x02018168                ada__tags__set_external_tag
                0x02017bb8                ada__tags__get_ht_link
                0x02017f74                ada__tags__parent_size
                0x02017b80                ada__tags__equal
                0x02017964                ada__tags__external_tag_htable__get_firstXn
                0x0201813c                ada__tags__set_inheritance_depth
                0x02017cec                ada__tags__external_tag
                0x020179d4                ada__tags__external_tag_htable__get_non_nullXn
                0x0201804c                ada__tags__get_prim_op_address
                0x02018174                ada__tags__set_rc_offset
                0x02017c24                ada__tags__hash
                0x02017b04                ada__tags__external_tag_htable__resetXn
                0x02017c5c                ada__tags__set_ht_link
                0x020181c0                ada__tags__external_tag_htable___init_procXn
 .text          0x0201820c      0x25c /usr/local/openravenscar/lib/gcc-lib/sparc-ork-elf/2.8.1/adalib/libgnat.a(g-except.o)
                0x02018358                gnat__exceptions___deep_finalize
                0x02018224                gnat__exceptions___write
                0x02018260                gnat__exceptions___output
                0x02018280                gnat__exceptions___assign
                0x0201822c                gnat__exceptions___input
                0x02018360                gnat__exceptions___elabs
                0x0201821c                gnat__exceptions___read
                0x0201820c                gnat__exceptions___size
                0x02018458                gnat__exceptions___init_proc
                0x02018278                gnat__exceptions__Oeq
                0x02018350                gnat__exceptions___deep_adjust
 .text          0x02018468      0x174 /usr/local/openravenscar/lib/gcc-lib/sparc-ork-elf/2.8.1/adalib/libgnat.a(g-hesora.o)
                0x02018538                gnat__heap_sort_a__sort
 .text          0x020185dc      0xc6c /usr/local/openravenscar/lib/gcc-lib/sparc-ork-elf/2.8.1/adalib/libgnat.a(i-c.o)
                0x02018eec                interfaces__c__to_c__4
                0x02018a2c                interfaces__c__to_ada__6
                0x02018640                interfaces__c__is_nul_terminated__2
                0x02018690                interfaces__c__to_ada
                0x02018698                interfaces__c__to_ada__2
                0x02018b54                interfaces__c__to_c
                0x020185f4                interfaces__c__is_nul_terminated
                0x020190a0                interfaces__c__to_c__6
                0x020187cc                interfaces__c__to_ada__3
                0x020185dc                interfaces__c___elabs
                0x02018d54                interfaces__c__to_c__3
                0x020188ec                interfaces__c__to_ada__5
                0x02018ef4                interfaces__c__to_c__5
                0x02018b5c                interfaces__c__to_c__2
                0x020188e4                interfaces__c__to_ada__4
 .text          0x02019248     0x13b4 /usr/local/openravenscar/lib/gcc-lib/sparc-ork-elf/2.8.1/adalib/libgnat.a(s-arit64.o)
                0x02019384                system__arith_64__hi
                0x0201992c                system__arith_64__scaled_divide
                0x020198fc                system__arith_64__raise_error
                0x020192fc                system__arith_64__Odivide
                0x02019270                system__arith_64__Oadd__2
                0x0201a528                system__arith_64__subtract_with_ovflo_check
                0x020192a0                system__arith_64__Omultiply
                0x02019394                system__arith_64__lo
                0x020192d0                system__arith_64__Omultiply__2
                0x02019408                system__arith_64__double_divide
                0x020196f8                system__arith_64__multiply_with_ovflo_check
                0x0201a5dc                system__arith_64__to_pos_int
                0x02019248                system__arith_64__Oadd
                0x02019354                system__arith_64__Oconcat
                0x0201a5a4                system__arith_64__to_neg_int
                0x02019328                system__arith_64__Orem
                0x0201939c                system__arith_64__add_with_ovflo_check
                0x02019288                system__arith_64__Osubtract
 .text          0x0201a5fc      0x16c /usr/local/openravenscar/lib/gcc-lib/sparc-ork-elf/2.8.1/adalib/libgnat.a(s-except.o)
                0x0201a620                system__exceptions___init_proc
                0x0201a5fc                system__exceptions___elabs
                0x0201a6c8                system__exceptions___init_proc__4
                0x0201a668                system__exceptions___init_proc__3
                0x0201a708                system__exceptions___init_proc__5
                0x0201a628                system__exceptions___init_proc__2
 .text          0x0201a768      0x54c /usr/local/openravenscar/lib/gcc-lib/sparc-ork-elf/2.8.1/adalib/libgnat.a(s-exctab.o)
                0x0201aa7c                system__exception_table__get_key
                0x0201a810                system__exception_table__exception_htable__get_nextXn
                0x0201aa44                system__exception_table__equal
                0x0201a9bc                system__exception_table__exception_htable__setXn
                0x0201ac68                system__exception_table__exception_htable___init_procXn
                0x0201a768                system__exception_table__exception_htable__getXn
                0x0201aa00                system__exception_table__get_ht_link
                0x0201a97c                system__exception_table__exception_htable__resetXn
                0x0201a9f8                system__exception_table__set_ht_link
                0x0201aa84                system__exception_table__internal_exception
                0x0201a84c                system__exception_table__exception_htable__get_non_nullXn
                0x0201aa08                system__exception_table__hash
                0x0201a7dc                system__exception_table__exception_htable__get_firstXn
                0x0201abb8                system__exception_table___elabb
                0x0201aba4                system__exception_table__register_exception
                0x0201a8c4                system__exception_table__exception_htable__removeXn
 .text          0x0201acb4      0x1c4 /usr/local/openravenscar/lib/gcc-lib/sparc-ork-elf/2.8.1/adalib/libgnat.a(s-exnflt.o)
                0x0201acb4                system__exn_flt__exn_float
 .text          0x0201ae78      0xb2c /usr/local/openravenscar/lib/gcc-lib/sparc-ork-elf/2.8.1/adalib/libgnat.a(s-fatflt.o)
                0x0201b82c                system__fat_flt__fat_float__truncation
                0x0201afbc                system__fat_flt__fat_float__decompose
                0x0201b350                system__fat_flt__fat_float__model
                0x0201b258                system__fat_flt__fat_float__floor
                0x0201b364                system__fat_flt__fat_float__pred
                0x0201b62c                system__fat_flt__fat_float__scaling
                0x0201b2e0                system__fat_flt__fat_float__leading_part
                0x0201b8dc                system__fat_flt__fat_float__unbiased_rounding
                0x0201aed0                system__fat_flt__fat_float__ceiling
                0x0201af30                system__fat_flt__fat_float__compose
                0x0201b230                system__fat_flt__fat_float__exponent
                0x0201b2b8                system__fat_flt__fat_float__fraction
                0x0201b1a8                system__fat_flt__fat_float__gradual_scaling
                0x0201b41c                system__fat_flt__fat_float__remainder
                0x0201b5a4                system__fat_flt__fat_float__rounding
                0x0201ae78                system__fat_flt__fat_float__adjacent
                0x0201b744                system__fat_flt__fat_float__succ
                0x0201b984                system__fat_flt__fat_float__valid
                0x0201af60                system__fat_flt__fat_float__copy_sign
                0x0201b33c                system__fat_flt__fat_float__machine
 .text          0x0201b9a4     0x13dc /usr/local/openravenscar/lib/gcc-lib/sparc-ork-elf/2.8.1/adalib/libgnat.a(s-finimp.o)
                0x0201cbc4                system__finalization_implementation__deep_tag_attach
                0x0201bbd0                system__finalization_implementation___read__2
                0x0201c224                system__finalization_implementation__detach_from_final_list
                0x0201ba68                system__finalization_implementation___output
                0x0201c680                system__finalization_implementation__finalize_list
                0x0201bc9c                system__finalization_implementation__Oeq__2
                0x0201cd50                system__finalization_implementation___init_proc__2
                0x0201bac8                system__finalization_implementation___assign
                0x0201cc7c                system__finalization_implementation__initialize__2
                0x0201c088                system__finalization_implementation__attach_to_final_list
                0x0201ca28                system__finalization_implementation__deep_tag_adjust
                0x0201bce4                system__finalization_implementation___assign__2
                0x0201ba80                system__finalization_implementation__Oeq
                0x0201ba10                system__finalization_implementation___input
                0x0201b9ec                system__finalization_implementation___write
                0x0201c938                system__finalization_implementation__deep_tag_initialize
                0x0201cc74                system__finalization_implementation__initialize
                0x0201cd2c                system__finalization_implementation___init_proc
                0x0201bbf4                system__finalization_implementation___write__2
                0x0201bde4                system__finalization_implementation___elabs
                0x0201bc84                system__finalization_implementation___output__2
                0x0201bc18                system__finalization_implementation___input__2
                0x0201b9b4                system__finalization_implementation___read
                0x0201c7ec                system__finalization_implementation__finalize_one
                0x0201caf4                system__finalization_implementation__deep_tag_finalize
                0x0201c7c4                system__finalization_implementation__finalize_global_list
                0x0201cd18                system__finalization_implementation__finalize
                0x0201bbc0                system__finalization_implementation___size__2
                0x0201cce4                system__finalization_implementation__adjust__2
                0x0201b9a4                system__finalization_implementation___size
 .text          0x0201cd80      0x658 /usr/local/openravenscar/lib/gcc-lib/sparc-ork-elf/2.8.1/adalib/libgnat.a(s-finroo.o)
                0x0201cd80                system__finalization_root___size
                0x0201d3b4                system__finalization_root___init_proc__2
                0x0201cd90                system__finalization_root___read
                0x0201d0c8                system__finalization_root___elabs
                0x0201cf80                system__finalization_root__Oeq__2
                0x0201cf10                system__finalization_root___input__2
                0x0201cd98                system__finalization_root___write
                0x0201cda8                system__finalization_root___assign
                0x0201d374                system__finalization_root__finalize
                0x0201cf68                system__finalization_root___output__2
                0x0201d314                system__finalization_root__initialize
                0x0201cda0                system__finalization_root__Oeq
                0x0201ce88                system__finalization_root___read__2
                0x0201cee0                system__finalization_root___write__2
                0x0201ce78                system__finalization_root___size__2
                0x0201d344                system__finalization_root__adjust
                0x0201cfd8                system__finalization_root___assign__2
                0x0201d3a4                system__finalization_root___init_proc
 .text          0x0201d3d8      0x1b4 /usr/local/openravenscar/lib/gcc-lib/sparc-ork-elf/2.8.1/adalib/libgnat.a(s-imgint.o)
                0x0201d514                system__img_int__set_image_integer
                0x0201d3d8                system__img_int__image_integer
 .text          0x0201d58c      0xbc8 /usr/local/openravenscar/lib/gcc-lib/sparc-ork-elf/2.8.1/adalib/libgnat.a(s-imgrea.o)
                0x0201d58c                system__img_real__image_ordinary_fixed_point
                0x0201dc78                system__img_real__set_image_real
                0x0201d660                system__img_real__image_floating_point
 .text          0x0201e154      0x160 /usr/local/openravenscar/lib/gcc-lib/sparc-ork-elf/2.8.1/adalib/libgnat.a(s-imguns.o)
                0x0201e154                system__img_uns__image_unsigned
                0x0201e274                system__img_uns__set_image_unsigned
 .text          0x0201e2b4       0x40 /usr/local/openravenscar/lib/gcc-lib/sparc-ork-elf/2.8.1/adalib/libgnat.a(s-mastop.o)
                0x0201e2cc                system__machine_state_operations__get_code_loc
                0x0201e2b4                system__machine_state_operations__allocate_machine_state
                0x0201e2ec                system__machine_state_operations__set_signal_machine_state
                0x0201e2c4                system__machine_state_operations__free_machine_state
                0x0201e2d4                system__machine_state_operations__machine_state_length
                0x0201e2bc                system__machine_state_operations__enter_handler
                0x0201e2e4                system__machine_state_operations__set_machine_state
                0x0201e2dc                system__machine_state_operations__pop_frame
 .text          0x0201e2f4       0x50 /usr/local/openravenscar/lib/gcc-lib/sparc-ork-elf/2.8.1/adalib/libgnat.a(s-parame.o)
                0x0201e2fc                system__parameters__minimum_stack_size
                0x0201e304                system__parameters__adjust_storage_size
                0x0201e2f4                system__parameters__default_stack_size
 .text          0x0201e344      0x314 /usr/local/openravenscar/lib/gcc-lib/sparc-ork-elf/2.8.1/adalib/libgnat.a(s-secsta.o)
                0x0201e650                system__secondary_stack___init_proc__2
                0x0201e5f4                system__secondary_stack___elabb
                0x0201e344                system__secondary_stack__ss_allocate
                0x0201e538                system__secondary_stack__ss_free
                0x0201e5d4                system__secondary_stack__ss_release
                0x0201e5b4                system__secondary_stack__ss_mark
                0x0201e63c                system__secondary_stack___init_proc
                0x0201e4d4                system__secondary_stack__ss_init
 .text          0x0201e658      0x1fc /usr/local/openravenscar/lib/gcc-lib/sparc-ork-elf/2.8.1/adalib/libgnat.a(s-sopco3.o)
                0x0201e658                system__string_ops_concat_3__str_concat_3
 .text          0x0201e854      0x1e4 /usr/local/openravenscar/lib/gcc-lib/sparc-ork-elf/2.8.1/adalib/libgnat.a(s-stache.o)
                0x0201e854                system__stack_checking___elabs
                0x0201e86c                _gnat_stack_check
                0x0201e9f0                system__stack_checking__set_stack_size
                0x0201ea28                system__stack_checking___init_proc
                0x0201e8f8                system__stack_checking__invalidate_stack_cache
                0x0201ea18                system__stack_checking__update_stack_cache
 .text          0x0201ea38       0x28 /usr/local/openravenscar/lib/gcc-lib/sparc-ork-elf/2.8.1/adalib/libgnat.a(s-stalib.o)
                0x0201ea38                system__standard_library__abort_undefer_direct
                0x0201ea54                system__standard_library___init_proc
 .text          0x0201ea60       0x64 /usr/local/openravenscar/lib/gcc-lib/sparc-ork-elf/2.8.1/adalib/libgnat.a(s-stoele.o)
                0x0201ea80                system__storage_elements__Omod
                0x0201eab4                system__storage_elements__to_address
                0x0201ea68                system__storage_elements__Oadd__2
                0x0201ea70                system__storage_elements__Osubtract
                0x0201ea60                system__storage_elements__Oadd
                0x0201eabc                system__storage_elements__to_integer
                0x0201ea78                system__storage_elements__Osubtract__2
 .text          0x0201eac4     0x102c /usr/local/openravenscar/lib/gcc-lib/sparc-ork-elf/2.8.1/adalib/libgnat.a(s-stratt.o)
                0x0201f1dc                system__stream_attributes__i_si
                0x0201f494                system__stream_attributes__w_ad
                0x0201ebcc                system__stream_attributes__i_b
                0x0201f588                system__stream_attributes__w_c
                0x0201eda4                system__stream_attributes__i_lf
                0x0201f154                system__stream_attributes__i_sf
                0x0201fa10                system__stream_attributes__w_su
                0x0201ec30                system__stream_attributes__i_c
                0x0201eed4                system__stream_attributes__i_llf
                0x0201f31c                system__stream_attributes__i_su
                0x0201f024                system__stream_attributes__i_llu
                0x0201f90c                system__stream_attributes__w_sf
                0x0201f394                system__stream_attributes__i_u
                0x0201faac                system__stream_attributes__w_wc
                0x0201eac4                system__stream_attributes__i_ad
                0x0201fa54                system__stream_attributes__w_u
                0x0201f8b4                system__stream_attributes__w_lu
                0x0201f554                system__stream_attributes__w_b
                0x0201f7bc                system__stream_attributes__w_lli
                0x0201f2b8                system__stream_attributes__i_ssu
                0x0201ee4c                system__stream_attributes__i_li
                0x0201f9a8                system__stream_attributes__w_ssi
                0x0201f964                system__stream_attributes__w_si
                0x0201f66c                system__stream_attributes__w_lf
                0x0201f254                system__stream_attributes__i_ssi
                0x0201ec94                system__stream_attributes__i_f
                0x0201f6e8                system__stream_attributes__w_li
                0x0201f504                system__stream_attributes__w_as
                0x0201f614                system__stream_attributes__w_i
                0x0201ed1c                system__stream_attributes__i_i
                0x0201ef7c                system__stream_attributes__i_lli
                0x0201f41c                system__stream_attributes__i_wc
                0x0201f740                system__stream_attributes__w_llf
                0x0201f9dc                system__stream_attributes__w_ssu
                0x0201eb3c                system__stream_attributes__i_as
                0x0201f5bc                system__stream_attributes__w_f
                0x0201f838                system__stream_attributes__w_llu
                0x0201f0cc                system__stream_attributes__i_lu
 .text          0x0201faf0      0x5b8 /usr/local/openravenscar/lib/gcc-lib/sparc-ork-elf/2.8.1/adalib/libgnat.a(s-strops.o)
                0x0201ff14                system__string_ops__str_equal
                0x0201fdec                system__string_ops__str_concat_sc
                0x02020024                system__string_ops__str_normalize
                0x0201faf0                system__string_ops__str_concat
                0x0201fd10                system__string_ops__str_concat_cs
                0x02020064                system__string_ops__wide_str_normalize
                0x0201fcb0                system__string_ops__str_concat_cc
 .text          0x020200a8      0x298 /usr/local/openravenscar/lib/gcc-lib/sparc-ork-elf/2.8.1/adalib/libgnat.a(s-soflin.o)
                0x0202020c                system__soft_links__set_jmpbuf_address_soft
                0x02020178                system__soft_links__get_stack_info_nt
                0x020202d4                system__soft_links___elabb
                0x0202016c                system__soft_links__get_current_excep_nt
                0x0202027c                system__soft_links__set_exc_stack_addr_soft
                0x020200a8                system__soft_links__abort_defer_nt
                0x020200dc                system__soft_links__check_abort_status_nt
                0x02020124                system__soft_links__get_sec_stack_addr_nt
                0x02020118                system__soft_links__set_jmpbuf_address_nt
                0x020200fc                system__soft_links__task_lock_nt
                0x020202b8                system__soft_links__set_machine_state_addr_soft
                0x020200ec                system__soft_links__current_master_nt
                0x020200b0                system__soft_links__abort_handler_nt
                0x020201a8                system__soft_links__destroy_tsd
                0x02020260                system__soft_links__get_exc_stack_addr_soft
                0x0202010c                system__soft_links__get_jmpbuf_address_nt
                0x020200b8                system__soft_links__abort_undefer_nt
                0x02020184                system__soft_links__create_tsd
                0x02020148                system__soft_links__set_machine_state_addr_nt
                0x02020130                system__soft_links__set_sec_stack_addr_nt
                0x020200c0                system__soft_links__update_exception_nt
                0x02020160                system__soft_links__set_exc_stack_addr_nt
                0x02020314                system__soft_links___init_proc
                0x020201f0                system__soft_links__get_jmpbuf_address_soft
                0x020200f4                system__soft_links__enter_master_nt
                0x0202029c                system__soft_links__get_machine_state_addr_soft
                0x02020244                system__soft_links__set_sec_stack_addr_soft
                0x02020104                system__soft_links__task_unlock_nt
                0x020201cc                system__soft_links__get_gnat_exception
                0x02020228                system__soft_links__get_sec_stack_addr_soft
                0x020200e4                system__soft_links__complete_master_nt
                0x0202013c                system__soft_links__get_machine_state_addr_nt
                0x02020154                system__soft_links__get_exc_stack_addr_nt
 .text          0x02020340       0x68 /usr/local/openravenscar/lib/gcc-lib/sparc-ork-elf/2.8.1/adalib/libgnat.a(s-traceb.o)
                0x02020354                system__traceback__get_code_loc
                0x0202037c                system__traceback__pop_frame
                0x02020368                system__traceback__free_machine_state
                0x02020340                system__traceback__allocate_machine_state
                0x02020394                system__traceback__set_machine_state
 .text          0x020203a8       0xfc /usr/local/openravenscar/lib/gcc-lib/sparc-ork-elf/2.8.1/adalib/libgnat.a(a-argv.o)
                0x02020470                fill_env
                0x02020414                env_count
                0x02020450                len_env
                0x020203a8                arg_count
                0x020203b4                gnat_argval
                0x020203e0                fill_arg
                0x020203c0                len_arg
 .text          0x020204a4      0x14c /usr/local/openravenscar/lib/gcc-lib/sparc-ork-elf/2.8.1/adalib/libgnat.a(a-cio.o)
                0x020204c4                put_int
                0x020204e0                get_char
                0x020204a4                get_int
                0x020205d0                put_char_stderr
                0x02020530                put_char
 .text          0x020205f0        0xc /usr/local/openravenscar/lib/gcc-lib/sparc-ork-elf/2.8.1/adalib/libgnat.a(a-exit.o)
                0x020205f0                set_gnat_exit_status
 .text          0x020205fc      0x1f4 /usr/local/openravenscar/lib/gcc-lib/sparc-ork-elf/2.8.1/adalib/libgnat.a(a-raise.o)
                0x020205fc                _gnat_builtin_longjmp
                0x02020654                __gnat_malloc
                0x0202070c                __gnat_free
                0x0202063c                __gnat_unhandled_terminate
                0x02020748                __gnat_realloc
 .text          0x020207f0      0x410 /usr/local/openravenscar/lib/gcc-lib/sparc-ork-elf/2.8.1/adalib/libgnat.a(a-init.o)
                0x020209e4                __gnat_pop_frame
                0x02020bf8                __gnat_init_float
                0x020207f0                __gnat_set_globals
                0x02020bf0                __gnat_get_code_loc
                0x02020848                __gnat_initialize
                0x02020b34                __gnat_enter_handler
                0x02020be8                __gnat_machine_state_length
                0x02020a88                __gnat_set_machine_state
 .text          0x02020c00        0x8 /usr/local/openravenscar/lib/gcc-lib/sparc-ork-elf/2.8.1/adalib/libgnat.a(a-final.o)
                0x02020c00                __gnat_finalize
 .text          0x02020c08      0xc1c /usr/local/openravenscar/lib/gcc-lib/sparc-ork-elf/2.8.1/adalib/libgnat.a(s-fatllf.o)
                0x02020d0c                system__fat_llf__fat_long_long_float__copy_sign
                0x02020f7c                system__fat_llf__fat_long_long_float__gradual_scaling
                0x02021750                system__fat_llf__fat_long_long_float__unbiased_rounding
                0x02021014                system__fat_llf__fat_long_long_float__exponent
                0x02020cd8                system__fat_llf__fat_long_long_float__compose
                0x02021040                system__fat_llf__fat_long_long_float__floor
                0x02020c08                system__fat_llf__fat_long_long_float__adjacent
                0x0202116c                system__fat_llf__fat_long_long_float__pred
                0x020210ac                system__fat_llf__fat_long_long_float__fraction
                0x0202122c                system__fat_llf__fat_long_long_float__remainder
                0x02021474                system__fat_llf__fat_long_long_float__scaling
                0x02020c6c                system__fat_llf__fat_long_long_float__ceiling
                0x02020d70                system__fat_llf__fat_long_long_float__decompose
                0x0202159c                system__fat_llf__fat_long_long_float__succ
                0x020210d8                system__fat_llf__fat_long_long_float__leading_part
                0x020213dc                system__fat_llf__fat_long_long_float__rounding
                0x02021154                system__fat_llf__fat_long_long_float__model
                0x020217fc                system__fat_llf__fat_long_long_float__valid
                0x0202168c                system__fat_llf__fat_long_long_float__truncation
                0x02021140                system__fat_llf__fat_long_long_float__machine
 .text          0x02021824      0x18c /usr/local/openravenscar/lib/gcc-lib/sparc-ork-elf/2.8.1/adalib/libgnat.a(s-imgllu.o)
                0x02021824                system__img_llu__image_long_long_unsigned
                0x0202196c                system__img_llu__set_image_long_long_unsigned
 .text          0x020219b0      0x894 /usr/local/openravenscar/lib/gcc-lib/sparc-ork-elf/2.8.1/adalib/libgnat.a(a-adaint.o)
                0x02021b40                get_object_suffix_ptr
                0x02021aec                Get_Default_Identifier_Character_Set
                0x02021ad4                Get_Maximum_File_Name_Length
                0x02021ae4                Get_File_Names_Case_Sensitive
                0x02021d5c                file_time_name
                0x02021afc                Get_Pathsep_Char
                0x02021bdc                open_read
                0x02021af4                Get_Dirsep_Char
                0x02021df4                is_regular_file
                0x02021adc                Get_Switch_Character
                0x02021fa8                locate_regular_file
                0x020221f8                to_canonical_file_list_next
                0x02022224                to_host_dir_spec
                0x02021dd4                __gnat_file_exists
                0x02021cc8                __gnat_mkdir
                0x0202221c                to_canonical_path_spec
                0x02021e74                is_writable_file
                0x02021ca0                open_new_temp
                0x02021ea8                portable_spawn
                0x0202220c                to_canonical_dir_spec
                0x02021d94                get_env_value_ptr
                0x02021d78                file_time_fd
                0x02021d54                readdir_is_thread_safe
                0x02021c78                open_new
                0x020219b0                to_gm_time
                0x02021a24                Try_Lock
                0x02022214                to_canonical_file_spec
                0x02021f64                portable_wait
                0x020221f0                to_canonical_file_list_init
                0x0202223c                convert_addresses
                0x02021b74                get_executable_suffix_ptr
                0x02021e34                is_directory
                0x02021c50                open_append
                0x02021c28                open_create
                0x02021c00                open_rw
                0x02021ce0                file_length
                0x02021d20                readdir_gnat
                0x02022234                adjust_os_resource_limits
                0x02022134                locate_exec
                0x02021f24                portable_no_block_spawn
                0x02021f94                os_exit
                0x02021dc8                Get_Libraries_From_Registry
                0x02022204                to_canonical_file_list_free
                0x02021b04                Get_Current_Dir
                0x0202222c                to_host_file_spec
                0x020221a8                locate_exec_on_path
                0x02021ba8                get_debuggable_suffix_ptr
 .text          0x02022244      0x294 /usr/local/openravenscar/sparc-ork-elf/lib/libm.a(s_atan.o)
                0x02022244                atan
 .text          0x020224d8       0xf0 /usr/local/openravenscar/sparc-ork-elf/lib/libm.a(s_cos.o)
                0x020224d8                cos
 .text          0x020225c8       0x2c /usr/local/openravenscar/sparc-ork-elf/lib/libm.a(s_fabs.o)
                0x020225c8                fabs
 .text          0x020225f4       0xf0 /usr/local/openravenscar/sparc-ork-elf/lib/libm.a(s_sin.o)
                0x020225f4                sin
 .text          0x020226e4       0x9c /usr/local/openravenscar/sparc-ork-elf/lib/libm.a(s_tan.o)
                0x020226e4                tan
 .text          0x02022780      0x134 /usr/local/openravenscar/sparc-ork-elf/lib/libm.a(s_tanh.o)
                0x02022780                tanh
 .text          0x020228b4       0xf8 /usr/local/openravenscar/sparc-ork-elf/lib/libm.a(w_acos.o)
                0x020228b4                acos
 .text          0x020229ac       0xf8 /usr/local/openravenscar/sparc-ork-elf/lib/libm.a(w_asin.o)
                0x020229ac                asin
 .text          0x02022aa4      0x1c0 /usr/local/openravenscar/sparc-ork-elf/lib/libm.a(w_exp.o)
                0x02022aa4                exp
 .text          0x02022c64      0x184 /usr/local/openravenscar/sparc-ork-elf/lib/libm.a(w_log.o)
                0x02022c64                log
 .text          0x02022de8      0x60c /usr/local/openravenscar/sparc-ork-elf/lib/libm.a(w_pow.o)
                0x02022de8                pow
 .text          0x020233f4      0x118 /usr/local/openravenscar/sparc-ork-elf/lib/libm.a(w_sqrt.o)
                0x020233f4                sqrt
 .text          0x0202350c      0x3ac /usr/local/openravenscar/sparc-ork-elf/lib/libm.a(e_acos.o)
                0x0202350c                __ieee754_acos
 .text          0x020238b8      0x340 /usr/local/openravenscar/sparc-ork-elf/lib/libm.a(e_asin.o)
                0x020238b8                __ieee754_asin
 .text          0x02023bf8      0x2f0 /usr/local/openravenscar/sparc-ork-elf/lib/libm.a(e_exp.o)
                0x02023bf8                __ieee754_exp
 .text          0x02023ee8      0x310 /usr/local/openravenscar/sparc-ork-elf/lib/libm.a(e_log.o)
                0x02023ee8                __ieee754_log
 .text          0x020241f8      0x99c /usr/local/openravenscar/sparc-ork-elf/lib/libm.a(e_pow.o)
                0x020241f8                __ieee754_pow
 .text          0x02024b94      0x3d8 /usr/local/openravenscar/sparc-ork-elf/lib/libm.a(e_rem_pio2.o)
                0x02024b94                __ieee754_rem_pio2
 .text          0x02024f6c      0x264 /usr/local/openravenscar/sparc-ork-elf/lib/libm.a(e_sqrt.o)
                0x02024f6c                __ieee754_sqrt
 .text          0x020251d0      0x17c /usr/local/openravenscar/sparc-ork-elf/lib/libm.a(k_cos.o)
                0x020251d0                __kernel_cos
 .text          0x0202534c      0x838 /usr/local/openravenscar/sparc-ork-elf/lib/libm.a(k_rem_pio2.o)
                0x0202534c                __kernel_rem_pio2
 .text          0x02025b84      0x11c /usr/local/openravenscar/sparc-ork-elf/lib/libm.a(k_sin.o)
                0x02025b84                __kernel_sin
 .text          0x02025ca0      0x2b4 /usr/local/openravenscar/sparc-ork-elf/lib/libm.a(k_tan.o)
                0x02025ca0                __kernel_tan
 .text          0x02025f54      0x40c /usr/local/openravenscar/sparc-ork-elf/lib/libm.a(s_expm1.o)
                0x02025f54                expm1
 .text          0x02026360       0x18 /usr/local/openravenscar/sparc-ork-elf/lib/libm.a(s_finite.o)
                0x02026360                finite
 .text          0x02026378      0x1a0 /usr/local/openravenscar/sparc-ork-elf/lib/libm.a(s_floor.o)
                0x02026378                floor
 .text          0x02026518       0x28 /usr/local/openravenscar/sparc-ork-elf/lib/libm.a(s_isnan.o)
                0x02026518                isnan
 .text          0x02026540        0x8 /usr/local/openravenscar/sparc-ork-elf/lib/libm.a(s_matherr.o)
                0x02026540                matherr
 .text          0x02026548      0x1c8 /usr/local/openravenscar/sparc-ork-elf/lib/libm.a(s_rint.o)
                0x02026548                rint
 .text          0x02026710      0x1d8 /usr/local/openravenscar/sparc-ork-elf/lib/libm.a(s_scalbn.o)
                0x02026710                scalbn
 .text          0x020268e8       0x40 /usr/local/openravenscar/sparc-ork-elf/lib/libm.a(s_copysign.o)
                0x020268e8                copysign
 .text          0x02026928        0x8 /usr/local/openravenscar/lib/gcc-lib/sparc-ork-elf/2.8.1/libgcc.a(__dummy.o)
                0x02026928                __dummy
 .text          0x02026930       0x48 /usr/local/openravenscar/lib/gcc-lib/sparc-ork-elf/2.8.1/libgcc.a(_ashldi3.o)
                0x02026930                __ashldi3
 .text          0x02026978       0x38 /usr/local/openravenscar/lib/gcc-lib/sparc-ork-elf/2.8.1/libgcc.a(_cmpdi2.o)
                0x02026978                __cmpdi2
 .text          0x020269b0      0x3c0 /usr/local/openravenscar/lib/gcc-lib/sparc-ork-elf/2.8.1/libgcc.a(_divdi3.o)
                0x020269b0                __divdi3
 .text          0x02026d70      0x1f4 /usr/local/openravenscar/lib/gcc-lib/sparc-ork-elf/2.8.1/libgcc.a(_divsi3.o)
                0x02026d70                udiv
                0x02026d7c                div
 .text          0x02026f64       0x58 /usr/local/openravenscar/lib/gcc-lib/sparc-ork-elf/2.8.1/libgcc.a(_fixsfdi.o)
                0x02026f64                __fixsfdi
 .text          0x02026fbc      0x1c0 /usr/local/openravenscar/lib/gcc-lib/sparc-ork-elf/2.8.1/libgcc.a(_fixunsdfdi.o)
                0x02026fbc                __fixunsdfdi
 .text          0x0202717c      0x1c8 /usr/local/openravenscar/lib/gcc-lib/sparc-ork-elf/2.8.1/libgcc.a(_fixunssfdi.o)
                0x0202717c                __fixunssfdi
 .text          0x02027344       0x54 /usr/local/openravenscar/lib/gcc-lib/sparc-ork-elf/2.8.1/libgcc.a(_floatdidf.o)
                0x02027344                __floatdidf
 .text          0x02027398       0xa8 /usr/local/openravenscar/lib/gcc-lib/sparc-ork-elf/2.8.1/libgcc.a(_floatdisf.o)
                0x02027398                __floatdisf
 .text          0x02027440       0x48 /usr/local/openravenscar/lib/gcc-lib/sparc-ork-elf/2.8.1/libgcc.a(_lshrdi3.o)
                0x02027440                __lshrdi3
 .text          0x02027488      0x1f4 /usr/local/openravenscar/lib/gcc-lib/sparc-ork-elf/2.8.1/libgcc.a(_modsi3.o)
                0x02027488                urem
                0x02027494                rem
 .text          0x0202767c       0xe0 /usr/local/openravenscar/lib/gcc-lib/sparc-ork-elf/2.8.1/libgcc.a(_muldi3.o)
                0x0202767c                __muldi3
 .text          0x0202775c       0xe8 /usr/local/openravenscar/lib/gcc-lib/sparc-ork-elf/2.8.1/libgcc.a(_mulsi3.o)
                0x0202775c                umul
 .text          0x02027844      0x340 /usr/local/openravenscar/lib/gcc-lib/sparc-ork-elf/2.8.1/libgcc.a(_udivdi3.o)
                0x02027844                __udivdi3
 .text          0x02027b84      0x39c /usr/local/openravenscar/lib/gcc-lib/sparc-ork-elf/2.8.1/libgcc.a(_umoddi3.o)
                0x02027b84                __umoddi3
 .text          0x02027f20      0xa48 /usr/local/openravenscar/lib/gcc-lib/sparc-ork-elf/2.8.1/libgcc.a(frame.o)
                0x02028844                __frame_state_for
                0x020287dc                __deregister_frame_info
                0x020287b4                __register_frame_info_table
                0x0202878c                __register_frame_info
 .text          0x02028968       0x20 /usr/local/openravenscar/sparc-ork-elf/lib/libc.a(abort.o)
                0x02028968                abort
 .text          0x02028988       0x1c /usr/local/openravenscar/sparc-ork-elf/lib/libc.a(atoi.o)
                0x02028988                atoi
 .text          0x020289a4        0xc /usr/local/openravenscar/sparc-ork-elf/lib/libc.a(errno.o)
                0x020289a4                __errno
 .text          0x020289b0       0x8c /usr/local/openravenscar/sparc-ork-elf/lib/libc.a(exit.o)
                0x020289b0                exit
 .text          0x02028a3c       0x90 /usr/local/openravenscar/sparc-ork-elf/lib/libc.a(fputc.o)
                0x02028a3c                fputc
 .text          0x02028acc       0x40 /usr/local/openravenscar/sparc-ork-elf/lib/libc.a(getenv.o)
                0x02028aec                getenv
                0x02028acc                _findenv
 .text          0x02028b0c      0x100 /usr/local/openravenscar/sparc-ork-elf/lib/libc.a(getenv_r.o)
                0x02028b0c                _findenv_r
                0x02028bf0                _getenv_r
 .text          0x02028c0c       0x1c /usr/local/openravenscar/sparc-ork-elf/lib/libc.a(gmtime.o)
                0x02028c0c                gmtime
 .text          0x02028c28       0x20 /usr/local/openravenscar/sparc-ork-elf/lib/libc.a(lcltime.o)
                0x02028c28                localtime
 .text          0x02028c48      0x21c /usr/local/openravenscar/sparc-ork-elf/lib/libc.a(lcltime_r.o)
                0x02028c48                localtime_r
 .text          0x02028e64       0x38 /usr/local/openravenscar/sparc-ork-elf/lib/libc.a(malloc.o)
                0x02028e64                malloc
                0x02028e80                free
 .text          0x02028e9c      0x774 /usr/local/openravenscar/sparc-ork-elf/lib/libc.a(mallocr.o)
                0x02029068                _malloc_r
 .text          0x02029610       0x80 /usr/local/openravenscar/sparc-ork-elf/lib/libc.a(memcmp.o)
                0x02029610                memcmp
 .text          0x02029690       0xc4 /usr/local/openravenscar/sparc-ork-elf/lib/libc.a(memcpy.o)
                0x02029690                memcpy
 .text          0x02029754       0xa4 /usr/local/openravenscar/sparc-ork-elf/lib/libc.a(memset.o)
                0x02029754                memset
 .text          0x020297f8       0x10 /usr/local/openravenscar/sparc-ork-elf/lib/libc.a(mlock.o)
                0x02029800                __malloc_unlock
                0x020297f8                __malloc_lock
 .text          0x02029808       0x70 /usr/local/openravenscar/sparc-ork-elf/lib/libc.a(printf.o)
                0x02029838                printf
                0x02029808                _printf_r
 .text          0x02029878       0x20 /usr/local/openravenscar/sparc-ork-elf/lib/libc.a(realloc.o)
                0x02029878                realloc
 .text          0x02029898      0x50c /usr/local/openravenscar/sparc-ork-elf/lib/libc.a(reallocr.o)
                0x02029898                _realloc_r
 .text          0x02029da4       0x40 /usr/local/openravenscar/sparc-ork-elf/lib/libc.a(rget.o)
                0x02029da4                __srget
 .text          0x02029de4       0x34 /usr/local/openravenscar/sparc-ork-elf/lib/libc.a(sbrkr.o)
                0x02029de4                _sbrk_r
 .text          0x02029e18       0x64 /usr/local/openravenscar/sparc-ork-elf/lib/libc.a(scanf.o)
                0x02029e50                _scanf_r
                0x02029e18                scanf
 .text          0x02029e7c      0x24c /usr/local/openravenscar/sparc-ork-elf/lib/libc.a(signal.o)
                0x02029ed8                _signal_r
                0x02029f34                _raise_r
                0x02029fd0                __sigtramp_r
                0x0202a074                signal
                0x0202a094                _init_signal
                0x02029e7c                _init_signal_r
                0x0202a0ac                __sigtramp
                0x0202a058                raise
 .text          0x0202a0c8       0x4c /usr/local/openravenscar/sparc-ork-elf/lib/libc.a(signalr.o)
                0x0202a0c8                _kill_r
                0x0202a100                _getpid_r
 .text          0x0202a114       0xb4 /usr/local/openravenscar/sparc-ork-elf/lib/libc.a(sprintf.o)
                0x0202a114                _sprintf_r
                0x0202a168                sprintf
 .text          0x0202a1c8       0x8c /usr/local/openravenscar/sparc-ork-elf/lib/libc.a(strcat.o)
                0x0202a1c8                strcat
 .text          0x0202a254       0xb8 /usr/local/openravenscar/sparc-ork-elf/lib/libc.a(strcmp.o)
                0x0202a254                strcmp
 .text          0x0202a30c       0x8c /usr/local/openravenscar/sparc-ork-elf/lib/libc.a(strcpy.o)
                0x0202a30c                strcpy
 .text          0x0202a398       0x78 /usr/local/openravenscar/sparc-ork-elf/lib/libc.a(strlen.o)
                0x0202a398                strlen
 .text          0x0202a410       0xcc /usr/local/openravenscar/sparc-ork-elf/lib/libc.a(strncmp.o)
                0x0202a410                strncmp
 .text          0x0202a4dc       0xd4 /usr/local/openravenscar/sparc-ork-elf/lib/libc.a(strncpy.o)
                0x0202a4dc                strncpy
 .text          0x0202a5b0       0x68 /usr/local/openravenscar/sparc-ork-elf/lib/libc.a(strstr.o)
                0x0202a5b0                strstr
 .text          0x0202a618      0x1f8 /usr/local/openravenscar/sparc-ork-elf/lib/libc.a(strtol.o)
                0x0202a7ec                strtol
                0x0202a618                _strtol_r
 .text          0x0202a810     0x19c4 /usr/local/openravenscar/sparc-ork-elf/lib/libc.a(vfprintf.o)
                0x0202a914                _vfprintf_r
                0x0202a8f4                vfprintf
 .text          0x0202c1d4      0xf30 /usr/local/openravenscar/sparc-ork-elf/lib/libc.a(vfscanf.o)
                0x0202c1d4                __svfscanf
                0x0202d024                __sccl
 .text          0x0202d104      0x10c /usr/local/openravenscar/sparc-ork-elf/lib/libc.a(wbuf.o)
                0x0202d104                __swbuf
 .text          0x0202d210      0x10c /usr/local/openravenscar/sparc-ork-elf/lib/libc.a(wsetup.o)
                0x0202d210                __swsetup
 .text          0x0202d31c       0x18 /usr/local/openravenscar/sparc-ork-elf/lib/libc.a(atof.o)
                0x0202d31c                atof
 .text          0x0202d334     0x1250 /usr/local/openravenscar/sparc-ork-elf/lib/libc.a(dtoa.o)
                0x0202d520                _dtoa_r
 .text          0x0202e584       0x10 /usr/local/openravenscar/sparc-ork-elf/lib/libc.a(envlock.o)
                0x0202e58c                __env_unlock
                0x0202e584                __env_lock
 .text          0x0202e594       0xf0 /usr/local/openravenscar/sparc-ork-elf/lib/libc.a(fflush.o)
                0x0202e594                fflush
 .text          0x0202e684      0x228 /usr/local/openravenscar/sparc-ork-elf/lib/libc.a(findfp.o)
                0x0202e83c                __sinit
                0x0202e6e0                __sfmoreglue
                0x0202e824                _cleanup
                0x0202e808                _cleanup_r
                0x0202e738                __sfp
 .text          0x0202e8ac       0xcc /usr/local/openravenscar/sparc-ork-elf/lib/libc.a(fread.o)
                0x0202e8ac                fread
 .text          0x0202e978      0x3c0 /usr/local/openravenscar/sparc-ork-elf/lib/libc.a(freer.o)
                0x0202e978                _free_r
                0x0202ec14                _malloc_trim_r
 .text          0x0202ed38      0x380 /usr/local/openravenscar/sparc-ork-elf/lib/libc.a(fvwrite.o)
                0x0202ed38                __sfvwrite
 .text          0x0202f0b8       0x60 /usr/local/openravenscar/sparc-ork-elf/lib/libc.a(fwalk.o)
                0x0202f0b8                _fwalk
 .text          0x0202f118       0xa4 /usr/local/openravenscar/sparc-ork-elf/lib/libc.a(locale.o)
                0x0202f118                _setlocale_r
                0x0202f178                _localeconv_r
                0x0202f184                setlocale
                0x0202f1a4                localeconv
 .text          0x0202f1bc      0x144 /usr/local/openravenscar/sparc-ork-elf/lib/libc.a(makebuf.o)
                0x0202f1bc                __smakebuf
 .text          0x0202f300       0x58 /usr/local/openravenscar/sparc-ork-elf/lib/libc.a(mbtowc_r.o)
                0x0202f300                _mbtowc_r
 .text          0x0202f358       0xd4 /usr/local/openravenscar/sparc-ork-elf/lib/libc.a(memchr.o)
                0x0202f358                memchr
 .text          0x0202f42c      0x110 /usr/local/openravenscar/sparc-ork-elf/lib/libc.a(memmove.o)
                0x0202f42c                memmove
 .text          0x0202f53c      0xd14 /usr/local/openravenscar/sparc-ork-elf/lib/libc.a(mprec.o)
                0x02030204                _mprec_log10
                0x0202f7b0                _hi0bits
                0x0202f53c                _Balloc
                0x02030040                _d2b
                0x0202f920                _multiply
                0x02030174                _ratio
                0x0202f6f0                _s2b
                0x0202f8fc                _i2b
                0x0202f830                _lo0bits
                0x0202fcf0                __mcmp
                0x0202fb0c                _pow5mult
                0x0202feb4                _ulp
                0x0202ff40                _b2d
                0x0202f60c                _multadd
                0x0202fd58                __mdiff
                0x0202fbf4                _lshift
                0x0202f5d4                _Bfree
 .text          0x02030250      0x19c /usr/local/openravenscar/sparc-ork-elf/lib/libc.a(refill.o)
                0x02030264                __srefill
 .text          0x020303ec       0x38 /usr/local/openravenscar/sparc-ork-elf/lib/libc.a(s_isinf.o)
                0x020303ec                isinf
 .text          0x02030424      0x104 /usr/local/openravenscar/sparc-ork-elf/lib/libc.a(stdio.o)
                0x020304c0                __sseek
                0x02030424                __sread
                0x02030510                __sclose
                0x02030470                __swrite
 .text          0x02030528      0xedc /usr/local/openravenscar/sparc-ork-elf/lib/libc.a(strtod.o)
                0x02030528                _strtod_r
                0x020313e8                strtodf
                0x020313c8                strtod
 .text          0x02031404      0x1d8 /usr/local/openravenscar/sparc-ork-elf/lib/libc.a(strtoul.o)
                0x020315b8                strtoul
                0x02031404                _strtoul_r
 .text          0x020315dc      0x228 /usr/local/openravenscar/sparc-ork-elf/lib/libc.a(ungetc.o)
                0x0203168c                ungetc
                0x020315dc                __submore
 .text          0x02031804       0x3c /usr/local/openravenscar/sparc-ork-elf/lib/libc.a(writer.o)
                0x02031804                _write_r
 .text          0x02031840       0xa8 /usr/local/openravenscar/sparc-ork-elf/lib/libc.a(callocr.o)
                0x02031840                _calloc_r
 .text          0x020318e8       0x34 /usr/local/openravenscar/sparc-ork-elf/lib/libc.a(closer.o)
                0x020318e8                _close_r
 .text          0x0203191c       0x38 /usr/local/openravenscar/sparc-ork-elf/lib/libc.a(fstatr.o)
                0x0203191c                _fstat_r
 .text          0x02031954       0x3c /usr/local/openravenscar/sparc-ork-elf/lib/libc.a(lseekr.o)
                0x02031954                _lseek_r
 .text          0x02031990       0x3c /usr/local/openravenscar/sparc-ork-elf/lib/libc.a(readr.o)
                0x02031990                _read_r
 .text          0x020319cc      0x134 /usr/local/openravenscar/sparc-ork-elf/lib/libork.a(ada_exceptions.o)
                0x020319cc                Instruction_Access_Exception
                0x02031aa8                Division_By_Zero
                0x02031a7c                Stack_Overflow
                0x020319f8                Illegal_Instruction
                0x02031ad4                Integer_Overflow
                0x02031a50                FP_Exception
                0x02031a24                Address_Not_Aligned
 .text          0x02031b00       0x1c /usr/local/openravenscar/sparc-ork-elf/lib/libork.a(close.o)