Archive member included       because of file (symbol)

/usr/local/openravenscar/lib/gcc-lib/sparc-ork-elf/2.8.1/adalib/libgnarl.a(a-reatim.o)
                              ./devices.o (ada__real_time__clock)
/usr/local/openravenscar/lib/gcc-lib/sparc-ork-elf/2.8.1/adalib/libgnarl.a(a-retide.o)
                              ./coche.o (ada__real_time__delays__delay_until)
/usr/local/openravenscar/lib/gcc-lib/sparc-ork-elf/2.8.1/adalib/libgnarl.a(s-taprob.o)
                              ./devices.o (system__tasking__protected_objects__initialize_protection)
/usr/local/openravenscar/lib/gcc-lib/sparc-ork-elf/2.8.1/adalib/libgnarl.a(s-taprop.o)
                              /usr/local/openravenscar/lib/gcc-lib/sparc-ork-elf/2.8.1/adalib/libgnarl.a(a-retide.o) (system__task_primitives__operations__self)
/usr/local/openravenscar/lib/gcc-lib/sparc-ork-elf/2.8.1/adalib/libgnarl.a(s-tarest.o)
                              ./coche.o (system__tasking__restricted__stages__create_restricted_task)
/usr/local/openravenscar/lib/gcc-lib/sparc-ork-elf/2.8.1/adalib/libgnarl.a(s-tasdeb.o)
                              b~main.o (system__tasking__debug___elabs)
/usr/local/openravenscar/lib/gcc-lib/sparc-ork-elf/2.8.1/adalib/libgnarl.a(s-taskin.o)
                              /usr/local/openravenscar/lib/gcc-lib/sparc-ork-elf/2.8.1/adalib/libgnarl.a(s-tasdeb.o) (system__tasking__task_statesT)
/usr/local/openravenscar/lib/gcc-lib/sparc-ork-elf/2.8.1/adalib/libgnarl.a(s-taspri.o)
                              /usr/local/openravenscar/lib/gcc-lib/sparc-ork-elf/2.8.1/adalib/libgnarl.a(s-taskin.o) (system__task_primitives___init_proc)
/usr/local/openravenscar/lib/gcc-lib/sparc-ork-elf/2.8.1/adalib/libgnarl.a(kernel-interrupts.o)
                              b~main.o (kernel__interrupts___elabb)
/usr/local/openravenscar/lib/gcc-lib/sparc-ork-elf/2.8.1/adalib/libgnarl.a(kernel-threads.o)
                              b~main.o (kernel__threads___elabs)
/usr/local/openravenscar/lib/gcc-lib/sparc-ork-elf/2.8.1/adalib/libgnarl.a(kernel-threads-atcb.o)
                              /usr/local/openravenscar/lib/gcc-lib/sparc-ork-elf/2.8.1/adalib/libgnarl.a(s-taprop.o) (kernel__threads__atcb__set_atcb)
/usr/local/openravenscar/lib/gcc-lib/sparc-ork-elf/2.8.1/adalib/libgnarl.a(kernel-threads-queues.o)
                              /usr/local/openravenscar/lib/gcc-lib/sparc-ork-elf/2.8.1/adalib/libgnarl.a(s-taprop.o) (running_thread)
/usr/local/openravenscar/lib/gcc-lib/sparc-ork-elf/2.8.1/adalib/libgnarl.a(kernel-threads-protection.o)
                              /usr/local/openravenscar/lib/gcc-lib/sparc-ork-elf/2.8.1/adalib/libgnarl.a(kernel-threads.o) (kernel__threads__protection__dispatch)
/usr/local/openravenscar/lib/gcc-lib/sparc-ork-elf/2.8.1/adalib/libgnarl.a(kernel-time.o)
                              /usr/local/openravenscar/lib/gcc-lib/sparc-ork-elf/2.8.1/adalib/libgnarl.a(s-taprop.o) (kernel_clock)
/usr/local/openravenscar/lib/gcc-lib/sparc-ork-elf/2.8.1/adalib/libgnarl.a(kernel-memory.o)
                              /usr/local/openravenscar/sparc-ork-elf/lib/ada_crt0.o (environment_stack)
/usr/local/openravenscar/lib/gcc-lib/sparc-ork-elf/2.8.1/adalib/libgnarl.a(kernel-cpu_primitives.o)
                              /usr/local/openravenscar/lib/gcc-lib/sparc-ork-elf/2.8.1/adalib/libgnarl.a(kernel-threads-protection.o) (kernel__cpu_primitives__context_switch)
/usr/local/openravenscar/lib/gcc-lib/sparc-ork-elf/2.8.1/adalib/libgnarl.a(kernel-peripherals-registers.o)
                              b~main.o (kernel__peripherals__registers___elabs)
/usr/local/openravenscar/lib/gcc-lib/sparc-ork-elf/2.8.1/adalib/libgnarl.a(kernel-peripherals.o)
                              /usr/local/openravenscar/lib/gcc-lib/sparc-ork-elf/2.8.1/adalib/libgnarl.a(kernel-interrupts.o) (kernel__peripherals__to_vector)
/usr/local/openravenscar/lib/gcc-lib/sparc-ork-elf/2.8.1/adalib/libgnarl.a(kernel-serial_output.o)
                              ./devices.o (kernel__serial_output__put__2)
/usr/local/openravenscar/lib/gcc-lib/sparc-ork-elf/2.8.1/adalib/libgnarl.a(context.o)
                              /usr/local/openravenscar/sparc-ork-elf/lib/ada_crt0.o (context_trap)
/usr/local/openravenscar/lib/gcc-lib/sparc-ork-elf/2.8.1/adalib/libgnarl.a(install_handler.o)
                              /usr/local/openravenscar/sparc-ork-elf/lib/ada_crt0.o (FP_Save_Pending)
/usr/local/openravenscar/lib/gcc-lib/sparc-ork-elf/2.8.1/adalib/libgnarl.a(int_level.o)
                              /usr/local/openravenscar/lib/gcc-lib/sparc-ork-elf/2.8.1/adalib/libgnarl.a(kernel-threads-protection.o) (disable_interrupts)
/usr/local/openravenscar/lib/gcc-lib/sparc-ork-elf/2.8.1/adalib/libgnat.a(a-except.o)
                              b~main.o (ada__exceptions___elabs)
/usr/local/openravenscar/lib/gcc-lib/sparc-ork-elf/2.8.1/adalib/libgnat.a(a-filico.o)
                              b~main.o (ada__finalization__list_controller___elabs)
[...]
Memory Configuration

Name             Origin             Length             Attributes
rom              0x00000000         0x00200000         xr
ram              0x02000000         0x003f8000         xrw
*default*        0x00000000         0xffffffff

Linker script and memory map

                0x00200000                PROM_SIZE=0x200000
                0x00400000                RAM_SIZE=0x400000
                0x00000000                PROM_START=0x0
                0x00200000                PROM_END=(PROM_START+PROM_SIZE)
                0x02000000                RAM_START=0x2000000
                0x02400000                RAM_END=(RAM_START+RAM_SIZE)

.text           0x02000000    0x31890
 CREATE_OBJECT_SYMBOLS
                0x02000000                text_start=.
 *(.text)
 .text          0x02000000     0x1384 /usr/local/openravenscar/sparc-ork-elf/lib/ada_crt0.o
                0x020011bc                __exit
                0x02000000                trap_table
                0x02000000                start
                0x020011bc                _exit
 .text          0x02001384      0x25c b~main.o
                0x020015c8                ada_main___elabb
                0x02001384                adainit
                0x02001548                main
                0x0200152c                adafinal
 .text          0x020015e0       0x1c ./main.o
                0x020015e0                _ada_main
 .text          0x020015fc     0x50d8 ./devices.o
                0x02004c58                devices___init_proc__6
                0x02005908                devices__display_distance
                0x02005bb0                devices__display_electrodes_sample
                0x02001798                devices__reading_sensors
                0x02003538                devices__reading_speed
                0x02005ac4                devices__display_headposition_sample
                0x02005a30                devices__display_steering
                0x020040a4                devices___init_proc__5
                0x02001738                devices___init_proc
                0x0200290c                devices___init_proc__3
                0x02006328                devices(bool,...)(...)( *)
                0x02001da8                devices__reading_eyesimage
                0x0200599c                devices__display_speed
                0x0200665c                devices___elabb
                0x02006600                devices__activate_brake
                0x02004cb8                devices__reading_steering
                0x02005ec8                devices__display_cronometro
                0x02006240                devices__light
                0x020034d8                devices___init_proc__4
                0x02004104                devices__reading_headposition
                0x0200296c                devices__reading_distance
                0x020065a4                devices__activate_automatic_driving
                0x02001d48                devices___init_proc__2
                0x020015fc                devices___elabs
                0x02005c9c                devices__display_eyes_sample
                0x02005824                devices__display_pulse_rate
 .text          0x020066d4      0x290 ./conductor.o
                0x020066d4                conductor__getgirovolante
                0x020067f4                conductor__putposcabeza
                0x02006720                conductor__getdistancia
                0x02006794                conductor__putvelocidad
                0x02006748                conductor__putdistancia
                0x020067b8                conductor__getposcabeza
                0x0200676c                conductor__getvelocidad
                0x0200694c                conductor___elabb
                0x020066fc                conductor__putgirovolante
 .text          0x02006964      0x9a8 ./workload.o
                0x02006964                workload___elabs
                0x02006d64                workload__small_whetstone
                0x020072f4                workload___elabb
 .text          0x0200730c      0x848 ./tools.o
                0x02007b24                tools___elabb
                0x02007ab0                tools__execution_time
                0x02007a00                tools__finishing_notice
                0x02007950                tools__starting_notice
                0x0200730c                tools___elabs
                0x020075f8                tools__print_an_integer
                0x020077b0                tools__print_a_float
                0x02007358                tools__current_time
 .text          0x02007b54     0x1988 ./coche.o
                0x02009044                coche___elabb
                0x02007b54                coche__getavisocabeza
                0x02007b9c                coche__getavisovolante
                0x02007d9c                coche___init_proc__4
                0x02007ca4                coche___init_proc__2
                0x02007bbc                coche__putavisovolante
                0x02007c04                coche__putavisodistancia
                0x02007c28                coche___init_proc
                0x02007e18                coche___init_proc__5
                0x02007b74                coche__putavisocabeza
                0x02007d20                coche___init_proc__3
                0x02007be4                coche__getavisodistancia
 .text          0x020094dc      0x1a0 ./add.o
                0x020094dc                add__background
                0x02009614                add___elabb
 .text          0x0200967c      0x5e4 /usr/local/openravenscar/lib/gcc-lib/sparc-ork-elf/2.8.1/adalib/libgnarl.a(a-reatim.o)
                0x020096a8                ada__real_time__Oadd__2
                0x0200987c                ada__real_time__split
                0x02009698                ada__real_time__Oadd
                0x020096f8                ada__real_time__Osubtract__4
                0x020097fc                ada__real_time__nanoseconds
                0x02009768                ada__real_time__Odivide__2
                0x02009724                ada__real_time__Odivide
                0x020096d8                ada__real_time__Osubtract__2
                0x020097ec                ada__real_time__to_duration
                0x02009b94                ada__real_time__time_of
                0x020096b8                ada__real_time__Oadd__3
                0x0200984c                ada__real_time__milliseconds
                0x0200967c                ada__real_time__clock
                0x02009820                ada__real_time__microseconds
                0x020096c8                ada__real_time__Osubtract
                0x020096e8                ada__real_time__Osubtract__3
                0x020097f4                ada__real_time__to_time_span
                0x020097c0                ada__real_time__Omultiply__2
                0x02009794                ada__real_time__Omultiply
 .text          0x02009c60       0x68 /usr/local/openravenscar/lib/gcc-lib/sparc-ork-elf/2.8.1/adalib/libgnarl.a(a-retide.o)
                0x02009ca4                ada__real_time__delays__to_duration
                0x02009c60                ada__real_time__delays__delay_until
 .text          0x02009cc8      0x10c /usr/local/openravenscar/lib/gcc-lib/sparc-ork-elf/2.8.1/adalib/libgnarl.a(s-taprob.o)
                0x02009db4                system__tasking__protected_objects___init_proc
                0x02009d84                system__tasking__protected_objects__unlock
                0x02009cf4                system__tasking__protected_objects__lock
                0x02009dc0                system__tasking__protected_objects___init_proc__2
                0x02009cc8                system__tasking__protected_objects__initialize_protection
                0x02009d3c                system__tasking__protected_objects__lock_read_only
                0x02009d9c                system__tasking__protected_objects__finalize_protection
 .text          0x02009dd4      0x978 /usr/local/openravenscar/lib/gcc-lib/sparc-ork-elf/2.8.1/adalib/libgnarl.a(s-taprop.o)
                0x0200a054                system__task_primitives__operations__get_priority
                0x02009ecc                system__task_primitives__operations__unlock__2
                0x0200a22c                system__task_primitives__operations__check_no_locks
                0x02009e50                system__task_primitives__operations__write_lock
                0x0200a28c                system__task_primitives__operations__resume_task
                0x0200a30c                system__task_primitives__operations___elabb
                0x02009f98                system__task_primitives__operations__clock
                0x02009e6c                system__task_primitives__operations__write_lock__2
                0x02009e0c                system__task_primitives__operations__get_thread_id
                0x02009f20                system__task_primitives__operations__timed_delay
                0x0200a034                system__task_primitives__operations__set_priority
                0x02009efc                system__task_primitives__operations__timed_sleep
                0x02009df0                system__task_primitives__operations__self
                0x02009ee4                system__task_primitives__operations__sleep
                0x0200a210                system__task_primitives__operations__set_exit_task_procedure
                0x02009eb8                system__task_primitives__operations__unlock
                0x0200a244                system__task_primitives__operations__environment_task
                0x02009e18                system__task_primitives__operations__initialize_lock
                0x0200a540                system__task_primitives__operations___init_proc
                0x0200a1f4                system__task_primitives__operations__exit_task
                0x02009fbc                system__task_primitives__operations__wakeup
                0x02009dd4                system__task_primitives__operations__set
                0x0200a21c                system__task_primitives__operations__abort_task
                0x0200a250                system__task_primitives__operations__lock_all_tasks_list
                0x02009e84                system__task_primitives__operations__write_lock__3
                0x0200a1e4                system__task_primitives__operations__finalize_tcb
                0x0200a0d0                system__task_primitives__operations__new_atcb
                0x0200a284                system__task_primitives__operations__suspend_task
                0x02009fd0                system__task_primitives__operations__yield
                0x0200a26c                system__task_primitives__operations__unlock_all_tasks_list
                0x0200a294                system__task_primitives__operations__initialize
                0x0200a224                system__task_primitives__operations__check_exit
                0x0200a148                system__task_primitives__operations__initialize_tcb
                0x02009e04                system__task_primitives__operations__stack_guard
                0x02009e48                system__task_primitives__operations__finalize_lock
                0x0200a1ec                system__task_primitives__operations__default_exit_task_procedure
                0x0200a184                system__task_primitives__operations__create_task
                0x02009e30                system__task_primitives__operations__initialize_lock__2
                0x02009e9c                system__task_primitives__operations__read_lock
                0x0200a06c                system__task_primitives__operations__enter_task
 .text          0x0200a74c      0x924 /usr/local/openravenscar/lib/gcc-lib/sparc-ork-elf/2.8.1/adalib/libgnarl.a(s-tarest.o)
                0x0200a9c0                system__tasking__restricted__stages__create_restricted_task
                0x0200aec0                system__tasking__restricted__stages__restricted_terminated
                0x0200abd0                system__tasking__restricted__stages__activate_restricted_tasks
                0x0200ad90                system__tasking__restricted__stages__complete_restricted_activation
                0x0200aed4                system__tasking__restricted__stages__finalize_global_tasks
                0x0200af28                system__tasking__restricted__stages___elabb
                0x0200ae60                system__tasking__restricted__stages__complete_restricted_task
 .text          0x0200b070      0xf44 /usr/local/openravenscar/lib/gcc-lib/sparc-ork-elf/2.8.1/adalib/libgnarl.a(s-tasdeb.o)
                0x0200bce8                system__tasking__debug__image
                0x0200bf8c                system__tasking__debug___init_proc__2
                0x0200b9c4                system__tasking__debug__print_current_task
                0x0200bc38                system__tasking__debug__trace__2
                0x0200b070                system__tasking__debug___elabs
                0x0200b9e0                system__tasking__debug__list_tasks
                0x0200be90                system__tasking__debug__resume_all_tasks
                0x0200b0e8                system__tasking__debug__set_user_state
                0x0200b810                system__tasking__debug__print_task_info_header
                0x0200bf4c                system__tasking__debug___init_proc
                0x0200b0d4                system__tasking__debug__self
                0x0200bec8                system__tasking__debug___elabb
                0x0200ba20                system__tasking__debug__print_accept_info
                0x0200bcd4                system__tasking__debug__set_trace
                0x0200bae4                system__tasking__debug__trace
                0x0200bc6c                system__tasking__debug__trace__3
                0x0200bca0                system__tasking__debug__trace__4
                0x0200b3d0                system__tasking__debug__print_task_info
                0x0200b0cc                system__tasking__debug__task_termination_hook
                0x0200b0c4                system__tasking__debug__task_creation_hook
                0x0200be58                system__tasking__debug__suspend_all_tasks
 .text          0x0200bfb4      0x75c /usr/local/openravenscar/lib/gcc-lib/sparc-ork-elf/2.8.1/adalib/libgnarl.a(s-taskin.o)
                0x0200c3c8                system__tasking___init_proc__3
                0x0200c670                system__tasking___init_proc__8
                0x0200c630                system__tasking___init_proc__7
                0x0200bfb4                system__tasking__self
                0x0200c390                system__tasking___init_proc__2
                0x0200c0f0                system__tasking___elabb
                0x0200c444                system__tasking___init_proc__4
                0x0200c67c                system__tasking___init_proc__9
                0x0200c33c                system__tasking___init_proc
                0x0200c498                system__tasking___init_proc__6
                0x0200bfc8                system__tasking__initialize_atcb
                0x0200c450                system__tasking___init_proc__5
 .text          0x0200c710       0x14 /usr/local/openravenscar/lib/gcc-lib/sparc-ork-elf/2.8.1/adalib/libgnarl.a(s-taspri.o)
                0x0200c710                system__task_primitives___init_proc
 .text          0x0200c724      0x1f0 /usr/local/openravenscar/lib/gcc-lib/sparc-ork-elf/2.8.1/adalib/libgnarl.a(kernel-interrupts.o)
                0x0200c7ec                kernel_detach_interrupt_handler
                0x0200c834                kernel__interrupts___elabb
                0x0200c724                kernel__interrupts__null_handler
                0x0200c72c                kernel__interrupts__wrapper
                0x0200c814                kernel_current_interrupt_handler
                0x0200c78c                kernel_attach_interrupt_handler
                0x0200c8b8                kernel__interrupts___init_proc__2
                0x0200c8a0                kernel__interrupts___init_proc
 .text          0x0200c914      0x5dc /usr/local/openravenscar/lib/gcc-lib/sparc-ork-elf/2.8.1/adalib/libgnarl.a(kernel-threads.o)
                0x0200c914                kernel__threads___elabs
                0x0200ceb4                kernel__threads___init_proc__3
                0x0200cb84                kernel_yield
                0x0200cc84                kernel_check_no_mutexes
                0x0200cc94                kernel_condition_init
                0x0200cae4                kernel__threads__set_active_priority
                0x0200ca98                kernel_set_priority
                0x0200cd58                kernel_condition_signal
                0x0200cdb8                kernel_thread_create
                0x0200c9a0                kernel__threads__default_dummy_task_function
                0x0200ce80                kernel_thread_self
                0x0200c950                kernel__threads__thread_caller
                0x0200cc9c                kernel_condition_wait
                0x0200c9b0                kernel_initialize
                0x0200cc24                kernel_mutex_unlock
                0x0200cbcc                kernel_mutex_lock
                0x0200cbc0                kernel_mutex_init
                0x0200ce90                kernel__threads___elabb
                0x0200cea0                kernel__threads___init_proc
                0x0200ceac                kernel__threads___init_proc__2
                0x0200cb68                kernel_get_priority
 .text          0x0200cef0       0x28 /usr/local/openravenscar/lib/gcc-lib/sparc-ork-elf/2.8.1/adalib/libgnarl.a(kernel-threads-atcb.o)
                0x0200cf08                kernel__threads__atcb___elabb
                0x0200cef8                kernel__threads__atcb__thread_self_atcb
                0x0200cef0                kernel__threads__atcb__set_atcb
 .text          0x0200cf18      0x478 /usr/local/openravenscar/lib/gcc-lib/sparc-ork-elf/2.8.1/adalib/libgnarl.a(kernel-threads-queues.o)
                0x0200d130                kernel__threads__queues__insert_alarm
                0x0200cfd4                kernel__threads__queues__insert_at_tail
                0x0200cf30                kernel__threads__queues__insert_at_head
                0x0200d1fc                kernel__threads__queues__extract_first_alarm
                0x0200d0e4                kernel__threads__queues__get_new_thread_descriptor
                0x0200d300                kernel__threads__queues___init_proc
                0x0200d078                kernel__threads__queues__extract_from_ready
                0x0200d228                kernel__threads__queues__get_next_alarm_time
                0x0200d25c                kernel__threads__queues___elabb
                0x0200d0c0                kernel__threads__queues__next_running
                0x0200cf24                kernel__threads__queues__environment_thread_id
                0x0200cf18                kernel__threads__queues__dummy_thread_id
 .text          0x0200d390      0x108 /usr/local/openravenscar/lib/gcc-lib/sparc-ork-elf/2.8.1/adalib/libgnarl.a(kernel-threads-protection.o)
                0x0200d3b4                kernel__threads__protection__leave_kernel
                0x0200d390                kernel__threads__protection__dispatch
                0x0200d488                kernel__threads__protection___elabb
                0x0200d3a0                kernel__threads__protection__enter_kernel
 .text          0x0200d498      0x3c4 /usr/local/openravenscar/lib/gcc-lib/sparc-ork-elf/2.8.1/adalib/libgnarl.a(kernel-time.o)
                0x0200d550                kernel_delay_until
                0x0200d498                kernel_clock
                0x0200d81c                kernel__time___elabb
 .text          0x0200d85c       0x9c /usr/local/openravenscar/lib/gcc-lib/sparc-ork-elf/2.8.1/adalib/libgnarl.a(kernel-memory.o)
                0x0200d8b8                kernel__memory___elabb
                0x0200d864                kernel_new_stack
                0x0200d85c                kernel_new_memory_region
 .text          0x0200d8f8       0x88 /usr/local/openravenscar/lib/gcc-lib/sparc-ork-elf/2.8.1/adalib/libgnarl.a(kernel-cpu_primitives.o)
                0x0200d8f8                kernel__cpu_primitives__context_switch
                0x0200d904                kernel__cpu_primitives__initialize_context
                0x0200d970                kernel__cpu_primitives___elabb
 .text          0x0200d980       0x44 /usr/local/openravenscar/lib/gcc-lib/sparc-ork-elf/2.8.1/adalib/libgnarl.a(kernel-peripherals-registers.o)
                0x0200d980                kernel__peripherals__registers___elabs
 .text          0x0200d9c4      0x6ac /usr/local/openravenscar/lib/gcc-lib/sparc-ork-elf/2.8.1/adalib/libgnarl.a(kernel-peripherals.o)
                0x0200d9d4                kernel__peripherals__stop_watch_dog
                0x0200d9c4                kernel__peripherals__to_vector
                0x0200d9f0                kernel__peripherals__init_clock
                0x0200dfbc                kernel__peripherals___elabb
                0x0200dad4                kernel__peripherals__cancel_and_set_alarm
                0x0200dab0                kernel__peripherals__init_board
                0x0200dae8                kernel__peripherals__set_alarm
                0x0200dc5c                kernel__peripherals__read_clock
                0x0200dccc                kernel__peripherals__clear_alarm_interrupt
                0x0200defc                kernel__peripherals__uart_send
                0x0200dcd4                kernel__peripherals__clear_clock_interrupt
                0x0200de10                kernel__peripherals__init_uart
                0x0200d9e8                kernel__peripherals__memory_configuration
                0x0200dcdc                kernel__peripherals__protect_segment
                0x0200d9cc                kernel__peripherals__priority_of_interrupt
 .text          0x0200e070       0xe4 /usr/local/openravenscar/lib/gcc-lib/sparc-ork-elf/2.8.1/adalib/libgnarl.a(kernel-serial_output.o)
                0x0200e0c8                kernel_new_line
                0x0200e0dc                kernel_put_line_c
                0x0200e088                kernel__serial_output__put__2
                0x0200e070                kernel_put_c
                0x0200e0f8                kernel__serial_output__put_line__2
                0x0200e128                kernel__serial_output___elabb
 .text          0x0200e154      0x2dc /usr/local/openravenscar/lib/gcc-lib/sparc-ork-elf/2.8.1/adalib/libgnarl.a(context.o)
                0x0200e428                exit_from_context_switch
                0x0200e154                context_switch
                0x0200e160                context_trap
 .text          0x0200e430      0x60c /usr/local/openravenscar/lib/gcc-lib/sparc-ork-elf/2.8.1/adalib/libgnarl.a(install_handler.o)
                0x0200e4e8                set_next_running
                0x0200e430                enable_traps
                0x0200e494                install_trap_handler
                0x0200e444                install_int_handler
 .text          0x0200ea3c       0x34 /usr/local/openravenscar/lib/gcc-lib/sparc-ork-elf/2.8.1/adalib/libgnarl.a(int_level.o)
                0x0200ea3c                disable_interrupts
                0x0200ea54                enable_interrupts
 .text          0x0200ea70     0x25c0 /usr/local/openravenscar/lib/gcc-lib/sparc-ork-elf/2.8.1/adalib/libgnat.a(a-except.o)
                0x020102d8                ada__exceptions__sdp_table_sort_move
                0x02010438                ada__exceptions__string_to_eid
                0x0200faf4                __gnat_raise_nodefer_with_msg
                0x0200eca0                ada__exceptions__current_target_exception
                0x0200fc6c                ada__exceptions__raise_from_signal_handler
                0x0200eaf0                ada__exceptions__address_image
                0x0200fef0                ada__exceptions__save_occurrence
                0x02010ad4                __gnat_notify_exception
                0x0200f7b4                ada__exceptions__propagate_exception
                0x0200f628                ada__exceptions__exception_name_simple
                0x0200fe44                __gnat_reraise
                0x0200fbd4                __gnat_raise_exception
                0x0200ea70                ada__exceptions___elabs
                0x0200ebf8                __gnat_break_start
                0x0200ebe4                ada__exceptions__allocate_machine_state
                0x0200ecc4                ada__exceptions__deallocate_machine_state
                0x0200ef78                ada__exceptions__exception_information
                0x0200fda4                __gnat_raise_storage_error
                0x0200ed34                ada__exceptions__eo_to_string
                0x0201023c                ada__exceptions__sdp_table_sort_lt
                0x02010f48                ada__exceptions__raise_exception_no_defer
                0x0200f534                ada__exceptions__exception_name__2
                0x02010ff0                ada__exceptions__zzz
                0x0200eae0                ada__exceptions__poll
                0x0200fdc4                ada__exceptions__raise_with_c_msg
                0x02010b68                ada__exceptions__unhandled_exception_terminate
                0x0200ecd8                ada__exceptions__eid_to_string
                0x0200ff84                ada__exceptions__save_occurrence__2
                0x0200fd30                ada__exceptions__raise_with_location
                0x0200fd08                ada__exceptions__raise_no_msg
                0x0200f470                ada__exceptions__exception_message
                0x02010308                ada__exceptions__set_exception_c_msg
                0x02010560                ada__exceptions__string_to_eo
                0x0200fd64                __gnat_raise_constraint_error
                0x0200fe7c                ada__exceptions__reraise_occurrence
                0x02010ff8                ada__exceptions___elabb
                0x02011020                ada__exceptions___init_proc
                0x0200f5f8                ada__exceptions__exception_name
                0x0200eae8                ada__exceptions__aaa
                0x0200fec4                ada__exceptions__reraise_occurrence_no_defer
                0x0200ed94                ada__exceptions__exception_identity
                0x0200ffb0                __gnat_SDP_Table_Build
                0x02010acc                __gnat_unhandled_exception
                0x0200ec00                ada__exceptions__call_chain
                0x0200fdf8                __gnat_raise_with_msg
                0x0200fd84                __gnat_raise_program_error
 .text          0x02011030      0x2ec /usr/local/openravenscar/lib/gcc-lib/sparc-ork-elf/2.8.1/adalib/libgnat.a(a-filico.o)
                0x0201107c                ada__finalization__list_controller___deep_finalize__2
                0x020112e8                ada__finalization__list_controller___init_proc__2
                0x020112ac                ada__finalization__list_controller__finalize
                0x0201106c                ada__finalization__list_controller___size__2
                0x020112c4                ada__finalization__list_controller___init_proc
                0x02011278                ada__finalization__list_controller__finalize__2
                0x020110a8                ada__finalization__list_controller___elabs
                0x02011030                ada__finalization__list_controller___size
                0x02011260                ada__finalization__list_controller__initialize__2
                0x02011040                ada__finalization__list_controller___deep_finalize
 .text          0x0201131c      0x560 /usr/local/openravenscar/lib/gcc-lib/sparc-ork-elf/2.8.1/adalib/libgnat.a(a-finali.o)
                0x0201157c                ada__finalization___size__4
                0x020117fc                ada__finalization__initialize
                0x02011814                ada__finalization__Oeq__2
                0x0201183c                ada__finalization___init_proc
                0x02011344                ada__finalization___write__3
                0x02011834                ada__finalization__finalize__2
                0x0201131c                ada__finalization___size__3
                0x0201132c                ada__finalization___read__3
                0x02011804                ada__finalization__adjust
                0x0201185c                ada__finalization___init_proc__2
                0x020115b8                ada__finalization___elabs
                0x0201180c                ada__finalization__finalize
                0x02011528                ada__finalization___deep_adjust
                0x0201182c                ada__finalization__initialize__2
                0x0201135c                ada__finalization___assign__3
                0x02011550                ada__finalization___deep_finalize
                0x0201158c                ada__finalization___deep_finalize__2
 .text          0x0201187c       0x6c /usr/local/openravenscar/lib/gcc-lib/sparc-ork-elf/2.8.1/adalib/libgnat.a(a-ioexce.o)
                0x0201187c                ada__io_exceptions___elabs
 .text          0x020118e8     0x1e98 /usr/local/openravenscar/lib/gcc-lib/sparc-ork-elf/2.8.1/adalib/libgnat.a(a-nuelfu.o)
                0x020133a4                ada__numerics__elementary_functions__sinh
                0x0201222c                ada__numerics__elementary_functions__arcsin
                0x02012014                ada__numerics__elementary_functions__arccosh
                0x02012458                ada__numerics__elementary_functions__arcsinh
                0x020118e8                ada__numerics__elementary_functions__Oexpon
                0x02012128                ada__numerics__elementary_functions__arccoth
                0x0201210c                ada__numerics__elementary_functions__arccot__2
                0x02012300                ada__numerics__elementary_functions__arcsin__2
                0x02012688                ada__numerics__elementary_functions__arctan__2
                0x02011ea8                ada__numerics__elementary_functions__arccos__2
                0x02012988                ada__numerics__elementary_functions__cos
                0x020134b0                ada__numerics__elementary_functions__sqrt
                0x020135bc                ada__numerics__elementary_functions__tan__2
                0x020132a8                ada__numerics__elementary_functions__sin__2
                0x02013138                ada__numerics__elementary_functions__log__2
                0x02012b8c                ada__numerics__elementary_functions__cot__2
                0x020136ec                ada__numerics__elementary_functions__tanh
                0x02012cf4                ada__numerics__elementary_functions__coth
                0x0201307c                ada__numerics__elementary_functions__log
                0x02012a38                ada__numerics__elementary_functions__cosh
                0x020120f4                ada__numerics__elementary_functions__arccot
                0x02012578                ada__numerics__elementary_functions__arctan
                0x02013260                ada__numerics__elementary_functions__sin
                0x02011da8                ada__numerics__elementary_functions__arccos
                0x020129f4                ada__numerics__elementary_functions__cos__2
                0x02013534                ada__numerics__elementary_functions__tan
                0x02012de8                ada__numerics__elementary_functions__exp
                0x02012ae4                ada__numerics__elementary_functions__cot
                0x020127fc                ada__numerics__elementary_functions__arctanh
 .text          0x02013780       0x18 /usr/local/openravenscar/lib/gcc-lib/sparc-ork-elf/2.8.1/adalib/libgnat.a(a-numeri.o)
                0x02013780                ada__numerics___elabs
 .text          0x02013798       0xc0 /usr/local/openravenscar/lib/gcc-lib/sparc-ork-elf/2.8.1/adalib/libgnat.a(a-stream.o)
                0x020137b0                ada__streams___elabs
                0x020137a8                ada__streams___deep_finalize
                0x02013798                ada__streams___size
                0x02013848                ada__streams___init_proc
 .text          0x02013858      0x934 /usr/local/openravenscar/lib/gcc-lib/sparc-ork-elf/2.8.1/adalib/libgnat.a(a-tags.o)
                0x02013ec0                ada__tags__length
                0x0201412c                ada__tags___init_proc
                0x020139cc                ada__tags__external_tag_htable__removeXn
                0x02013fe4                ada__tags__get_rc_offset
                0x02014100                ada__tags__set_remotely_callable
                0x020140c8                ada__tags__set_prim_op_address
                0x020140a8                ada__tags__register_tag
                0x02014048                ada__tags__inherit_tsd
                0x02013858                ada__tags___elabs
                0x02013fc0                ada__tags__get_expanded_name
                0x020140dc                ada__tags__set_expanded_name
                0x02013ff0                ada__tags__get_remotely_callable
                0x02013be8                ada__tags__expanded_name
                0x02013870                ada__tags__external_tag_htable__getXn
                0x02013fd8                ada__tags__get_inheritance_depth
                0x02014008                ada__tags__get_tsd
                0x02013ac4                ada__tags__external_tag_htable__setXn
                0x02013f80                ada__tags__cw_membership
                0x02014010                ada__tags__inherit_dt
                0x02013918                ada__tags__external_tag_htable__get_nextXn
                0x02013cf0                ada__tags__get_external_tag
                0x02013d14                ada__tags__internal_tag
                0x02014134                ada__tags___init_proc__2
                0x02013f1c                ada__tags___elabb
                0x020140d4                ada__tags__set_tsd
                0x020140e8                ada__tags__set_external_tag
                0x02013b38                ada__tags__get_ht_link
                0x02013ef4                ada__tags__parent_size
                0x02013b00                ada__tags__equal
                0x020138e4                ada__tags__external_tag_htable__get_firstXn
                0x020140bc                ada__tags__set_inheritance_depth
                0x02013c6c                ada__tags__external_tag
                0x02013954                ada__tags__external_tag_htable__get_non_nullXn
                0x02013fcc                ada__tags__get_prim_op_address
                0x020140f4                ada__tags__set_rc_offset
                0x02013ba4                ada__tags__hash
                0x02013a84                ada__tags__external_tag_htable__resetXn
                0x02013bdc                ada__tags__set_ht_link
                0x02014140                ada__tags__external_tag_htable___init_procXn
 .text          0x0201418c      0x25c /usr/local/openravenscar/lib/gcc-lib/sparc-ork-elf/2.8.1/adalib/libgnat.a(g-except.o)
                0x020142d8                gnat__exceptions___deep_finalize
                0x020141a4                gnat__exceptions___write
                0x020141e0                gnat__exceptions___output
                0x02014200                gnat__exceptions___assign
                0x020141ac                gnat__exceptions___input
                0x020142e0                gnat__exceptions___elabs
                0x0201419c                gnat__exceptions___read
                0x0201418c                gnat__exceptions___size
                0x020143d8                gnat__exceptions___init_proc
                0x020141f8                gnat__exceptions__Oeq
                0x020142d0                gnat__exceptions___deep_adjust
 .text          0x020143e8      0x174 /usr/local/openravenscar/lib/gcc-lib/sparc-ork-elf/2.8.1/adalib/libgnat.a(g-hesora.o)
                0x020144b8                gnat__heap_sort_a__sort
 .text          0x0201455c      0xc6c /usr/local/openravenscar/lib/gcc-lib/sparc-ork-elf/2.8.1/adalib/libgnat.a(i-c.o)
                0x02014e6c                interfaces__c__to_c__4
                0x020149ac                interfaces__c__to_ada__6
                0x020145c0                interfaces__c__is_nul_terminated__2
                0x02014610                interfaces__c__to_ada
                0x02014618                interfaces__c__to_ada__2
                0x02014ad4                interfaces__c__to_c
                0x02014574                interfaces__c__is_nul_terminated
                0x02015020                interfaces__c__to_c__6
                0x0201474c                interfaces__c__to_ada__3
                0x0201455c                interfaces__c___elabs
                0x02014cd4                interfaces__c__to_c__3
                0x0201486c                interfaces__c__to_ada__5
                0x02014e74                interfaces__c__to_c__5
                0x02014adc                interfaces__c__to_c__2
                0x02014864                interfaces__c__to_ada__4
 .text          0x020151c8     0x13b4 /usr/local/openravenscar/lib/gcc-lib/sparc-ork-elf/2.8.1/adalib/libgnat.a(s-arit64.o)
                0x02015304                system__arith_64__hi
                0x020158ac                system__arith_64__scaled_divide
                0x0201587c                system__arith_64__raise_error
                0x0201527c                system__arith_64__Odivide
                0x020151f0                system__arith_64__Oadd__2
                0x020164a8                system__arith_64__subtract_with_ovflo_check
                0x02015220                system__arith_64__Omultiply
                0x02015314                system__arith_64__lo
                0x02015250                system__arith_64__Omultiply__2
                0x02015388                system__arith_64__double_divide
                0x02015678                system__arith_64__multiply_with_ovflo_check
                0x0201655c                system__arith_64__to_pos_int
                0x020151c8                system__arith_64__Oadd
                0x020152d4                system__arith_64__Oconcat
                0x02016524                system__arith_64__to_neg_int
                0x020152a8                system__arith_64__Orem
                0x0201531c                system__arith_64__add_with_ovflo_check
                0x02015208                system__arith_64__Osubtract
 .text          0x0201657c      0x16c /usr/local/openravenscar/lib/gcc-lib/sparc-ork-elf/2.8.1/adalib/libgnat.a(s-except.o)
                0x020165a0                system__exceptions___init_proc
                0x0201657c                system__exceptions___elabs
                0x02016648                system__exceptions___init_proc__4
                0x020165e8                system__exceptions___init_proc__3
                0x02016688                system__exceptions___init_proc__5
                0x020165a8                system__exceptions___init_proc__2
 .text          0x020166e8      0x54c /usr/local/openravenscar/lib/gcc-lib/sparc-ork-elf/2.8.1/adalib/libgnat.a(s-exctab.o)
                0x020169fc                system__exception_table__get_key
                0x02016790                system__exception_table__exception_htable__get_nextXn
                0x020169c4                system__exception_table__equal
                0x0201693c                system__exception_table__exception_htable__setXn
                0x02016be8                system__exception_table__exception_htable___init_procXn
                0x020166e8                system__exception_table__exception_htable__getXn
                0x02016980                system__exception_table__get_ht_link
                0x020168fc                system__exception_table__exception_htable__resetXn
                0x02016978                system__exception_table__set_ht_link
                0x02016a04                system__exception_table__internal_exception
                0x020167cc                system__exception_table__exception_htable__get_non_nullXn
                0x02016988                system__exception_table__hash
                0x0201675c                system__exception_table__exception_htable__get_firstXn
                0x02016b38                system__exception_table___elabb
                0x02016b24                system__exception_table__register_exception
                0x02016844                system__exception_table__exception_htable__removeXn
 .text          0x02016c34      0x1c4 /usr/local/openravenscar/lib/gcc-lib/sparc-ork-elf/2.8.1/adalib/libgnat.a(s-exnflt.o)
                0x02016c34                system__exn_flt__exn_float
 .text          0x02016df8      0xb2c /usr/local/openravenscar/lib/gcc-lib/sparc-ork-elf/2.8.1/adalib/libgnat.a(s-fatflt.o)
                0x020177ac                system__fat_flt__fat_float__truncation
                0x02016f3c                system__fat_flt__fat_float__decompose
                0x020172d0                system__fat_flt__fat_float__model
                0x020171d8                system__fat_flt__fat_float__floor
                0x020172e4                system__fat_flt__fat_float__pred
                0x020175ac                system__fat_flt__fat_float__scaling
                0x02017260                system__fat_flt__fat_float__leading_part
                0x0201785c                system__fat_flt__fat_float__unbiased_rounding
                0x02016e50                system__fat_flt__fat_float__ceiling
                0x02016eb0                system__fat_flt__fat_float__compose
                0x020171b0                system__fat_flt__fat_float__exponent
                0x02017238                system__fat_flt__fat_float__fraction
                0x02017128                system__fat_flt__fat_float__gradual_scaling
                0x0201739c                system__fat_flt__fat_float__remainder
                0x02017524                system__fat_flt__fat_float__rounding
                0x02016df8                system__fat_flt__fat_float__adjacent
                0x020176c4                system__fat_flt__fat_float__succ
                0x02017904                system__fat_flt__fat_float__valid
                0x02016ee0                system__fat_flt__fat_float__copy_sign
                0x020172bc                system__fat_flt__fat_float__machine
 .text          0x02017924     0x13dc /usr/local/openravenscar/lib/gcc-lib/sparc-ork-elf/2.8.1/adalib/libgnat.a(s-finimp.o)
                0x02018b44                system__finalization_implementation__deep_tag_attach
                0x02017b50                system__finalization_implementation___read__2
                0x020181a4                system__finalization_implementation__detach_from_final_list
                0x020179e8                system__finalization_implementation___output
                0x02018600                system__finalization_implementation__finalize_list
                0x02017c1c                system__finalization_implementation__Oeq__2
                0x02018cd0                system__finalization_implementation___init_proc__2
                0x02017a48                system__finalization_implementation___assign
                0x02018bfc                system__finalization_implementation__initialize__2
                0x02018008                system__finalization_implementation__attach_to_final_list
                0x020189a8                system__finalization_implementation__deep_tag_adjust
                0x02017c64                system__finalization_implementation___assign__2
                0x02017a00                system__finalization_implementation__Oeq
                0x02017990                system__finalization_implementation___input
                0x0201796c                system__finalization_implementation___write
                0x020188b8                system__finalization_implementation__deep_tag_initialize
                0x02018bf4                system__finalization_implementation__initialize
                0x02018cac                system__finalization_implementation___init_proc
                0x02017b74                system__finalization_implementation___write__2
                0x02017d64                system__finalization_implementation___elabs
                0x02017c04                system__finalization_implementation___output__2
                0x02017b98                system__finalization_implementation___input__2
                0x02017934                system__finalization_implementation___read
                0x0201876c                system__finalization_implementation__finalize_one
                0x02018a74                system__finalization_implementation__deep_tag_finalize
                0x02018744                system__finalization_implementation__finalize_global_list
                0x02018c98                system__finalization_implementation__finalize
                0x02017b40                system__finalization_implementation___size__2
                0x02018c64                system__finalization_implementation__adjust__2
                0x02017924                system__finalization_implementation___size
 .text          0x02018d00      0x658 /usr/local/openravenscar/lib/gcc-lib/sparc-ork-elf/2.8.1/adalib/libgnat.a(s-finroo.o)
                0x02018d00                system__finalization_root___size
                0x02019334                system__finalization_root___init_proc__2
                0x02018d10                system__finalization_root___read
                0x02019048                system__finalization_root___elabs
                0x02018f00                system__finalization_root__Oeq__2
                0x02018e90                system__finalization_root___input__2
                0x02018d18                system__finalization_root___write
                0x02018d28                system__finalization_root___assign
                0x020192f4                system__finalization_root__finalize
                0x02018ee8                system__finalization_root___output__2
                0x02019294                system__finalization_root__initialize
                0x02018d20                system__finalization_root__Oeq
                0x02018e08                system__finalization_root___read__2
                0x02018e60                system__finalization_root___write__2
                0x02018df8                system__finalization_root___size__2
                0x020192c4                system__finalization_root__adjust
                0x02018f58                system__finalization_root___assign__2
                0x02019324                system__finalization_root___init_proc
 .text          0x02019358      0x1b4 /usr/local/openravenscar/lib/gcc-lib/sparc-ork-elf/2.8.1/adalib/libgnat.a(s-imgint.o)
                0x02019494                system__img_int__set_image_integer
                0x02019358                system__img_int__image_integer
 .text          0x0201950c      0xbc8 /usr/local/openravenscar/lib/gcc-lib/sparc-ork-elf/2.8.1/adalib/libgnat.a(s-imgrea.o)
                0x0201950c                system__img_real__image_ordinary_fixed_point
                0x02019bf8                system__img_real__set_image_real
                0x020195e0                system__img_real__image_floating_point
 .text          0x0201a0d4      0x160 /usr/local/openravenscar/lib/gcc-lib/sparc-ork-elf/2.8.1/adalib/libgnat.a(s-imguns.o)
                0x0201a0d4                system__img_uns__image_unsigned
                0x0201a1f4                system__img_uns__set_image_unsigned
 .text          0x0201a234       0x40 /usr/local/openravenscar/lib/gcc-lib/sparc-ork-elf/2.8.1/adalib/libgnat.a(s-mastop.o)
                0x0201a24c                system__machine_state_operations__get_code_loc
                0x0201a234                system__machine_state_operations__allocate_machine_state
                0x0201a26c                system__machine_state_operations__set_signal_machine_state
                0x0201a244                system__machine_state_operations__free_machine_state
                0x0201a254                system__machine_state_operations__machine_state_length
                0x0201a23c                system__machine_state_operations__enter_handler
                0x0201a264                system__machine_state_operations__set_machine_state
                0x0201a25c                system__machine_state_operations__pop_frame
 .text          0x0201a274       0x50 /usr/local/openravenscar/lib/gcc-lib/sparc-ork-elf/2.8.1/adalib/libgnat.a(s-parame.o)
                0x0201a27c                system__parameters__minimum_stack_size
                0x0201a284                system__parameters__adjust_storage_size
                0x0201a274                system__parameters__default_stack_size
 .text          0x0201a2c4      0x314 /usr/local/openravenscar/lib/gcc-lib/sparc-ork-elf/2.8.1/adalib/libgnat.a(s-secsta.o)
                0x0201a5d0                system__secondary_stack___init_proc__2
                0x0201a574                system__secondary_stack___elabb
                0x0201a2c4                system__secondary_stack__ss_allocate
                0x0201a4b8                system__secondary_stack__ss_free
                0x0201a554                system__secondary_stack__ss_release
                0x0201a534                system__secondary_stack__ss_mark
                0x0201a5bc                system__secondary_stack___init_proc
                0x0201a454                system__secondary_stack__ss_init
 .text          0x0201a5d8      0x1fc /usr/local/openravenscar/lib/gcc-lib/sparc-ork-elf/2.8.1/adalib/libgnat.a(s-sopco3.o)
                0x0201a5d8                system__string_ops_concat_3__str_concat_3
 .text          0x0201a7d4      0x1e4 /usr/local/openravenscar/lib/gcc-lib/sparc-ork-elf/2.8.1/adalib/libgnat.a(s-stache.o)
                0x0201a7d4                system__stack_checking___elabs
                0x0201a7ec                _gnat_stack_check
                0x0201a970                system__stack_checking__set_stack_size
                0x0201a9a8                system__stack_checking___init_proc
                0x0201a878                system__stack_checking__invalidate_stack_cache
                0x0201a998                system__stack_checking__update_stack_cache
 .text          0x0201a9b8       0x28 /usr/local/openravenscar/lib/gcc-lib/sparc-ork-elf/2.8.1/adalib/libgnat.a(s-stalib.o)
                0x0201a9b8                system__standard_library__abort_undefer_direct
                0x0201a9d4                system__standard_library___init_proc
 .text          0x0201a9e0       0x64 /usr/local/openravenscar/lib/gcc-lib/sparc-ork-elf/2.8.1/adalib/libgnat.a(s-stoele.o)
                0x0201aa00                system__storage_elements__Omod
                0x0201aa34                system__storage_elements__to_address
                0x0201a9e8                system__storage_elements__Oadd__2
                0x0201a9f0                system__storage_elements__Osubtract
                0x0201a9e0                system__storage_elements__Oadd
                0x0201aa3c                system__storage_elements__to_integer
                0x0201a9f8                system__storage_elements__Osubtract__2
 .text          0x0201aa44     0x102c /usr/local/openravenscar/lib/gcc-lib/sparc-ork-elf/2.8.1/adalib/libgnat.a(s-stratt.o)
                0x0201b15c                system__stream_attributes__i_si
                0x0201b414                system__stream_attributes__w_ad
                0x0201ab4c                system__stream_attributes__i_b
                0x0201b508                system__stream_attributes__w_c
                0x0201ad24                system__stream_attributes__i_lf
                0x0201b0d4                system__stream_attributes__i_sf
                0x0201b990                system__stream_attributes__w_su
                0x0201abb0                system__stream_attributes__i_c
                0x0201ae54                system__stream_attributes__i_llf
                0x0201b29c                system__stream_attributes__i_su
                0x0201afa4                system__stream_attributes__i_llu
                0x0201b88c                system__stream_attributes__w_sf
                0x0201b314                system__stream_attributes__i_u
                0x0201ba2c                system__stream_attributes__w_wc
                0x0201aa44                system__stream_attributes__i_ad
                0x0201b9d4                system__stream_attributes__w_u
                0x0201b834                system__stream_attributes__w_lu
                0x0201b4d4                system__stream_attributes__w_b
                0x0201b73c                system__stream_attributes__w_lli
                0x0201b238                system__stream_attributes__i_ssu
                0x0201adcc                system__stream_attributes__i_li
                0x0201b928                system__stream_attributes__w_ssi
                0x0201b8e4                system__stream_attributes__w_si
                0x0201b5ec                system__stream_attributes__w_lf
                0x0201b1d4                system__stream_attributes__i_ssi
                0x0201ac14                system__stream_attributes__i_f
                0x0201b668                system__stream_attributes__w_li
                0x0201b484                system__stream_attributes__w_as
                0x0201b594                system__stream_attributes__w_i
                0x0201ac9c                system__stream_attributes__i_i
                0x0201aefc                system__stream_attributes__i_lli
                0x0201b39c                system__stream_attributes__i_wc
                0x0201b6c0                system__stream_attributes__w_llf
                0x0201b95c                system__stream_attributes__w_ssu
                0x0201aabc                system__stream_attributes__i_as
                0x0201b53c                system__stream_attributes__w_f
                0x0201b7b8                system__stream_attributes__w_llu
                0x0201b04c                system__stream_attributes__i_lu
 .text          0x0201ba70      0x5b8 /usr/local/openravenscar/lib/gcc-lib/sparc-ork-elf/2.8.1/adalib/libgnat.a(s-strops.o)
                0x0201be94                system__string_ops__str_equal
                0x0201bd6c                system__string_ops__str_concat_sc
                0x0201bfa4                system__string_ops__str_normalize
                0x0201ba70                system__string_ops__str_concat
                0x0201bc90                system__string_ops__str_concat_cs
                0x0201bfe4                system__string_ops__wide_str_normalize
                0x0201bc30                system__string_ops__str_concat_cc
 .text          0x0201c028      0x298 /usr/local/openravenscar/lib/gcc-lib/sparc-ork-elf/2.8.1/adalib/libgnat.a(s-soflin.o)
                0x0201c18c                system__soft_links__set_jmpbuf_address_soft
                0x0201c0f8                system__soft_links__get_stack_info_nt
                0x0201c254                system__soft_links___elabb
                0x0201c0ec                system__soft_links__get_current_excep_nt
                0x0201c1fc                system__soft_links__set_exc_stack_addr_soft
                0x0201c028                system__soft_links__abort_defer_nt
                0x0201c05c                system__soft_links__check_abort_status_nt
                0x0201c0a4                system__soft_links__get_sec_stack_addr_nt
                0x0201c098                system__soft_links__set_jmpbuf_address_nt
                0x0201c07c                system__soft_links__task_lock_nt
                0x0201c238                system__soft_links__set_machine_state_addr_soft
                0x0201c06c                system__soft_links__current_master_nt
                0x0201c030                system__soft_links__abort_handler_nt
                0x0201c128                system__soft_links__destroy_tsd
                0x0201c1e0                system__soft_links__get_exc_stack_addr_soft
                0x0201c08c                system__soft_links__get_jmpbuf_address_nt
                0x0201c038                system__soft_links__abort_undefer_nt
                0x0201c104                system__soft_links__create_tsd
                0x0201c0c8                system__soft_links__set_machine_state_addr_nt
                0x0201c0b0                system__soft_links__set_sec_stack_addr_nt
                0x0201c040                system__soft_links__update_exception_nt
                0x0201c0e0                system__soft_links__set_exc_stack_addr_nt
                0x0201c294                system__soft_links___init_proc
                0x0201c170                system__soft_links__get_jmpbuf_address_soft
                0x0201c074                system__soft_links__enter_master_nt
                0x0201c21c                system__soft_links__get_machine_state_addr_soft
                0x0201c1c4                system__soft_links__set_sec_stack_addr_soft
                0x0201c084                system__soft_links__task_unlock_nt
                0x0201c14c                system__soft_links__get_gnat_exception
                0x0201c1a8                system__soft_links__get_sec_stack_addr_soft
                0x0201c064                system__soft_links__complete_master_nt
                0x0201c0bc                system__soft_links__get_machine_state_addr_nt
                0x0201c0d4                system__soft_links__get_exc_stack_addr_nt
 .text          0x0201c2c0       0x68 /usr/local/openravenscar/lib/gcc-lib/sparc-ork-elf/2.8.1/adalib/libgnat.a(s-traceb.o)
                0x0201c2d4                system__traceback__get_code_loc
                0x0201c2fc                system__traceback__pop_frame
                0x0201c2e8                system__traceback__free_machine_state
                0x0201c2c0                system__traceback__allocate_machine_state
                0x0201c314                system__traceback__set_machine_state
 .text          0x0201c328       0xfc /usr/local/openravenscar/lib/gcc-lib/sparc-ork-elf/2.8.1/adalib/libgnat.a(a-argv.o)
                0x0201c3f0                fill_env
                0x0201c394                env_count
                0x0201c3d0                len_env
                0x0201c328                arg_count
                0x0201c334                gnat_argval
                0x0201c360                fill_arg
                0x0201c340                len_arg
 .text          0x0201c424      0x14c /usr/local/openravenscar/lib/gcc-lib/sparc-ork-elf/2.8.1/adalib/libgnat.a(a-cio.o)
                0x0201c444                put_int
                0x0201c460                get_char
                0x0201c424                get_int
                0x0201c550                put_char_stderr
                0x0201c4b0                put_char
 .text          0x0201c570        0xc /usr/local/openravenscar/lib/gcc-lib/sparc-ork-elf/2.8.1/adalib/libgnat.a(a-exit.o)
                0x0201c570                set_gnat_exit_status
 .text          0x0201c57c      0x1f4 /usr/local/openravenscar/lib/gcc-lib/sparc-ork-elf/2.8.1/adalib/libgnat.a(a-raise.o)
                0x0201c57c                _gnat_builtin_longjmp
                0x0201c5d4                __gnat_malloc
                0x0201c68c                __gnat_free
                0x0201c5bc                __gnat_unhandled_terminate
                0x0201c6c8                __gnat_realloc
 .text          0x0201c770      0x410 /usr/local/openravenscar/lib/gcc-lib/sparc-ork-elf/2.8.1/adalib/libgnat.a(a-init.o)
                0x0201c964                __gnat_pop_frame
                0x0201cb78                __gnat_init_float
                0x0201c770                __gnat_set_globals
                0x0201cb70                __gnat_get_code_loc
                0x0201c7c8                __gnat_initialize
                0x0201cab4                __gnat_enter_handler
                0x0201cb68                __gnat_machine_state_length
                0x0201ca08                __gnat_set_machine_state
 .text          0x0201cb80        0x8 /usr/local/openravenscar/lib/gcc-lib/sparc-ork-elf/2.8.1/adalib/libgnat.a(a-final.o)
                0x0201cb80                __gnat_finalize
 .text          0x0201cb88      0xc1c /usr/local/openravenscar/lib/gcc-lib/sparc-ork-elf/2.8.1/adalib/libgnat.a(s-fatllf.o)
                0x0201cc8c                system__fat_llf__fat_long_long_float__copy_sign
                0x0201cefc                system__fat_llf__fat_long_long_float__gradual_scaling
                0x0201d6d0                system__fat_llf__fat_long_long_float__unbiased_rounding
                0x0201cf94                system__fat_llf__fat_long_long_float__exponent
                0x0201cc58                system__fat_llf__fat_long_long_float__compose
                0x0201cfc0                system__fat_llf__fat_long_long_float__floor
                0x0201cb88                system__fat_llf__fat_long_long_float__adjacent
                0x0201d0ec                system__fat_llf__fat_long_long_float__pred
                0x0201d02c                system__fat_llf__fat_long_long_float__fraction
                0x0201d1ac                system__fat_llf__fat_long_long_float__remainder
                0x0201d3f4                system__fat_llf__fat_long_long_float__scaling
                0x0201cbec                system__fat_llf__fat_long_long_float__ceiling
                0x0201ccf0                system__fat_llf__fat_long_long_float__decompose
                0x0201d51c                system__fat_llf__fat_long_long_float__succ
                0x0201d058                system__fat_llf__fat_long_long_float__leading_part
                0x0201d35c                system__fat_llf__fat_long_long_float__rounding
                0x0201d0d4                system__fat_llf__fat_long_long_float__model
                0x0201d77c                system__fat_llf__fat_long_long_float__valid
                0x0201d60c                system__fat_llf__fat_long_long_float__truncation
                0x0201d0c0                system__fat_llf__fat_long_long_float__machine
 .text          0x0201d7a4      0x18c /usr/local/openravenscar/lib/gcc-lib/sparc-ork-elf/2.8.1/adalib/libgnat.a(s-imgllu.o)
                0x0201d7a4                system__img_llu__image_long_long_unsigned
                0x0201d8ec                system__img_llu__set_image_long_long_unsigned
 .text          0x0201d930      0x894 /usr/local/openravenscar/lib/gcc-lib/sparc-ork-elf/2.8.1/adalib/libgnat.a(a-adaint.o)
                0x0201dac0                get_object_suffix_ptr
                0x0201da6c                Get_Default_Identifier_Character_Set
                0x0201da54                Get_Maximum_File_Name_Length
                0x0201da64                Get_File_Names_Case_Sensitive
                0x0201dcdc                file_time_name
                0x0201da7c                Get_Pathsep_Char
                0x0201db5c                open_read
                0x0201da74                Get_Dirsep_Char
                0x0201dd74                is_regular_file
                0x0201da5c                Get_Switch_Character
                0x0201df28                locate_regular_file
                0x0201e178                to_canonical_file_list_next
                0x0201e1a4                to_host_dir_spec
                0x0201dd54                __gnat_file_exists
                0x0201dc48                __gnat_mkdir
                0x0201e19c                to_canonical_path_spec
                0x0201ddf4                is_writable_file
                0x0201dc20                open_new_temp
                0x0201de28                portable_spawn
                0x0201e18c                to_canonical_dir_spec
                0x0201dd14                get_env_value_ptr
                0x0201dcf8                file_time_fd
                0x0201dcd4                readdir_is_thread_safe
                0x0201dbf8                open_new
                0x0201d930                to_gm_time
                0x0201d9a4                Try_Lock
                0x0201e194                to_canonical_file_spec
                0x0201dee4                portable_wait
                0x0201e170                to_canonical_file_list_init
                0x0201e1bc                convert_addresses
                0x0201daf4                get_executable_suffix_ptr
                0x0201ddb4                is_directory
                0x0201dbd0                open_append
                0x0201dba8                open_create
                0x0201db80                open_rw
                0x0201dc60                file_length
                0x0201dca0                readdir_gnat
                0x0201e1b4                adjust_os_resource_limits
                0x0201e0b4                locate_exec
                0x0201dea4                portable_no_block_spawn
                0x0201df14                os_exit
                0x0201dd48                Get_Libraries_From_Registry
                0x0201e184                to_canonical_file_list_free
                0x0201da84                Get_Current_Dir
                0x0201e1ac                to_host_file_spec
                0x0201e128                locate_exec_on_path
                0x0201db28                get_debuggable_suffix_ptr
 .text          0x0201e1c4      0x294 /usr/local/openravenscar/sparc-ork-elf/lib/libm.a(s_atan.o)
                0x0201e1c4                atan
 .text          0x0201e458       0xf0 /usr/local/openravenscar/sparc-ork-elf/lib/libm.a(s_cos.o)
                0x0201e458                cos
 .text          0x0201e548       0x2c /usr/local/openravenscar/sparc-ork-elf/lib/libm.a(s_fabs.o)
                0x0201e548                fabs
 .text          0x0201e574       0xf0 /usr/local/openravenscar/sparc-ork-elf/lib/libm.a(s_sin.o)
                0x0201e574                sin
 .text          0x0201e664       0x9c /usr/local/openravenscar/sparc-ork-elf/lib/libm.a(s_tan.o)
                0x0201e664                tan
 .text          0x0201e700      0x134 /usr/local/openravenscar/sparc-ork-elf/lib/libm.a(s_tanh.o)
                0x0201e700                tanh
 .text          0x0201e834       0xf8 /usr/local/openravenscar/sparc-ork-elf/lib/libm.a(w_acos.o)
                0x0201e834                acos
 .text          0x0201e92c       0xf8 /usr/local/openravenscar/sparc-ork-elf/lib/libm.a(w_asin.o)
                0x0201e92c                asin
 .text          0x0201ea24      0x1c0 /usr/local/openravenscar/sparc-ork-elf/lib/libm.a(w_exp.o)
                0x0201ea24                exp
 .text          0x0201ebe4      0x184 /usr/local/openravenscar/sparc-ork-elf/lib/libm.a(w_log.o)
                0x0201ebe4                log
 .text          0x0201ed68      0x60c /usr/local/openravenscar/sparc-ork-elf/lib/libm.a(w_pow.o)
                0x0201ed68                pow
 .text          0x0201f374      0x118 /usr/local/openravenscar/sparc-ork-elf/lib/libm.a(w_sqrt.o)
                0x0201f374                sqrt
 .text          0x0201f48c      0x3ac /usr/local/openravenscar/sparc-ork-elf/lib/libm.a(e_acos.o)
                0x0201f48c                __ieee754_acos
 .text          0x0201f838      0x340 /usr/local/openravenscar/sparc-ork-elf/lib/libm.a(e_asin.o)
                0x0201f838                __ieee754_asin
 .text          0x0201fb78      0x2f0 /usr/local/openravenscar/sparc-ork-elf/lib/libm.a(e_exp.o)
                0x0201fb78                __ieee754_exp
 .text          0x0201fe68      0x310 /usr/local/openravenscar/sparc-ork-elf/lib/libm.a(e_log.o)
                0x0201fe68                __ieee754_log
 .text          0x02020178      0x99c /usr/local/openravenscar/sparc-ork-elf/lib/libm.a(e_pow.o)
                0x02020178                __ieee754_pow
 .text          0x02020b14      0x3d8 /usr/local/openravenscar/sparc-ork-elf/lib/libm.a(e_rem_pio2.o)
                0x02020b14                __ieee754_rem_pio2
 .text          0x02020eec      0x264 /usr/local/openravenscar/sparc-ork-elf/lib/libm.a(e_sqrt.o)
                0x02020eec                __ieee754_sqrt
 .text          0x02021150      0x17c /usr/local/openravenscar/sparc-ork-elf/lib/libm.a(k_cos.o)
                0x02021150                __kernel_cos
 .text          0x020212cc      0x838 /usr/local/openravenscar/sparc-ork-elf/lib/libm.a(k_rem_pio2.o)
                0x020212cc                __kernel_rem_pio2
 .text          0x02021b04      0x11c /usr/local/openravenscar/sparc-ork-elf/lib/libm.a(k_sin.o)
                0x02021b04                __kernel_sin
 .text          0x02021c20      0x2b4 /usr/local/openravenscar/sparc-ork-elf/lib/libm.a(k_tan.o)
                0x02021c20                __kernel_tan
 .text          0x02021ed4      0x40c /usr/local/openravenscar/sparc-ork-elf/lib/libm.a(s_expm1.o)
                0x02021ed4                expm1
 .text          0x020222e0       0x18 /usr/local/openravenscar/sparc-ork-elf/lib/libm.a(s_finite.o)
                0x020222e0                finite
 .text          0x020222f8      0x1a0 /usr/local/openravenscar/sparc-ork-elf/lib/libm.a(s_floor.o)
                0x020222f8                floor
 .text          0x02022498       0x28 /usr/local/openravenscar/sparc-ork-elf/lib/libm.a(s_isnan.o)
                0x02022498                isnan
 .text          0x020224c0        0x8 /usr/local/openravenscar/sparc-ork-elf/lib/libm.a(s_matherr.o)
                0x020224c0                matherr
 .text          0x020224c8      0x1c8 /usr/local/openravenscar/sparc-ork-elf/lib/libm.a(s_rint.o)
                0x020224c8                rint
 .text          0x02022690      0x1d8 /usr/local/openravenscar/sparc-ork-elf/lib/libm.a(s_scalbn.o)
                0x02022690                scalbn
 .text          0x02022868       0x40 /usr/local/openravenscar/sparc-ork-elf/lib/libm.a(s_copysign.o)
                0x02022868                copysign
 .text          0x020228a8        0x8 /usr/local/openravenscar/lib/gcc-lib/sparc-ork-elf/2.8.1/libgcc.a(__dummy.o)
                0x020228a8                __dummy
 .text          0x020228b0       0x48 /usr/local/openravenscar/lib/gcc-lib/sparc-ork-elf/2.8.1/libgcc.a(_ashldi3.o)
                0x020228b0                __ashldi3
 .text          0x020228f8       0x38 /usr/local/openravenscar/lib/gcc-lib/sparc-ork-elf/2.8.1/libgcc.a(_cmpdi2.o)
                0x020228f8                __cmpdi2
 .text          0x02022930      0x3c0 /usr/local/openravenscar/lib/gcc-lib/sparc-ork-elf/2.8.1/libgcc.a(_divdi3.o)
                0x02022930                __divdi3
 .text          0x02022cf0      0x1f4 /usr/local/openravenscar/lib/gcc-lib/sparc-ork-elf/2.8.1/libgcc.a(_divsi3.o)
                0x02022cf0                udiv
                0x02022cfc                div
 .text          0x02022ee4       0x58 /usr/local/openravenscar/lib/gcc-lib/sparc-ork-elf/2.8.1/libgcc.a(_fixsfdi.o)
                0x02022ee4                __fixsfdi
 .text          0x02022f3c      0x1c0 /usr/local/openravenscar/lib/gcc-lib/sparc-ork-elf/2.8.1/libgcc.a(_fixunsdfdi.o)
                0x02022f3c                __fixunsdfdi
 .text          0x020230fc      0x1c8 /usr/local/openravenscar/lib/gcc-lib/sparc-ork-elf/2.8.1/libgcc.a(_fixunssfdi.o)
                0x020230fc                __fixunssfdi
 .text          0x020232c4       0x54 /usr/local/openravenscar/lib/gcc-lib/sparc-ork-elf/2.8.1/libgcc.a(_floatdidf.o)
                0x020232c4                __floatdidf
 .text          0x02023318       0xa8 /usr/local/openravenscar/lib/gcc-lib/sparc-ork-elf/2.8.1/libgcc.a(_floatdisf.o)
                0x02023318                __floatdisf
 .text          0x020233c0       0x48 /usr/local/openravenscar/lib/gcc-lib/sparc-ork-elf/2.8.1/libgcc.a(_lshrdi3.o)
                0x020233c0                __lshrdi3
 .text          0x02023408      0x1f4 /usr/local/openravenscar/lib/gcc-lib/sparc-ork-elf/2.8.1/libgcc.a(_modsi3.o)
                0x02023408                urem
                0x02023414                rem
 .text          0x020235fc       0xe0 /usr/local/openravenscar/lib/gcc-lib/sparc-ork-elf/2.8.1/libgcc.a(_muldi3.o)
                0x020235fc                __muldi3
 .text          0x020236dc       0xe8 /usr/local/openravenscar/lib/gcc-lib/sparc-ork-elf/2.8.1/libgcc.a(_mulsi3.o)
                0x020236dc                umul
 .text          0x020237c4      0x340 /usr/local/openravenscar/lib/gcc-lib/sparc-ork-elf/2.8.1/libgcc.a(_udivdi3.o)
                0x020237c4                __udivdi3
 .text          0x02023b04      0x39c /usr/local/openravenscar/lib/gcc-lib/sparc-ork-elf/2.8.1/libgcc.a(_umoddi3.o)
                0x02023b04                __umoddi3
 .text          0x02023ea0      0xa48 /usr/local/openravenscar/lib/gcc-lib/sparc-ork-elf/2.8.1/libgcc.a(frame.o)
                0x020247c4                __frame_state_for
                0x0202475c                __deregister_frame_info
                0x02024734                __register_frame_info_table
                0x0202470c                __register_frame_info
 .text          0x020248e8       0x20 /usr/local/openravenscar/sparc-ork-elf/lib/libc.a(abort.o)
                0x020248e8                abort
 .text          0x02024908       0x1c /usr/local/openravenscar/sparc-ork-elf/lib/libc.a(atoi.o)
                0x02024908                atoi
 .text          0x02024924        0xc /usr/local/openravenscar/sparc-ork-elf/lib/libc.a(errno.o)
                0x02024924                __errno
 .text          0x02024930       0x8c /usr/local/openravenscar/sparc-ork-elf/lib/libc.a(exit.o)
                0x02024930                exit
 .text          0x020249bc       0x90 /usr/local/openravenscar/sparc-ork-elf/lib/libc.a(fputc.o)
                0x020249bc                fputc
 .text          0x02024a4c       0x40 /usr/local/openravenscar/sparc-ork-elf/lib/libc.a(getenv.o)
                0x02024a6c                getenv
                0x02024a4c                _findenv
 .text          0x02024a8c      0x100 /usr/local/openravenscar/sparc-ork-elf/lib/libc.a(getenv_r.o)
                0x02024a8c                _findenv_r
                0x02024b70                _getenv_r
 .text          0x02024b8c       0x1c /usr/local/openravenscar/sparc-ork-elf/lib/libc.a(gmtime.o)
                0x02024b8c                gmtime
 .text          0x02024ba8       0x20 /usr/local/openravenscar/sparc-ork-elf/lib/libc.a(lcltime.o)
                0x02024ba8                localtime
 .text          0x02024bc8      0x21c /usr/local/openravenscar/sparc-ork-elf/lib/libc.a(lcltime_r.o)
                0x02024bc8                localtime_r
 .text          0x02024de4       0x38 /usr/local/openravenscar/sparc-ork-elf/lib/libc.a(malloc.o)
                0x02024de4                malloc
                0x02024e00                free
 .text          0x02024e1c      0x774 /usr/local/openravenscar/sparc-ork-elf/lib/libc.a(mallocr.o)
                0x02024fe8                _malloc_r
 .text          0x02025590       0x80 /usr/local/openravenscar/sparc-ork-elf/lib/libc.a(memcmp.o)
                0x02025590                memcmp
 .text          0x02025610       0xc4 /usr/local/openravenscar/sparc-ork-elf/lib/libc.a(memcpy.o)
                0x02025610                memcpy
 .text          0x020256d4       0xa4 /usr/local/openravenscar/sparc-ork-elf/lib/libc.a(memset.o)
                0x020256d4                memset
 .text          0x02025778       0x10 /usr/local/openravenscar/sparc-ork-elf/lib/libc.a(mlock.o)
                0x02025780                __malloc_unlock
                0x02025778                __malloc_lock
 .text          0x02025788       0x70 /usr/local/openravenscar/sparc-ork-elf/lib/libc.a(printf.o)
                0x020257b8                printf
                0x02025788                _printf_r
 .text          0x020257f8       0x20 /usr/local/openravenscar/sparc-ork-elf/lib/libc.a(realloc.o)
                0x020257f8                realloc
 .text          0x02025818      0x50c /usr/local/openravenscar/sparc-ork-elf/lib/libc.a(reallocr.o)
                0x02025818                _realloc_r
 .text          0x02025d24       0x40 /usr/local/openravenscar/sparc-ork-elf/lib/libc.a(rget.o)
                0x02025d24                __srget
 .text          0x02025d64       0x34 /usr/local/openravenscar/sparc-ork-elf/lib/libc.a(sbrkr.o)
                0x02025d64                _sbrk_r
 .text          0x02025d98       0x64 /usr/local/openravenscar/sparc-ork-elf/lib/libc.a(scanf.o)
                0x02025dd0                _scanf_r
                0x02025d98                scanf
 .text          0x02025dfc      0x24c /usr/local/openravenscar/sparc-ork-elf/lib/libc.a(signal.o)
                0x02025e58                _signal_r
                0x02025eb4                _raise_r
                0x02025f50                __sigtramp_r
                0x02025ff4                signal
                0x02026014                _init_signal
                0x02025dfc                _init_signal_r
                0x0202602c                __sigtramp
                0x02025fd8                raise
 .text          0x02026048       0x4c /usr/local/openravenscar/sparc-ork-elf/lib/libc.a(signalr.o)
                0x02026048                _kill_r
                0x02026080                _getpid_r
 .text          0x02026094       0xb4 /usr/local/openravenscar/sparc-ork-elf/lib/libc.a(sprintf.o)
                0x02026094                _sprintf_r
                0x020260e8                sprintf
 .text          0x02026148       0x8c /usr/local/openravenscar/sparc-ork-elf/lib/libc.a(strcat.o)
                0x02026148                strcat
 .text          0x020261d4       0xb8 /usr/local/openravenscar/sparc-ork-elf/lib/libc.a(strcmp.o)
                0x020261d4                strcmp
 .text          0x0202628c       0x8c /usr/local/openravenscar/sparc-ork-elf/lib/libc.a(strcpy.o)
                0x0202628c                strcpy
 .text          0x02026318       0x78 /usr/local/openravenscar/sparc-ork-elf/lib/libc.a(strlen.o)
                0x02026318                strlen
 .text          0x02026390       0xcc /usr/local/openravenscar/sparc-ork-elf/lib/libc.a(strncmp.o)
                0x02026390                strncmp
 .text          0x0202645c       0xd4 /usr/local/openravenscar/sparc-ork-elf/lib/libc.a(strncpy.o)
                0x0202645c                strncpy
 .text          0x02026530       0x68 /usr/local/openravenscar/sparc-ork-elf/lib/libc.a(strstr.o)
                0x02026530                strstr
 .text          0x02026598      0x1f8 /usr/local/openravenscar/sparc-ork-elf/lib/libc.a(strtol.o)
                0x0202676c                strtol
                0x02026598                _strtol_r
 .text          0x02026790     0x19c4 /usr/local/openravenscar/sparc-ork-elf/lib/libc.a(vfprintf.o)
                0x02026894                _vfprintf_r
                0x02026874                vfprintf
 .text          0x02028154      0xf30 /usr/local/openravenscar/sparc-ork-elf/lib/libc.a(vfscanf.o)
                0x02028154                __svfscanf
                0x02028fa4                __sccl
 .text          0x02029084      0x10c /usr/local/openravenscar/sparc-ork-elf/lib/libc.a(wbuf.o)
                0x02029084                __swbuf
 .text          0x02029190      0x10c /usr/local/openravenscar/sparc-ork-elf/lib/libc.a(wsetup.o)
                0x02029190                __swsetup
 .text          0x0202929c       0x18 /usr/local/openravenscar/sparc-ork-elf/lib/libc.a(atof.o)
                0x0202929c                atof
 .text          0x020292b4     0x1250 /usr/local/openravenscar/sparc-ork-elf/lib/libc.a(dtoa.o)
                0x020294a0                _dtoa_r
 .text          0x0202a504       0x10 /usr/local/openravenscar/sparc-ork-elf/lib/libc.a(envlock.o)
                0x0202a50c                __env_unlock
                0x0202a504                __env_lock
 .text          0x0202a514       0xf0 /usr/local/openravenscar/sparc-ork-elf/lib/libc.a(fflush.o)
                0x0202a514                fflush
 .text          0x0202a604      0x228 /usr/local/openravenscar/sparc-ork-elf/lib/libc.a(findfp.o)
                0x0202a7bc                __sinit
                0x0202a660                __sfmoreglue
                0x0202a7a4                _cleanup
                0x0202a788                _cleanup_r
                0x0202a6b8                __sfp
 .text          0x0202a82c       0xcc /usr/local/openravenscar/sparc-ork-elf/lib/libc.a(fread.o)
                0x0202a82c                fread
 .text          0x0202a8f8      0x3c0 /usr/local/openravenscar/sparc-ork-elf/lib/libc.a(freer.o)
                0x0202a8f8                _free_r
                0x0202ab94                _malloc_trim_r
 .text          0x0202acb8      0x380 /usr/local/openravenscar/sparc-ork-elf/lib/libc.a(fvwrite.o)
                0x0202acb8                __sfvwrite
 .text          0x0202b038       0x60 /usr/local/openravenscar/sparc-ork-elf/lib/libc.a(fwalk.o)
                0x0202b038                _fwalk
 .text          0x0202b098       0xa4 /usr/local/openravenscar/sparc-ork-elf/lib/libc.a(locale.o)
                0x0202b098                _setlocale_r
                0x0202b0f8                _localeconv_r
                0x0202b104                setlocale
                0x0202b124                localeconv
 .text          0x0202b13c      0x144 /usr/local/openravenscar/sparc-ork-elf/lib/libc.a(makebuf.o)
                0x0202b13c                __smakebuf
 .text          0x0202b280       0x58 /usr/local/openravenscar/sparc-ork-elf/lib/libc.a(mbtowc_r.o)
                0x0202b280                _mbtowc_r
 .text          0x0202b2d8       0xd4 /usr/local/openravenscar/sparc-ork-elf/lib/libc.a(memchr.o)
                0x0202b2d8                memchr
 .text          0x0202b3ac      0x110 /usr/local/openravenscar/sparc-ork-elf/lib/libc.a(memmove.o)
                0x0202b3ac                memmove
 .text          0x0202b4bc      0xd14 /usr/local/openravenscar/sparc-ork-elf/lib/libc.a(mprec.o)
                0x0202c184                _mprec_log10
                0x0202b730                _hi0bits
                0x0202b4bc                _Balloc
                0x0202bfc0                _d2b
                0x0202b8a0                _multiply
                0x0202c0f4                _ratio
                0x0202b670                _s2b
                0x0202b87c                _i2b
                0x0202b7b0                _lo0bits
                0x0202bc70                __mcmp
                0x0202ba8c                _pow5mult
                0x0202be34                _ulp
                0x0202bec0                _b2d
                0x0202b58c                _multadd
                0x0202bcd8                __mdiff
                0x0202bb74                _lshift
                0x0202b554                _Bfree
 .text          0x0202c1d0      0x19c /usr/local/openravenscar/sparc-ork-elf/lib/libc.a(refill.o)
                0x0202c1e4                __srefill
 .text          0x0202c36c       0x38 /usr/local/openravenscar/sparc-ork-elf/lib/libc.a(s_isinf.o)
                0x0202c36c                isinf
 .text          0x0202c3a4      0x104 /usr/local/openravenscar/sparc-ork-elf/lib/libc.a(stdio.o)
                0x0202c440                __sseek
                0x0202c3a4                __sread
                0x0202c490                __sclose
                0x0202c3f0                __swrite
 .text          0x0202c4a8      0xedc /usr/local/openravenscar/sparc-ork-elf/lib/libc.a(strtod.o)
                0x0202c4a8                _strtod_r
                0x0202d368                strtodf
                0x0202d348                strtod
 .text          0x0202d384      0x1d8 /usr/local/openravenscar/sparc-ork-elf/lib/libc.a(strtoul.o)
                0x0202d538                strtoul
                0x0202d384                _strtoul_r
 .text          0x0202d55c      0x228 /usr/local/openravenscar/sparc-ork-elf/lib/libc.a(ungetc.o)
                0x0202d60c                ungetc
                0x0202d55c                __submore
 .text          0x0202d784       0x3c /usr/local/openravenscar/sparc-ork-elf/lib/libc.a(writer.o)
                0x0202d784                _write_r
 .text          0x0202d7c0       0xa8 /usr/local/openravenscar/sparc-ork-elf/lib/libc.a(callocr.o)
                0x0202d7c0                _calloc_r
 .text          0x0202d868       0x34 /usr/local/openravenscar/sparc-ork-elf/lib/libc.a(closer.o)
                0x0202d868                _close_r
 .text          0x0202d89c       0x38 /usr/local/openravenscar/sparc-ork-elf/lib/libc.a(fstatr.o)
                0x0202d89c                _fstat_r
 .text          0x0202d8d4       0x3c /usr/local/openravenscar/sparc-ork-elf/lib/libc.a(lseekr.o)
                0x0202d8d4                _lseek_r
 .text          0x0202d910       0x3c /usr/local/openravenscar/sparc-ork-elf/lib/libc.a(readr.o)
                0x0202d910                _read_r
 .text          0x0202d94c      0x134 /usr/local/openravenscar/sparc-ork-elf/lib/libork.a(ada_exceptions.o)
                0x0202d94c                Instruction_Access_Exception
                0x0202da28                Division_By_Zero
                0x0202d9fc                Stack_Overflow
                0x0202d978                Illegal_Instruction
                0x0202da54                Integer_Overflow
                0x0202d9d0                FP_Exception
                0x0202d9a4                Address_Not_Aligned
 .text          0x0202da80       0x1c /usr/local/openravenscar/sparc-ork-elf/lib/libork.a(close.o)
                0x0202da80                close
 .text          0x0202da9c       0x30 /usr/local/openravenscar/sparc-ork-elf/lib/libork.a(execv.o)
                0x0202da9c                execv
 .text          0x0202dacc       0x28 /usr/local/openravenscar/sparc-ork-elf/lib/libork.a(fork.o)
                0x0202dacc                fork
 .text          0x0202daf4       0x30 /usr/local/openravenscar/sparc-ork-elf/lib/libork.a(fstat.o)
                0x0202daf4                fstat
 .text          0x0202db24       0x30 /usr/local/openravenscar/sparc-ork-elf/lib/libork.a(getcwd.o)
                0x0202db24                getcwd
 .text          0x0202db54       0x30 /usr/local/openravenscar/sparc-ork-elf/lib/libork.a(getpid.o)
                0x0202db54                getpid
                0x0202db6c                getppid
 .text          0x0202db84       0x84 /usr/local/openravenscar/sparc-ork-elf/lib/libork.a(isatty.o)
                0x0202db84                isatty
 .text          0x0202dc08       0x3c /usr/local/openravenscar/sparc-ork-elf/lib/libork.a(kill.o)
                0x0202dc08                kill
 .text          0x0202dc44       0x30 /usr/local/openravenscar/sparc-ork-elf/lib/libork.a(link.o)
                0x0202dc44                link
 .text          0x0202dc74       0x34 /usr/local/openravenscar/sparc-ork-elf/lib/libork.a(lseek.o)
                0x0202dc74                lseek
 .text          0x0202dca8       0x34 /usr/local/openravenscar/sparc-ork-elf/lib/libork.a(open.o)
                0x0202dca8                open
 .text          0x0202dcdc      0x148 /usr/local/openravenscar/sparc-ork-elf/lib/libork.a(read.o)
                0x0202dcdc                read
 .text          0x0202de24       0x34 /usr/local/openravenscar/sparc-ork-elf/lib/libork.a(readdir.o)
                0x0202de24                readdir
 .text          0x0202de58       0x20 /usr/local/openravenscar/sparc-ork-elf/lib/libork.a(mkdir.o)
                0x0202de58                mkdir
 .text          0x0202de78       0xb0 /usr/local/openravenscar/sparc-ork-elf/lib/libork.a(sbrk.o)
                0x0202de78                sbrk
 .text          0x0202df28       0x30 /usr/local/openravenscar/sparc-ork-elf/lib/libork.a(stat.o)
                0x0202df28                stat
 .text          0x0202df58       0x2c /usr/local/openravenscar/sparc-ork-elf/lib/libork.a(unlink.o)
                0x0202df58                unlink
 .text          0x0202df84       0x2c /usr/local/openravenscar/sparc-ork-elf/lib/libork.a(wait.o)
                0x0202df84                wait
 .text          0x0202dfb0       0xec /usr/local/openravenscar/sparc-ork-elf/lib/libork.a(write.o)
                0x0202dfb0                write
 *fill*         0x0202e09c        0x4
                0x0202e0a0                .=ALIGN(0x10)
 *(.eh_frame)
 .eh_frame      0x0202e0a0      0x11c /usr/local/openravenscar/lib/gcc-lib/sparc-ork-elf/2.8.1/adalib/libgnat.a(a-init.o)
 .eh_frame      0x0202e1bc       0x24 /usr/local/openravenscar/lib/gcc-lib/sparc-ork-elf/2.8.1/libgcc.a(__dummy.o)
 .eh_frame      0x0202e1e0       0x24 /usr/local/openravenscar/lib/gcc-lib/sparc-ork-elf/2.8.1/libgcc.a(_ashldi3.o)
 .eh_frame      0x0202e204       0x24 /usr/local/openravenscar/lib/gcc-lib/sparc-ork-elf/2.8.1/libgcc.a(_cmpdi2.o)
 .eh_frame      0x0202e228       0x2c /usr/local/openravenscar/lib/gcc-lib/sparc-ork-elf/2.8.1/libgcc.a(_divdi3.o)
 .eh_frame      0x0202e254       0x2c /usr/local/openravenscar/lib/gcc-lib/sparc-ork-elf/2.8.1/libgcc.a(_fixsfdi.o)
 .eh_frame      0x0202e280       0x2c /usr/local/openravenscar/lib/gcc-lib/sparc-ork-elf/2.8.1/libgcc.a(_fixunsdfdi.o)
 .eh_frame      0x0202e2ac       0x2c /usr/local/openravenscar/lib/gcc-lib/sparc-ork-elf/2.8.1/libgcc.a(_fixunssfdi.o)
 .eh_frame      0x0202e2d8       0x28 /usr/local/openravenscar/lib/gcc-lib/sparc-ork-elf/2.8.1/libgcc.a(_floatdidf.o)
 .eh_frame      0x0202e300       0x28 /usr/local/openravenscar/lib/gcc-lib/sparc-ork-elf/2.8.1/libgcc.a(_floatdisf.o)
 .eh_frame      0x0202e328       0x24 /usr/local/openravenscar/lib/gcc-lib/sparc-ork-elf/2.8.1/libgcc.a(_lshrdi3.o)
 .eh_frame      0x0202e34c       0x2c /usr/local/openravenscar/lib/gcc-lib/sparc-ork-elf/2.8.1/libgcc.a(_muldi3.o)
 .eh_frame      0x0202e378       0x2c /usr/local/openravenscar/lib/gcc-lib/sparc-ork-elf/2.8.1/libgcc.a(_udivdi3.o)
 .eh_frame      0x0202e3a4       0x2c /usr/local/openravenscar/lib/gcc-lib/sparc-ork-elf/2.8.1/libgcc.a(_umoddi3.o)
 .eh_frame      0x0202e3d0      0x11c /usr/local/openravenscar/lib/gcc-lib/sparc-ork-elf/2.8.1/libgcc.a(frame.o)
 *fill*         0x0202e4ec        0x4
                0x0202e4f0                .=ALIGN(0x10)
 *(.rodata)
 .rodata        0x0202e4f0      0x23c ./devices.o
 *fill*         0x0202e72c        0x4
 .rodata        0x0202e730       0x4c ./workload.o
 *fill*         0x0202e77c        0x4
 .rodata        0x0202e780       0x52 ./tools.o
 *fill*         0x0202e7d2        0x6
 .rodata        0x0202e7d8      0x1df ./coche.o
 *fill*         0x0202e9b7        0x1
 .rodata        0x0202e9b8       0x32 ./add.o
 *fill*         0x0202e9ea        0x2
 .rodata        0x0202e9ec        0x8 /usr/local/openravenscar/lib/gcc-lib/sparc-ork-elf/2.8.1/adalib/libgnarl.a(a-reatim.o)
 .rodata        0x0202e9f4        0x8 /usr/local/openravenscar/lib/gcc-lib/sparc-ork-elf/2.8.1/adalib/libgnarl.a(a-retide.o)
 *fill*         0x0202e9fc        0x4
 .rodata        0x0202ea00       0x24 /usr/local/openravenscar/lib/gcc-lib/sparc-ork-elf/2.8.1/adalib/libgnarl.a(s-taprob.o)
 *fill*         0x0202ea24        0x4
 .rodata        0x0202ea28       0xd0 /usr/local/openravenscar/lib/gcc-lib/sparc-ork-elf/2.8.1/adalib/libgnarl.a(s-taprop.o)
 .rodata        0x0202eaf8       0x50 /usr/local/openravenscar/lib/gcc-lib/sparc-ork-elf/2.8.1/adalib/libgnarl.a(s-tarest.o)
 .rodata        0x0202eb48      0x14a /usr/local/openravenscar/lib/gcc-lib/sparc-ork-elf/2.8.1/adalib/libgnarl.a(s-tasdeb.o)
 *fill*         0x0202ec92        0x2
 .rodata        0x0202ec94      0x300 /usr/local/openravenscar/lib/gcc-lib/sparc-ork-elf/2.8.1/adalib/libgnarl.a(s-taskin.o)
 .rodata        0x0202ef94        0x8 /usr/local/openravenscar/lib/gcc-lib/sparc-ork-elf/2.8.1/adalib/libgnarl.a(kernel-interrupts.o)
 .rodata        0x0202ef9c        0x4 /usr/local/openravenscar/lib/gcc-lib/sparc-ork-elf/2.8.1/adalib/libgnarl.a(kernel-threads-queues.o)
 .rodata        0x0202efa0       0x7c /usr/local/openravenscar/lib/gcc-lib/sparc-ork-elf/2.8.1/adalib/libgnarl.a(kernel-peripherals.o)
 *fill*         0x0202f01c        0x4
 .rodata        0x0202f020      0x184 /usr/local/openravenscar/lib/gcc-lib/sparc-ork-elf/2.8.1/adalib/libgnat.a(a-except.o)
 *fill*         0x0202f1a4        0x4
 .rodata        0x0202f1a8        0xd /usr/local/openravenscar/lib/gcc-lib/sparc-ork-elf/2.8.1/adalib/libgnat.a(a-finali.o)
 *fill*         0x0202f1b5        0x3
 .rodata        0x0202f1b8      0x82c /usr/local/openravenscar/lib/gcc-lib/sparc-ork-elf/2.8.1/adalib/libgnat.a(a-nuelfu.o)
 *fill*         0x0202f9e4        0x4
 .rodata        0x0202f9e8       0x42 /usr/local/openravenscar/lib/gcc-lib/sparc-ork-elf/2.8.1/adalib/libgnat.a(a-tags.o)
 *fill*         0x0202fa2a        0x6
 .rodata        0x0202fa30        0xd /usr/local/openravenscar/lib/gcc-lib/sparc-ork-elf/2.8.1/adalib/libgnat.a(g-except.o)
 *fill*         0x0202fa3d        0x3
 .rodata        0x0202fa40       0xab /usr/local/openravenscar/lib/gcc-lib/sparc-ork-elf/2.8.1/adalib/libgnat.a(i-c.o)
 *fill*         0x0202faeb        0x5